MPLINK 4.37, Linker
Linker Map File - Created Wed Dec 01 21:06:53 2010

                                 Section Info
                  Section       Type    Address   Location Size(Bytes)
                ---------  ---------  ---------  ---------  ---------
               _entry_scn       code   0x000000    program   0x000006
      .romdata_MRF24J40.o    romdata   0x000006    program   0x000002
               highVector       code   0x000008    program   0x000006
          .code_adcbusy.o       code   0x00000e    program   0x00000a
               lowhVector       code   0x000018    program   0x000006
          .code_adcconv.o       code   0x00001e    program   0x000004
       .code__user_putc.o       code   0x000022    program   0x000002
           .code___init.o       code   0x000024    program   0x000002
.idata_user_interrupts.o_i    romdata   0x000026    program   0x000002
        .idata_stdout.o_i    romdata   0x000028    program   0x000002
        .idata_my_lcd.o_i    romdata   0x00002a    program   0x000002
          .idata_main.o_i    romdata   0x00002c    program   0x000002
              securityKey    romdata   0x00002e    program   0x000010
                   .cinit    romdata   0x00003e    program   0x000056
         .code_MRF24J40.o       code   0x000094    program   0x001342
              .code_P2P.o       code   0x0013d6    program   0x000d94
            .code_menus.o       code   0x00216a    program   0x000b46
         .code_vfprintf.o       code   0x002cb0    program   0x000816
           .code_my_i2c.o       code   0x0034c6    program   0x000768
           .code_my_lcd.o       code   0x003c2e    program   0x000638
         .code_messages.o       code   0x004266    program   0x0005b0
             .code_main.o       code   0x004816    program   0x000388
  .code_user_interrupts.o       code   0x004b9e    program   0x0002de
                     PROG       code   0x004e7c    program   0x0001a2
        .code_TimeDelay.o       code   0x00501e    program   0x00017c
       .code_interrupts.o       code   0x00519a    program   0x00016e
        .romdata_my_lcd.o    romdata   0x005308    program   0x000138
                   STRING       code   0x005440    program   0x0000fe
         .code_my_touch.o       code   0x00553e    program   0x0000d8
             .stringtable    romdata   0x005616    program   0x0000b7
        .idata_t0open.o_i    romdata   0x0056cd    program   0x000000
      .romdata_spi1open.o    romdata   0x0056cd    program   0x000000
    .idata__user_putc.o_i    romdata   0x0056cd    program   0x000000
    .romdata__user_putc.o    romdata   0x0056cd    program   0x000000
      .idata_spi1open.o_i    romdata   0x0056cd    program   0x000000
       .romdata_adcopen.o    romdata   0x0056cd    program   0x000000
       .idata_adcopen.o_i    romdata   0x0056cd    program   0x000000
       .romdata_adcconv.o    romdata   0x0056cd    program   0x000000
       .idata_adcconv.o_i    romdata   0x0056cd    program   0x000000
          .romdata_main.o    romdata   0x0056cd    program   0x000000
       .romdata_adcbusy.o    romdata   0x0056cd    program   0x000000
       .idata_adcbusy.o_i    romdata   0x0056cd    program   0x000000
       .romdata_c018i_e.o    romdata   0x0056cd    program   0x000000
         .romdata_menus.o    romdata   0x0056cd    program   0x000000
      .romdata_my_touch.o    romdata   0x0056cd    program   0x000000
      .idata_my_touch.o_i    romdata   0x0056cd    program   0x000000
.romdata_user_interrupts.o    romdata   0x0056cd    program   0x000000
       .idata_c018i_e.o_i    romdata   0x0056cd    program   0x000000
          .idata_putc.o_i    romdata   0x0056cd    program   0x000000
      .idata_vfprintf.o_i    romdata   0x0056cd    program   0x000000
        .romdata_stdout.o    romdata   0x0056cd    program   0x000000
        .romdata_printf.o    romdata   0x0056cd    program   0x000000
        .idata_printf.o_i    romdata   0x0056cd    program   0x000000
        .romdata___init.o    romdata   0x0056cd    program   0x000000
        .idata___init.o_i    romdata   0x0056cd    program   0x000000
       .romdata_t1write.o    romdata   0x0056cd    program   0x000000
       .idata_t1write.o_i    romdata   0x0056cd    program   0x000000
       .romdata_t0write.o    romdata   0x0056cd    program   0x000000
       .idata_t0write.o_i    romdata   0x0056cd    program   0x000000
      .romdata_spi1writ.o    romdata   0x0056cd    program   0x000000
      .idata_spi1writ.o_i    romdata   0x0056cd    program   0x000000
      .romdata_adcsetch.o    romdata   0x0056cd    program   0x000000
      .idata_adcsetch.o_i    romdata   0x0056cd    program   0x000000
        .romdata_t1read.o    romdata   0x0056cd    program   0x000000
        .idata_t1read.o_i    romdata   0x0056cd    program   0x000000
      .romdata_spi1read.o    romdata   0x0056cd    program   0x000000
          .romdata_putc.o    romdata   0x0056cd    program   0x000000
      .idata_spi1read.o_i    romdata   0x0056cd    program   0x000000
       .romdata_adcread.o    romdata   0x0056cd    program   0x000000
       .idata_adcread.o_i    romdata   0x0056cd    program   0x000000
        .romdata_t0open.o    romdata   0x0056cd    program   0x000000
        .idata_my_i2c.o_i    romdata   0x0056cd    program   0x000000
      .romdata_messages.o    romdata   0x0056cd    program   0x000000
      .idata_messages.o_i    romdata   0x0056cd    program   0x000000
    .romdata_interrupts.o    romdata   0x0056cd    program   0x000000
    .idata_interrupts.o_i    romdata   0x0056cd    program   0x000000
           .romdata_P2P.o    romdata   0x0056cd    program   0x000000
          .romdata_MiWi.o    romdata   0x0056cd    program   0x000000
          .idata_MiWi.o_i    romdata   0x0056cd    program   0x000000
           .romdata_NVM.o    romdata   0x0056cd    program   0x000000
           .idata_NVM.o_i    romdata   0x0056cd    program   0x000000
    .romdata_SymbolTime.o    romdata   0x0056cd    program   0x000000
    .idata_SymbolTime.o_i    romdata   0x0056cd    program   0x000000
      .romdata_security.o    romdata   0x0056cd    program   0x000000
      .idata_security.o_i    romdata   0x0056cd    program   0x000000
           .romdata_crc.o    romdata   0x0056cd    program   0x000000
           .idata_crc.o_i    romdata   0x0056cd    program   0x000000
.idata_HardwareProfile.o_i    romdata   0x0056cd    program   0x000000
.romdata_HardwareProfile.o    romdata   0x0056cd    program   0x000000
          .idata_MSPI.o_i    romdata   0x0056cd    program   0x000000
     .romdata_TimeDelay.o    romdata   0x0056cd    program   0x000000
     .idata_TimeDelay.o_i    romdata   0x0056cd    program   0x000000
          .romdata_MSPI.o    romdata   0x0056cd    program   0x000000
        .romdata_my_i2c.o    romdata   0x0056cd    program   0x000000
        .idata_my_spi.o_i    romdata   0x0056cd    program   0x000000
 .romdata_timer0_thread.o    romdata   0x0056cd    program   0x000000
 .idata_timer0_thread.o_i    romdata   0x0056cd    program   0x000000
        .romdata_my_spi.o    romdata   0x0056cd    program   0x000000
   .romdata_uart_thread.o    romdata   0x0056cd    program   0x000000
   .idata_uart_thread.o_i    romdata   0x0056cd    program   0x000000
 .idata_timer1_thread.o_i    romdata   0x0056cd    program   0x000000
 .romdata_timer1_thread.o    romdata   0x0056cd    program   0x000000
       .romdata_my_uart.o    romdata   0x0056cd    program   0x000000
       .idata_my_uart.o_i    romdata   0x0056cd    program   0x000000
         .code_security.o       code   0x0056ce    program   0x000000
              .code_crc.o       code   0x0056ce    program   0x000000
              .code_NVM.o       code   0x0056ce    program   0x000000
               _cinit_scn       code   0x0056ce    program   0x00009e
          .code_c018i_e.o       code   0x0056ce    program   0x000000
           .code_stdout.o       code   0x0056ce    program   0x000000
             .code_MiWi.o       code   0x0056ce    program   0x000000
          .code_adcopen.o       code   0x00576c    program   0x00008a
       .code_SymbolTime.o       code   0x0057f6    program   0x000082
             .code_putc.o       code   0x005878    program   0x000066
           .code_printf.o       code   0x0058de    program   0x000064
  .code_HardwareProfile.o       code   0x005942    program   0x000058
         .code_spi1open.o       code   0x00599a    program   0x000048
         .code_spi1writ.o       code   0x0059e2    program   0x00003a
      .code_uart_thread.o       code   0x005a1c    program   0x000036
           .code_t0open.o       code   0x005a52    program   0x000036
             .code_MSPI.o       code   0x005a88    program   0x000034
    .code_timer1_thread.o       code   0x005abc    program   0x000030
          .code_t1write.o       code   0x005aec    program   0x000030
           .code_t1read.o       code   0x005b1c    program   0x000030
          .code_t0write.o       code   0x005b4c    program   0x000030
         .code_adcsetch.o       code   0x005b7c    program   0x000030
         .code_spi1read.o       code   0x005bac    program   0x00002e
          .code_my_uart.o       code   0x005bda    program   0x00002e
                    CTYPE       code   0x005c08    program   0x000024
              D1KTCYXCODE       code   0x005c2c    program   0x000020
                    .code       code   0x005c4c    program   0x000020
                    STDIO       code   0x005c6c    program   0x00001c
    .code_timer0_thread.o       code   0x005c88    program   0x00001c
             _startup_scn       code   0x005ca4    program   0x00001a
           .code_my_spi.o       code   0x005cbe    program   0x000018
          .code_adcread.o       code   0x005cd6    program   0x000018
              D10TCYXCODE       code   0x005cee    program   0x000016
      .romdata_vfprintf.o    romdata   0x005d04    program   0x000011
         .idata_menus.o_i    romdata   0x005d15    program   0x000085
           .idata_P2P.o_i    romdata   0x005d9a    program   0x00000b
      .idata_MRF24J40.o_i    romdata   0x005da5    program   0x000002
             .udata_P2P.o      udata   0x000000       data   0x000046
          .udata_my_i2c.o      udata   0x000046       data   0x000002
      .udata_SymbolTime.o      udata   0x000048       data   0x000002
 .idata_user_interrupts.o      idata   0x00004a       data   0x000002
          .idata_stdout.o      idata   0x00004c       data   0x000002
          .idata_my_lcd.o      idata   0x00004e       data   0x000002
            .idata_main.o      idata   0x000050       data   0x000002
        .idata_MRF24J40.o      idata   0x000052       data   0x000002
         .idata_t0write.o      idata   0x000054       data   0x000000
         .udata_t1write.o      udata   0x000054       data   0x000000
         .idata_t1write.o      idata   0x000054       data   0x000000
          .udata___init.o      udata   0x000054       data   0x000000
          .idata___init.o      idata   0x000054       data   0x000000
        .idata_my_touch.o      idata   0x000054       data   0x000000
        .udata_my_touch.o      udata   0x000054       data   0x000000
          .udata_printf.o      udata   0x000054       data   0x000000
     .idata_uart_thread.o      idata   0x000054       data   0x000000
     .udata_uart_thread.o      udata   0x000054       data   0x000000
   .idata_timer1_thread.o      idata   0x000054       data   0x000000
   .udata_timer1_thread.o      udata   0x000054       data   0x000000
   .idata_timer0_thread.o      idata   0x000054       data   0x000000
   .udata_timer0_thread.o      udata   0x000054       data   0x000000
         .idata_my_uart.o      idata   0x000054       data   0x000000
          .udata_t1read.o      udata   0x000054       data   0x000000
        .idata_spi1read.o      idata   0x000054       data   0x000000
        .udata_spi1read.o      udata   0x000054       data   0x000000
         .idata_adcread.o      idata   0x000054       data   0x000000
         .udata_adcread.o      udata   0x000054       data   0x000000
          .idata_t0open.o      idata   0x000054       data   0x000000
          .udata_t0open.o      udata   0x000054       data   0x000000
        .idata_spi1open.o      idata   0x000054       data   0x000000
        .udata_spi1open.o      udata   0x000054       data   0x000000
         .idata_adcopen.o      idata   0x000054       data   0x000000
         .udata_adcopen.o      udata   0x000054       data   0x000000
         .idata_adcconv.o      idata   0x000054       data   0x000000
         .udata_adcconv.o      udata   0x000054       data   0x000000
         .idata_adcbusy.o      idata   0x000054       data   0x000000
         .udata_adcbusy.o      udata   0x000054       data   0x000000
          .idata_t1read.o      idata   0x000054       data   0x000000
        .udata_adcsetch.o      udata   0x000054       data   0x000000
        .idata_adcsetch.o      idata   0x000054       data   0x000000
        .udata_spi1writ.o      udata   0x000054       data   0x000000
        .idata_spi1writ.o      idata   0x000054       data   0x000000
         .udata_t0write.o      udata   0x000054       data   0x000000
            .udata_MiWi.o      udata   0x000054       data   0x000000
             .idata_NVM.o      idata   0x000054       data   0x000000
             .udata_NVM.o      udata   0x000054       data   0x000000
      .idata_SymbolTime.o      idata   0x000054       data   0x000000
        .idata_security.o      idata   0x000054       data   0x000000
        .udata_security.o      udata   0x000054       data   0x000000
             .idata_crc.o      idata   0x000054       data   0x000000
             .udata_crc.o      udata   0x000054       data   0x000000
            .udata_putc.o      udata   0x000054       data   0x000000
            .idata_putc.o      idata   0x000054       data   0x000000
       .idata_TimeDelay.o      idata   0x000054       data   0x000000
       .udata_TimeDelay.o      udata   0x000054       data   0x000000
            .idata_MSPI.o      idata   0x000054       data   0x000000
            .udata_MSPI.o      udata   0x000054       data   0x000000
 .idata_HardwareProfile.o      idata   0x000054       data   0x000000
      .udata__user_putc.o      udata   0x000054       data   0x000000
            .udata_main.o      udata   0x000054       data   0x000000
         .idata_c018i_e.o      idata   0x000054       data   0x000000
      .idata__user_putc.o      idata   0x000054       data   0x000000
          .idata_printf.o      idata   0x000054       data   0x000000
          .idata_my_spi.o      idata   0x000054       data   0x000000
          .udata_my_spi.o      udata   0x000054       data   0x000000
          .udata_my_lcd.o      udata   0x000054       data   0x000000
          .idata_my_i2c.o      idata   0x000054       data   0x000000
          .udata_stdout.o      udata   0x000054       data   0x000000
        .udata_vfprintf.o      udata   0x000054       data   0x000000
        .idata_messages.o      idata   0x000054       data   0x000000
        .udata_messages.o      udata   0x000054       data   0x000000
      .idata_interrupts.o      idata   0x000054       data   0x000000
      .udata_interrupts.o      udata   0x000054       data   0x000000
        .idata_vfprintf.o      idata   0x000054       data   0x000000
            .idata_MiWi.o      idata   0x000054       data   0x000000
                msgqueue5      udata   0x000060       data   0x000037
                msgqueue4      udata   0x000097       data   0x000036
        .udata_MRF24J40.o      udata   0x0000cd       data   0x000022
         .udata_c018i_e.o      udata   0x0000ef       data   0x00000a
           .udata_menus.o      udata   0x0000f9       data   0x000006
                DELAYDAT1      udata   0x0000ff       data   0x000001
               TRX_BUFFER      udata   0x000100       data   0x000028
            BIGvariables1      udata   0x000300       data   0x000064
           .idata_menus.o      idata   0x000364       data   0x000085
                 .tmpdata      udata   0x0003e9       data   0x000008
 .udata_HardwareProfile.o      udata   0x0003f1       data   0x000005
                MATH_DATA      udata   0x0003f6       data   0x000004
              HighISR_tmp      udata   0x0003fa       data   0x000004
         .udata_my_uart.o      udata   0x0003fe       data   0x000002
              MAC_RX_BUFF      udata   0x000400       data   0x00004a
                   .stack      udata   0x000d00       data   0x000100
                msgqueue3      udata   0x000e00       data   0x000036
                msgqueue2      udata   0x000e36       data   0x000036
                msgqueue1      udata   0x000e6c       data   0x000036
             .idata_P2P.o      idata   0x000ea2       data   0x00000b
 .udata_user_interrupts.o      udata   0x000ead       data   0x000003
              SFR_BANKED0      udata   0x000eb8       data   0x000005
              SFR_BANKED1      udata   0x000ebf       data   0x000014
              SFR_BANKED2      udata   0x000ee1       data   0x000004
              SFR_BANKED3      udata   0x000ee6       data   0x000005
              SFR_BANKED4      udata   0x000ef2       data   0x000003
              SFR_BANKED5      udata   0x000ef7       data   0x000002
              SFR_BANKED6      udata   0x000efc       data   0x000004
              SFR_BANKED7      udata   0x000f00       data   0x000026
              SFR_BANKED8      udata   0x000f3a       data   0x000009
              SFR_BANKED9      udata   0x000f44       data   0x000010
            SFR_UNBANKED0      udata   0x000f66       data   0x00009a



                              Program Memory Usage 
                               Start         End      
                           ---------   ---------      
                            0x000000    0x0056cc      
                            0x0056ce    0x005da6      
            23974 out of 131074 program addresses used, program memory utilization is 18%



                              Symbols - Sorted by Name
                     Name    Address   Location    Storage File                     
                ---------  ---------  ---------  --------- ---------                
            AddConnection   0x001dea    program     extern C:\Framework\Microchip\WirelessProtocols\P2P\P2P.c
                BoardInit   0x005942    program     extern C:\Framework\PIC_LCD_DEMO_INTEGRATION\Milestone4Riley\HardwareProfile.c
                  BusyADC   0x00000e    program     extern C:\MCC18\src\pmc_common\ADC\adcbusy.c
               ConvertADC   0x00001e    program     extern C:\MCC18\src\pmc_common\ADC\adcconv.c
                    D10_1   0x005cfe    program     static C:\MCC18\src\extended\delays\d10tcyx.asm
                     D10x   0x005cf6    program     static C:\MCC18\src\extended\delays\d10tcyx.asm
                    D1K_1   0x005c3a    program     static C:\MCC18\src\extended\delays\d1ktcyx.asm
                     D1Kx   0x005c38    program     static C:\MCC18\src\extended\delays\d1ktcyx.asm
              Delay10TCYx   0x005cee    program     extern C:\MCC18\src\extended\delays\d10tcyx.asm
                Delay10us   0x00501e    program     extern C:\Framework\Microchip\Common\TimeDelay.c
              Delay1KTCYx   0x005c2c    program     extern C:\MCC18\src\extended\delays\d1ktcyx.asm
                  DelayMs   0x0050de    program     extern C:\Framework\Microchip\Common\TimeDelay.c
           DumpConnection   0x001d3e    program     extern C:\Framework\Microchip\WirelessProtocols\P2P\P2P.c
        FONT6x8_capLetter   0x005308    program     extern C:\Framework\PIC_LCD_DEMO_INTEGRATION\Milestone4Riley\my_fonts.h
           FONT6x8_letter   0x0053a4    program     extern C:\Framework\PIC_LCD_DEMO_INTEGRATION\Milestone4Riley\my_fonts.h
     FromMainHigh_recvmsg   0x004636    program     extern C:\Framework\PIC_LCD_DEMO_INTEGRATION\Milestone4Riley\messages.c
     FromMainHigh_sendmsg   0x004606    program     extern C:\Framework\PIC_LCD_DEMO_INTEGRATION\Milestone4Riley\messages.c
      FromMainLow_recvmsg   0x0045d2    program     extern C:\Framework\PIC_LCD_DEMO_INTEGRATION\Milestone4Riley\messages.c
      FromMainLow_sendmsg   0x0045a2    program     extern C:\Framework\PIC_LCD_DEMO_INTEGRATION\Milestone4Riley\messages.c
                  HighISR   0x000e58    program     extern C:\Framework\Microchip\Transceivers\MRF24J40\MRF24J40.c
               HighVector   0x000008    program     extern C:\Framework\Microchip\Transceivers\MRF24J40\MRF24J40.c
             InitMRF24J40   0x000228    program     extern C:\Framework\Microchip\Transceivers\MRF24J40\MRF24J40.c
          InitSymbolTimer   0x0057f6    program     extern C:\Framework\Microchip\WirelessProtocols\SymbolTime.c
     InterruptHandlerHigh   0x005258    program     extern C:\Framework\PIC_LCD_DEMO_INTEGRATION\Milestone4Riley\interrupts.c
               LCDDisplay   0x005986    program     extern C:\Framework\PIC_LCD_DEMO_INTEGRATION\Milestone4Riley\HardwareProfile.c
              LCDTRXCount   0x005974    program     extern C:\Framework\PIC_LCD_DEMO_INTEGRATION\Milestone4Riley\HardwareProfile.c
                LowVector   0x000018    program     extern C:\Framework\Microchip\Transceivers\MRF24J40\MRF24J40.c
          MWQueue_recvmsg   0x00469a    program     extern C:\Framework\PIC_LCD_DEMO_INTEGRATION\Milestone4Riley\messages.c
          MWQueue_sendmsg   0x00466a    program     extern C:\Framework\PIC_LCD_DEMO_INTEGRATION\Milestone4Riley\messages.c
                 MacroNop   0x0013d6    program     extern C:\Framework\Microchip\WirelessProtocols\P2P\P2P.c
    MiApp_BroadcastPacket   0x0019ee    program     extern C:\Framework\Microchip\WirelessProtocols\P2P\P2P.c
     MiApp_ConnectionMode   0x002134    program     extern C:\Framework\Microchip\WirelessProtocols\P2P\P2P.c
     MiApp_DiscardMessage   0x001cf4    program     extern C:\Framework\Microchip\WirelessProtocols\P2P\P2P.c
MiApp_EstablishConnection   0x001b38    program     extern C:\Framework\Microchip\WirelessProtocols\P2P\P2P.c
   MiApp_MessageAvailable   0x001d2c    program     extern C:\Framework\Microchip\WirelessProtocols\P2P\P2P.c
       MiApp_ProtocolInit   0x001834    program     extern C:\Framework\Microchip\WirelessProtocols\P2P\P2P.c
   MiApp_RemoveConnection   0x001fc0    program     extern C:\Framework\Microchip\WirelessProtocols\P2P\P2P.c
         MiApp_SetChannel   0x001cfe    program     extern C:\Framework\Microchip\WirelessProtocols\P2P\P2P.c
    MiApp_StartConnection   0x001b04    program     extern C:\Framework\Microchip\WirelessProtocols\P2P\P2P.c
     MiApp_UnicastAddress   0x001a88    program     extern C:\Framework\Microchip\WirelessProtocols\P2P\P2P.c
  MiApp_UnicastConnection   0x001a1e    program     extern C:\Framework\Microchip\WirelessProtocols\P2P\P2P.c
      MiMAC_DiscardPacket   0x000734    program     extern C:\Framework\Microchip\Transceivers\MRF24J40\MRF24J40.c
               MiMAC_Init   0x000e18    program     extern C:\Framework\Microchip\Transceivers\MRF24J40\MRF24J40.c
     MiMAC_ReceivedPacket   0x000400    program     extern C:\Framework\Microchip\Transceivers\MRF24J40\MRF24J40.c
         MiMAC_SendPacket   0x00073a    program     extern C:\Framework\Microchip\Transceivers\MRF24J40\MRF24J40.c
      MiMAC_SetAltAddress   0x000d96    program     extern C:\Framework\Microchip\Transceivers\MRF24J40\MRF24J40.c
         MiMAC_SetChannel   0x000ca4    program     extern C:\Framework\Microchip\Transceivers\MRF24J40\MRF24J40.c
           MiMAC_SetPower   0x000d00    program     extern C:\Framework\Microchip\Transceivers\MRF24J40\MRF24J40.c
                  OpenADC   0x00576c    program     extern C:\MCC18\src\pmc_common\ADC\adcopen.c
                 OpenSPI1   0x00599a    program     extern C:\MCC18\src\pmc_common\SPI\spi1open.c
               OpenTimer0   0x005a52    program     extern C:\MCC18\src\pmc_common\Timers\t0open.c
                 P2PTasks   0x0013da    program     extern C:\Framework\Microchip\WirelessProtocols\P2P\P2P.c
        PHYGetLongRAMAddr   0x00019c    program     extern C:\Framework\Microchip\Transceivers\MRF24J40\MRF24J40.c
       PHYGetShortRAMAddr   0x00015a    program     extern C:\Framework\Microchip\Transceivers\MRF24J40\MRF24J40.c
        PHYSetLongRAMAddr   0x000094    program     extern C:\Framework\Microchip\Transceivers\MRF24J40\MRF24J40.c
       PHYSetShortRAMAddr   0x000118    program     extern C:\Framework\Microchip\Transceivers\MRF24J40\MRF24J40.c
                  RESTORE   0x005010    program     static C:\MCC18\src\extended\math\div32u.asm
                  RESTORE   0x004ebe    program     static C:\MCC18\src\extended\math\div08u.asm
              RETQUOTIENT   0x005000    program     static C:\MCC18\src\extended\math\div32u.asm
                  ReadADC   0x005cd6    program     extern C:\MCC18\src\pmc_common\ADC\adcread.c
                 ReadSPI1   0x005bac    program     extern C:\MCC18\src\pmc_common\SPI\spi1read.c
               ReadTimer1   0x005b1c    program     extern C:\MCC18\src\pmc_common\Timers\t1read.c
                 SETUPSTK   0x004f7a    program     static C:\MCC18\src\extended\math\div32u.asm
                 SETUPSTK   0x004e7c    program     static C:\MCC18\src\extended\math\div08u.asm
                   SPIGet   0x005ab0    program     extern C:\Framework\Microchip\Common\MSPI.c
                   SPIPut   0x005a88    program     extern C:\Framework\Microchip\Common\MSPI.c
               SendPacket   0x00191e    program     extern C:\Framework\Microchip\WirelessProtocols\P2P\P2P.c
               SetChanADC   0x005b7c    program     extern C:\MCC18\src\pmc_common\ADC\adcsetch.c
              SleepIfOkay   0x004764    program     extern C:\Framework\PIC_LCD_DEMO_INTEGRATION\Milestone4Riley\messages.c
                  TickGet   0x00580c    program     extern C:\Framework\Microchip\WirelessProtocols\SymbolTime.c
       ToMainHigh_recvmsg   0x00456e    program     extern C:\Framework\PIC_LCD_DEMO_INTEGRATION\Milestone4Riley\messages.c
       ToMainHigh_sendmsg   0x00453e    program     extern C:\Framework\PIC_LCD_DEMO_INTEGRATION\Milestone4Riley\messages.c
        ToMainLow_recvmsg   0x00450a    program     extern C:\Framework\PIC_LCD_DEMO_INTEGRATION\Milestone4Riley\messages.c
        ToMainLow_sendmsg   0x0044da    program     extern C:\Framework\PIC_LCD_DEMO_INTEGRATION\Milestone4Riley\messages.c
     UserInterruptHandler   0x005998    program     extern C:\Framework\PIC_LCD_DEMO_INTEGRATION\Milestone4Riley\HardwareProfile.c
                WriteSPI1   0x0059e2    program     extern C:\MCC18\src\pmc_common\SPI\spi1writ.c
              WriteTimer0   0x005b4c    program     extern C:\MCC18\src\pmc_common\Timers\t0write.c
              WriteTimer1   0x005aec    program     extern C:\MCC18\src\pmc_common\Timers\t1write.c
                   _2jEnd   0x005528    program     static C:\MCC18\src\extended\stdclib\slenpgm.asm
              _4jContinue   0x005474    program     static C:\MCC18\src\extended\stdclib\memcpy.asm
                   _5jEnd   0x00547e    program     static C:\MCC18\src\extended\stdclib\memcpy.asm
        _D10TCYXCODE_000A   0x005cf8    program     static C:\MCC18\src\extended\delays\d10tcyx.asm
        _D10TCYXCODE_000C   0x005cfa    program     static C:\MCC18\src\extended\delays\d10tcyx.asm
        _D10TCYXCODE_000E   0x005cfc    program     static C:\MCC18\src\extended\delays\d10tcyx.asm
        _D1KTCYXCODE_0012   0x005c3e    program     static C:\MCC18\src\extended\delays\d1ktcyx.asm
        _D1KTCYXCODE_0018   0x005c44    program     static C:\MCC18\src\extended\delays\d1ktcyx.asm
         ___else_lbl00004   0x0050a2    program     static                          
         ___else_lbl00006   0x00502e    program     static                          
         ___else_lbl00011   0x00515e    program     static                          
           ___if_lbl00003   0x0050d6    program     static                          
           ___if_lbl00005   0x0050d6    program     static                          
           ___if_lbl00010   0x005192    program     static                          
       ___return_lbl00000   0x000004    program     static                          
       ___return_lbl00000   0x0013d8    program     static                          
       ___return_lbl00000   0x0050d6    program     static                          
       ___return_lbl00001   0x005cbc    program     static                          
       ___return_lbl00002   0x00576a    program     static                          
       ___return_lbl00002   0x003d38    program     static                          
       ___return_lbl00007   0x005192    program     static                          
       ___return_lbl00021   0x004714    program     static                          
       ___return_lbl00201   0x00000c    program     static                          
       ___return_lbl00202   0x00001c    program     static                          
        ___while_lbl00001   0x0050a2    program     static                          
        ___while_lbl00002   0x0050d6    program     static                          
        ___while_lbl00008   0x00515e    program     static                          
        ___while_lbl00009   0x005192    program     static                          
                 __div08u   0x004e94    program     extern C:\MCC18\src\extended\math\div08u.asm
                 __div32u   0x004f92    program     extern C:\MCC18\src\extended\math\div32u.asm
                   __init   0x000024    program     extern C:\MCC18\src\extended\stdclib\__init.c
                 __mod08u   0x004e9a    program     extern C:\MCC18\src\extended\math\div08u.asm
                 __mod32u   0x004f98    program     extern C:\MCC18\src\extended\math\div32u.asm
                  __mul32   0x004ed8    program     extern C:\MCC18\src\extended\math\mul32.asm
                   __pa_0   0x003372    program     static C:\MCC18\src\extended\stdclib\vfprintf.c
                   __pa_1   0x003380    program     static C:\MCC18\src\extended\stdclib\vfprintf.c
                  __pa_10   0x00340e    program     static C:\MCC18\src\extended\stdclib\vfprintf.c
                  __pa_11   0x00341e    program     static C:\MCC18\src\extended\stdclib\vfprintf.c
                  __pa_12   0x00342e    program     static C:\MCC18\src\extended\stdclib\vfprintf.c
                  __pa_13   0x00343c    program     static C:\MCC18\src\extended\stdclib\vfprintf.c
                  __pa_14   0x00345a    program     static C:\MCC18\src\extended\stdclib\vfprintf.c
                  __pa_15   0x003464    program     static C:\MCC18\src\extended\stdclib\vfprintf.c
                  __pa_16   0x00346a    program     static C:\MCC18\src\extended\stdclib\vfprintf.c
                  __pa_17   0x00347a    program     static C:\MCC18\src\extended\stdclib\vfprintf.c
                  __pa_18   0x003486    program     static C:\MCC18\src\extended\stdclib\vfprintf.c
                  __pa_19   0x003494    program     static C:\MCC18\src\extended\stdclib\vfprintf.c
                   __pa_2   0x003390    program     static C:\MCC18\src\extended\stdclib\vfprintf.c
                  __pa_20   0x00349e    program     static C:\MCC18\src\extended\stdclib\vfprintf.c
                  __pa_21   0x0034a8    program     static C:\MCC18\src\extended\stdclib\vfprintf.c
                  __pa_22   0x0034b2    program     static C:\MCC18\src\extended\stdclib\vfprintf.c
                  __pa_23   0x0034c0    program     static C:\MCC18\src\extended\stdclib\vfprintf.c
                   __pa_3   0x00339c    program     static C:\MCC18\src\extended\stdclib\vfprintf.c
                   __pa_4   0x0033b0    program     static C:\MCC18\src\extended\stdclib\vfprintf.c
                   __pa_5   0x0033c2    program     static C:\MCC18\src\extended\stdclib\vfprintf.c
                   __pa_6   0x0033d2    program     static C:\MCC18\src\extended\stdclib\vfprintf.c
                   __pa_7   0x0033e4    program     static C:\MCC18\src\extended\stdclib\vfprintf.c
                   __pa_8   0x0033f0    program     static C:\MCC18\src\extended\stdclib\vfprintf.c
                   __pa_9   0x003402    program     static C:\MCC18\src\extended\stdclib\vfprintf.c
               __string_0   0x00569f    program     static C:\Framework\PIC_LCD_DEMO_INTEGRATION\Milestone4Riley\main.c
               __string_1   0x005683    program     static C:\Framework\PIC_LCD_DEMO_INTEGRATION\Milestone4Riley\main.c
               __string_2   0x00567f    program     static C:\Framework\PIC_LCD_DEMO_INTEGRATION\Milestone4Riley\main.c
               __string_3   0x00566f    program     static C:\Framework\PIC_LCD_DEMO_INTEGRATION\Milestone4Riley\main.c
               __string_4   0x005643    program     static C:\Framework\PIC_LCD_DEMO_INTEGRATION\Milestone4Riley\main.c
               __string_5   0x005616    program     static C:\Framework\PIC_LCD_DEMO_INTEGRATION\Milestone4Riley\main.c
            __zero_memory   0x005c4c    program     extern C:\MCC18\src\extended\proc\p18LF27J13.asm
                _do_cinit   0x0056ce    program     extern C:\MCC18\src\extended\startup\c018i_e.c
            _early08uexit   0x004e9e    program     extern C:\MCC18\src\extended\math\div08u.asm
            _early32uexit   0x004f9c    program     extern C:\MCC18\src\extended\math\div32u.asm
                   _entry   0x000000    program     extern C:\MCC18\src\extended\startup\c018i_e.c
                   _false   0x004fe0    program     static C:\MCC18\src\extended\math\div32u.asm
                 _startup   0x005ca4    program     extern C:\MCC18\src\extended\startup\c018i_e.c
              _usart_putc   0x005c6c    program     extern C:\MCC18\src\pmc_common\USART\_usartpc.asm
               _user_putc   0x000022    program     extern C:\MCC18\src\extended\stdclib\_user_putc.c
           ad_int_handler   0x004e2c    program     extern C:\Framework\PIC_LCD_DEMO_INTEGRATION\Milestone4Riley\user_interrupts.c
                      add   0x002c22    program     extern C:\Framework\PIC_LCD_DEMO_INTEGRATION\Milestone4Riley\menus.c
    block_on_To_msgqueues   0x0047c0    program     extern C:\Framework\PIC_LCD_DEMO_INTEGRATION\Milestone4Riley\messages.c
          buildDebugGraph   0x0028d8    program     extern C:\Framework\PIC_LCD_DEMO_INTEGRATION\Milestone4Riley\menus.c
                check_msg   0x004716    program     extern C:\Framework\PIC_LCD_DEMO_INTEGRATION\Milestone4Riley\messages.c
              clearScreen   0x003e58    program     extern C:\Framework\PIC_LCD_DEMO_INTEGRATION\Milestone4Riley\my_lcd.c
                compare_l   0x005c62    program     static C:\MCC18\src\extended\proc\p18LF27J13.asm
                copy_loop   0x005740    program     static                          
            copy_one_byte   0x005746    program     static                          
          displayAccounts   0x0021d2    program     extern C:\Framework\PIC_LCD_DEMO_INTEGRATION\Milestone4Riley\menus.c
             displayDebug   0x0025aa    program     extern C:\Framework\PIC_LCD_DEMO_INTEGRATION\Milestone4Riley\menus.c
        displayInitScreen   0x00216a    program     extern C:\Framework\PIC_LCD_DEMO_INTEGRATION\Milestone4Riley\menus.c
           displayOptions   0x00238c    program     extern C:\Framework\PIC_LCD_DEMO_INTEGRATION\Milestone4Riley\menus.c
                divmod08u   0x004ea0    program     static C:\MCC18\src\extended\math\div08u.asm
                divmod32u   0x004f9e    program     static C:\MCC18\src\extended\math\div32u.asm
                     done   0x00576a    program     static                          
             done_copying   0x005754    program     static                          
                 drawChar   0x004160    program     extern C:\Framework\PIC_LCD_DEMO_INTEGRATION\Milestone4Riley\my_lcd.c
               drawSquare   0x00400a    program     extern C:\Framework\PIC_LCD_DEMO_INTEGRATION\Milestone4Riley\my_lcd.c
               drawString   0x004054    program     extern C:\Framework\PIC_LCD_DEMO_INTEGRATION\Milestone4Riley\my_lcd.c
        enable_interrupts   0x00519a    program     extern C:\Framework\PIC_LCD_DEMO_INTEGRATION\Milestone4Riley\interrupts.c
                  endloop   0x004eb6    program     static C:\MCC18\src\extended\math\div08u.asm
         enter_sleep_mode   0x004710    program     extern C:\Framework\PIC_LCD_DEMO_INTEGRATION\Milestone4Riley\messages.c
                getADData   0x004e70    program     extern C:\Framework\PIC_LCD_DEMO_INTEGRATION\Milestone4Riley\user_interrupts.c
                  getYLoc   0x00553e    program     extern C:\Framework\PIC_LCD_DEMO_INTEGRATION\Milestone4Riley\my_touch.c
                 glcdInit   0x003ce0    program     extern C:\Framework\PIC_LCD_DEMO_INTEGRATION\Milestone4Riley\my_lcd.c
               glcdStrobe   0x003db2    program     extern C:\Framework\PIC_LCD_DEMO_INTEGRATION\Milestone4Riley\my_lcd.c
             handle_start   0x0035ce    program     extern C:\Framework\PIC_LCD_DEMO_INTEGRATION\Milestone4Riley\my_i2c.c
             highlightOpt   0x002666    program     extern C:\Framework\PIC_LCD_DEMO_INTEGRATION\Milestone4Riley\menus.c
     i2c_configure_master   0x0034c6    program     extern C:\Framework\PIC_LCD_DEMO_INTEGRATION\Milestone4Riley\my_i2c.c
      i2c_configure_slave   0x003c04    program     extern C:\Framework\PIC_LCD_DEMO_INTEGRATION\Milestone4Riley\my_i2c.c
          i2c_int_handler   0x00368e    program     extern C:\Framework\PIC_LCD_DEMO_INTEGRATION\Milestone4Riley\my_i2c.c
          i2c_master_recv   0x0034ea    program     extern C:\Framework\PIC_LCD_DEMO_INTEGRATION\Milestone4Riley\my_i2c.c
          i2c_master_send   0x0034d8    program     extern C:\Framework\PIC_LCD_DEMO_INTEGRATION\Milestone4Riley\my_i2c.c
              in_high_int   0x0051a8    program     extern C:\Framework\PIC_LCD_DEMO_INTEGRATION\Milestone4Riley\interrupts.c
               in_low_int   0x0051ec    program     extern C:\Framework\PIC_LCD_DEMO_INTEGRATION\Milestone4Riley\interrupts.c
                  in_main   0x005220    program     extern C:\Framework\PIC_LCD_DEMO_INTEGRATION\Milestone4Riley\interrupts.c
                  initADC   0x004b9e    program     extern C:\Framework\PIC_LCD_DEMO_INTEGRATION\Milestone4Riley\user_interrupts.c
                  initSPI   0x005cbe    program     extern C:\Framework\PIC_LCD_DEMO_INTEGRATION\Milestone4Riley\my_spi.c
            initSPIHeader   0x003c2e    program     extern C:\Framework\PIC_LCD_DEMO_INTEGRATION\Milestone4Riley\my_lcd.c
                 init_i2c   0x003ba0    program     extern C:\Framework\PIC_LCD_DEMO_INTEGRATION\Milestone4Riley\my_i2c.c
               init_queue   0x004266    program     extern C:\Framework\PIC_LCD_DEMO_INTEGRATION\Milestone4Riley\messages.c
              init_queues   0x0046ce    program     extern C:\Framework\PIC_LCD_DEMO_INTEGRATION\Milestone4Riley\messages.c
      init_timer1_lthread   0x005abc    program     extern C:\Framework\PIC_LCD_DEMO_INTEGRATION\Milestone4Riley\timer1_thread.c
           init_uart_recv   0x005bdc    program     extern C:\Framework\PIC_LCD_DEMO_INTEGRATION\Milestone4Riley\my_uart.c
            isSameAddress   0x001ab8    program     extern C:\Framework\Microchip\WirelessProtocols\P2P\P2P.c
                isTouched   0x0055cc    program     extern C:\Framework\PIC_LCD_DEMO_INTEGRATION\Milestone4Riley\my_touch.c
                  isdigit   0x005c08    program     extern C:\MCC18\src\extended\stdclib\isdigit.asm
                     jEnd   0x0054f2    program     static C:\MCC18\src\extended\stdclib\strlen.asm
                     jEnd   0x00552a    program     static C:\MCC18\src\extended\stdclib\slenpgm.asm
                     jEnd   0x005484    program     static C:\MCC18\src\extended\stdclib\memcpy.asm
                    jLoop   0x0054be    program     static C:\MCC18\src\extended\stdclib\strcpy.asm
                    jLoop   0x0054e8    program     static C:\MCC18\src\extended\stdclib\strlen.asm
                    jLoop   0x005512    program     static C:\MCC18\src\extended\stdclib\slenpgm.asm
                    jLoop   0x005468    program     static C:\MCC18\src\extended\stdclib\memcpy.asm
                   jMatch   0x005c28    program     static C:\MCC18\src\extended\stdclib\isdigit.asm
                 jNoMatch   0x005c2a    program     static C:\MCC18\src\extended\stdclib\isdigit.asm
                     loop   0x005c7c    program     static C:\MCC18\src\pmc_common\USART\_usartpc.asm
                     loop   0x004ea8    program     static C:\MCC18\src\extended\math\div08u.asm
                     loop   0x004fac    program     static C:\MCC18\src\extended\math\div32u.asm
                     loop   0x005cb2    program     static                          
                   loop_h   0x005c5a    program     static C:\MCC18\src\extended\proc\p18LF27J13.asm
                   loop_l   0x005c64    program     static C:\MCC18\src\extended\proc\p18LF27J13.asm
           low_int_active   0x0051ca    program     extern C:\Framework\PIC_LCD_DEMO_INTEGRATION\Milestone4Riley\interrupts.c
                     main   0x004816    program     extern C:\Framework\PIC_LCD_DEMO_INTEGRATION\Milestone4Riley\main.c
                   memcpy   0x005440    program     extern C:\MCC18\src\extended\stdclib\memcpy.asm
      myKeySequenceNumber   0x000007    program     extern C:\Framework\Microchip\Transceivers\MRF24J40\MRF24J40.c
            mySecurityKey   0x00002e    program     extern C:\Framework\Microchip\Transceivers\MRF24J40\MRF24J40.c
          mySecurityLevel   0x000006    program     extern C:\Framework\Microchip\Transceivers\MRF24J40\MRF24J40.c
           printSPIHeader   0x003ca2    program     extern C:\Framework\PIC_LCD_DEMO_INTEGRATION\Milestone4Riley\my_lcd.c
                   printf   0x0058de    program     extern C:\MCC18\src\extended\stdclib\printf.c
                     putc   0x005878    program     extern C:\MCC18\src\extended\stdclib\putc.c
                  readADC   0x004ba0    program     extern C:\Framework\PIC_LCD_DEMO_INTEGRATION\Milestone4Riley\user_interrupts.c
                 readADC2   0x004c3e    program     extern C:\Framework\PIC_LCD_DEMO_INTEGRATION\Milestone4Riley\user_interrupts.c
               readADC_CH   0x004be6    program     extern C:\Framework\PIC_LCD_DEMO_INTEGRATION\Milestone4Riley\user_interrupts.c
                  readLCD   0x003f54    program     extern C:\Framework\PIC_LCD_DEMO_INTEGRATION\Milestone4Riley\my_lcd.c
                 recv_msg   0x0043c8    program     extern C:\Framework\PIC_LCD_DEMO_INTEGRATION\Milestone4Riley\messages.c
                 s_digits   0x005d04    program     static C:\MCC18\src\extended\stdclib\vfprintf.c
            s_put_n_chars   0x002cb0    program     static C:\MCC18\src\extended\stdclib\vfprintf.c
             selectOption   0x002678    program     extern C:\Framework\PIC_LCD_DEMO_INTEGRATION\Milestone4Riley\menus.c
                 send_msg   0x0042d4    program     extern C:\Framework\PIC_LCD_DEMO_INTEGRATION\Milestone4Riley\messages.c
              setHeadOpts   0x002c8e    program     extern C:\Framework\PIC_LCD_DEMO_INTEGRATION\Milestone4Riley\menus.c
                   setPos   0x003df8    program     extern C:\Framework\PIC_LCD_DEMO_INTEGRATION\Milestone4Riley\my_lcd.c
             setStartLine   0x003f20    program     extern C:\Framework\PIC_LCD_DEMO_INTEGRATION\Milestone4Riley\my_lcd.c
                 setXAddr   0x003d40    program     extern C:\Framework\PIC_LCD_DEMO_INTEGRATION\Milestone4Riley\my_lcd.c
                 setYAddr   0x003d7e    program     extern C:\Framework\PIC_LCD_DEMO_INTEGRATION\Milestone4Riley\my_lcd.c
                    spird   0x003dea    program     extern C:\Framework\PIC_LCD_DEMO_INTEGRATION\Milestone4Riley\my_lcd.c
    start_i2c_slave_reply   0x0034fc    program     extern C:\Framework\PIC_LCD_DEMO_INTEGRATION\Milestone4Riley\my_i2c.c
                   strcpy   0x005496    program     extern C:\MCC18\src\extended\stdclib\strcpy.asm
                   strlen   0x0054d8    program     extern C:\MCC18\src\extended\stdclib\strlen.asm
                strlenpgm   0x0054f4    program     extern C:\MCC18\src\extended\stdclib\slenpgm.asm
                     test   0x0056e8    program     static                          
       timer0_int_handler   0x004c60    program     extern C:\Framework\PIC_LCD_DEMO_INTEGRATION\Milestone4Riley\user_interrupts.c
           timer0_lthread   0x005c88    program     extern C:\Framework\PIC_LCD_DEMO_INTEGRATION\Milestone4Riley\timer0_thread.c
       timer1_int_handler   0x004dee    program     extern C:\Framework\PIC_LCD_DEMO_INTEGRATION\Milestone4Riley\user_interrupts.c
           timer1_lthread   0x005ada    program     extern C:\Framework\PIC_LCD_DEMO_INTEGRATION\Milestone4Riley\timer1_thread.c
             uart_lthread   0x005a1c    program     extern C:\Framework\PIC_LCD_DEMO_INTEGRATION\Milestone4Riley\uart_thread.c
    uart_recv_int_handler   0x005bda    program     extern C:\Framework\PIC_LCD_DEMO_INTEGRATION\Milestone4Riley\my_uart.c
                 vfprintf   0x002ce2    program     extern C:\MCC18\src\extended\stdclib\vfprintf.c
               writePixel   0x003fb8    program     extern C:\Framework\PIC_LCD_DEMO_INTEGRATION\Milestone4Riley\my_lcd.c
           writePixelByte   0x003eca    program     extern C:\Framework\PIC_LCD_DEMO_INTEGRATION\Milestone4Riley\my_lcd.c
               zero_block   0x005c5a    program     static C:\MCC18\src\extended\proc\p18LF27J13.asm
                   ADCON0   0x000fc2       data     extern C:\MCC18\src\extended\proc\p18LF27J13.asm
               ADCON0bits   0x000fc2       data     extern C:\MCC18\src\extended\proc\p18LF27J13.asm
                   ADCON1   0x000fc1       data     extern C:\MCC18\src\extended\proc\p18LF27J13.asm
               ADCON1bits   0x000fc1       data     extern C:\MCC18\src\extended\proc\p18LF27J13.asm
                  ADCTRIG   0x000eb8       data     extern C:\MCC18\src\extended\proc\p18LF27J13.asm
              ADCTRIGbits   0x000eb8       data     extern C:\MCC18\src\extended\proc\p18LF27J13.asm
                    ADRES   0x000fc3       data     extern C:\MCC18\src\extended\proc\p18LF27J13.asm
                   ADRESH   0x000fc4       data     extern C:\MCC18\src\extended\proc\p18LF27J13.asm
                   ADRESL   0x000fc3       data     extern C:\MCC18\src\extended\proc\p18LF27J13.asm
                  AD_DATA   0x000eae       data     extern C:\Framework\PIC_LCD_DEMO_INTEGRATION\Milestone4Riley\user_interrupts.c
             AD_DATA_FLAG   0x000ead       data     extern C:\Framework\PIC_LCD_DEMO_INTEGRATION\Milestone4Riley\user_interrupts.c
                  ALRMCFG   0x000f47       data     extern C:\MCC18\src\extended\proc\p18LF27J13.asm
              ALRMCFGbits   0x000f47       data     extern C:\MCC18\src\extended\proc\p18LF27J13.asm
                  ALRMRPT   0x000f46       data     extern C:\MCC18\src\extended\proc\p18LF27J13.asm
              ALRMRPTbits   0x000f46       data     extern C:\MCC18\src\extended\proc\p18LF27J13.asm
                 ALRMVALH   0x000f45       data     extern C:\MCC18\src\extended\proc\p18LF27J13.asm
                 ALRMVALL   0x000f44       data     extern C:\MCC18\src\extended\proc\p18LF27J13.asm
                   ANCON0   0x000f48       data     extern C:\MCC18\src\extended\proc\p18LF27J13.asm
               ANCON0bits   0x000f48       data     extern C:\MCC18\src\extended\proc\p18LF27J13.asm
                   ANCON1   0x000f49       data     extern C:\MCC18\src\extended\proc\p18LF27J13.asm
               ANCON1bits   0x000f49       data     extern C:\MCC18\src\extended\proc\p18LF27J13.asm
         AdditionalNodeID   0x000050       data     extern C:\Framework\PIC_LCD_DEMO_INTEGRATION\Milestone4Riley\main.c
                  BAUDCON   0x000f7e       data     extern C:\MCC18\src\extended\proc\p18LF27J13.asm
                 BAUDCON1   0x000f7e       data     extern C:\MCC18\src\extended\proc\p18LF27J13.asm
             BAUDCON1bits   0x000f7e       data     extern C:\MCC18\src\extended\proc\p18LF27J13.asm
                 BAUDCON2   0x000f7c       data     extern C:\MCC18\src\extended\proc\p18LF27J13.asm
             BAUDCON2bits   0x000f7c       data     extern C:\MCC18\src\extended\proc\p18LF27J13.asm
              BAUDCONbits   0x000f7e       data     extern C:\MCC18\src\extended\proc\p18LF27J13.asm
                  BAUDCTL   0x000f7e       data     extern C:\MCC18\src\extended\proc\p18LF27J13.asm
              BAUDCTLbits   0x000f7e       data     extern C:\MCC18\src\extended\proc\p18LF27J13.asm
                      BSR   0x000fe0       data     extern C:\MCC18\src\extended\proc\p18LF27J13.asm
                 CCP10CON   0x000f00       data     extern C:\MCC18\src\extended\proc\p18LF27J13.asm
             CCP10CONbits   0x000f00       data     extern C:\MCC18\src\extended\proc\p18LF27J13.asm
                  CCP1CON   0x000fba       data     extern C:\MCC18\src\extended\proc\p18LF27J13.asm
              CCP1CONbits   0x000fba       data     extern C:\MCC18\src\extended\proc\p18LF27J13.asm
                  CCP2CON   0x000fb4       data     extern C:\MCC18\src\extended\proc\p18LF27J13.asm
              CCP2CONbits   0x000fb4       data     extern C:\MCC18\src\extended\proc\p18LF27J13.asm
                  CCP3CON   0x000f15       data     extern C:\MCC18\src\extended\proc\p18LF27J13.asm
              CCP3CONbits   0x000f15       data     extern C:\MCC18\src\extended\proc\p18LF27J13.asm
                  CCP4CON   0x000f12       data     extern C:\MCC18\src\extended\proc\p18LF27J13.asm
              CCP4CONbits   0x000f12       data     extern C:\MCC18\src\extended\proc\p18LF27J13.asm
                  CCP5CON   0x000f0f       data     extern C:\MCC18\src\extended\proc\p18LF27J13.asm
              CCP5CONbits   0x000f0f       data     extern C:\MCC18\src\extended\proc\p18LF27J13.asm
                  CCP6CON   0x000f0c       data     extern C:\MCC18\src\extended\proc\p18LF27J13.asm
              CCP6CONbits   0x000f0c       data     extern C:\MCC18\src\extended\proc\p18LF27J13.asm
                  CCP7CON   0x000f09       data     extern C:\MCC18\src\extended\proc\p18LF27J13.asm
              CCP7CONbits   0x000f09       data     extern C:\MCC18\src\extended\proc\p18LF27J13.asm
                  CCP8CON   0x000f06       data     extern C:\MCC18\src\extended\proc\p18LF27J13.asm
              CCP8CONbits   0x000f06       data     extern C:\MCC18\src\extended\proc\p18LF27J13.asm
                  CCP9CON   0x000f03       data     extern C:\MCC18\src\extended\proc\p18LF27J13.asm
              CCP9CONbits   0x000f03       data     extern C:\MCC18\src\extended\proc\p18LF27J13.asm
                    CCPR1   0x000fbb       data     extern C:\MCC18\src\extended\proc\p18LF27J13.asm
                  CCPR10H   0x000f02       data     extern C:\MCC18\src\extended\proc\p18LF27J13.asm
                  CCPR10L   0x000f01       data     extern C:\MCC18\src\extended\proc\p18LF27J13.asm
                   CCPR1H   0x000fbc       data     extern C:\MCC18\src\extended\proc\p18LF27J13.asm
                   CCPR1L   0x000fbb       data     extern C:\MCC18\src\extended\proc\p18LF27J13.asm
                    CCPR2   0x000fb5       data     extern C:\MCC18\src\extended\proc\p18LF27J13.asm
                   CCPR2H   0x000fb6       data     extern C:\MCC18\src\extended\proc\p18LF27J13.asm
                   CCPR2L   0x000fb5       data     extern C:\MCC18\src\extended\proc\p18LF27J13.asm
                   CCPR3H   0x000f17       data     extern C:\MCC18\src\extended\proc\p18LF27J13.asm
                   CCPR3L   0x000f16       data     extern C:\MCC18\src\extended\proc\p18LF27J13.asm
                   CCPR4H   0x000f14       data     extern C:\MCC18\src\extended\proc\p18LF27J13.asm
                   CCPR4L   0x000f13       data     extern C:\MCC18\src\extended\proc\p18LF27J13.asm
                   CCPR5H   0x000f11       data     extern C:\MCC18\src\extended\proc\p18LF27J13.asm
                   CCPR5L   0x000f10       data     extern C:\MCC18\src\extended\proc\p18LF27J13.asm
                   CCPR6H   0x000f0e       data     extern C:\MCC18\src\extended\proc\p18LF27J13.asm
                   CCPR6L   0x000f0d       data     extern C:\MCC18\src\extended\proc\p18LF27J13.asm
                   CCPR7H   0x000f0b       data     extern C:\MCC18\src\extended\proc\p18LF27J13.asm
                   CCPR7L   0x000f0a       data     extern C:\MCC18\src\extended\proc\p18LF27J13.asm
                   CCPR8H   0x000f08       data     extern C:\MCC18\src\extended\proc\p18LF27J13.asm
                   CCPR8L   0x000f07       data     extern C:\MCC18\src\extended\proc\p18LF27J13.asm
                   CCPR9H   0x000f05       data     extern C:\MCC18\src\extended\proc\p18LF27J13.asm
                   CCPR9L   0x000f04       data     extern C:\MCC18\src\extended\proc\p18LF27J13.asm
                 CCPTMRS0   0x000f52       data     extern C:\MCC18\src\extended\proc\p18LF27J13.asm
             CCPTMRS0bits   0x000f52       data     extern C:\MCC18\src\extended\proc\p18LF27J13.asm
                 CCPTMRS1   0x000f51       data     extern C:\MCC18\src\extended\proc\p18LF27J13.asm
             CCPTMRS1bits   0x000f51       data     extern C:\MCC18\src\extended\proc\p18LF27J13.asm
                 CCPTMRS2   0x000f50       data     extern C:\MCC18\src\extended\proc\p18LF27J13.asm
             CCPTMRS2bits   0x000f50       data     extern C:\MCC18\src\extended\proc\p18LF27J13.asm
                   CM1CON   0x000fd2       data     extern C:\MCC18\src\extended\proc\p18LF27J13.asm
                  CM1CON1   0x000fd2       data     extern C:\MCC18\src\extended\proc\p18LF27J13.asm
              CM1CON1bits   0x000fd2       data     extern C:\MCC18\src\extended\proc\p18LF27J13.asm
               CM1CONbits   0x000fd2       data     extern C:\MCC18\src\extended\proc\p18LF27J13.asm
                   CM2CON   0x000fd1       data     extern C:\MCC18\src\extended\proc\p18LF27J13.asm
                  CM2CON1   0x000fd1       data     extern C:\MCC18\src\extended\proc\p18LF27J13.asm
              CM2CON1bits   0x000fd1       data     extern C:\MCC18\src\extended\proc\p18LF27J13.asm
               CM2CONbits   0x000fd1       data     extern C:\MCC18\src\extended\proc\p18LF27J13.asm
                   CM3CON   0x000f25       data     extern C:\MCC18\src\extended\proc\p18LF27J13.asm
               CM3CONbits   0x000f25       data     extern C:\MCC18\src\extended\proc\p18LF27J13.asm
                   CMSTAT   0x000f70       data     extern C:\MCC18\src\extended\proc\p18LF27J13.asm
                 CMSTATUS   0x000f70       data     extern C:\MCC18\src\extended\proc\p18LF27J13.asm
             CMSTATUSbits   0x000f70       data     extern C:\MCC18\src\extended\proc\p18LF27J13.asm
               CMSTATbits   0x000f70       data     extern C:\MCC18\src\extended\proc\p18LF27J13.asm
                 CTMUCONH   0x000fb3       data     extern C:\MCC18\src\extended\proc\p18LF27J13.asm
             CTMUCONHbits   0x000fb3       data     extern C:\MCC18\src\extended\proc\p18LF27J13.asm
                 CTMUCONL   0x000fb2       data     extern C:\MCC18\src\extended\proc\p18LF27J13.asm
             CTMUCONLbits   0x000fb2       data     extern C:\MCC18\src\extended\proc\p18LF27J13.asm
                 CTMUICON   0x000fb1       data     extern C:\MCC18\src\extended\proc\p18LF27J13.asm
             CTMUICONbits   0x000fb1       data     extern C:\MCC18\src\extended\proc\p18LF27J13.asm
                   CVRCON   0x000f53       data     extern C:\MCC18\src\extended\proc\p18LF27J13.asm
               CVRCONbits   0x000f53       data     extern C:\MCC18\src\extended\proc\p18LF27J13.asm
                 ConnMode   0x000eac       data     extern C:\Framework\Microchip\WirelessProtocols\P2P\P2P.c
          ConnectionTable   0x000300       data     extern C:\Framework\Microchip\WirelessProtocols\P2P\P2P.c
                   DMABCH   0x000f66       data     extern C:\MCC18\src\extended\proc\p18LF27J13.asm
               DMABCHbits   0x000f66       data     extern C:\MCC18\src\extended\proc\p18LF27J13.asm
                   DMABCL   0x000f67       data     extern C:\MCC18\src\extended\proc\p18LF27J13.asm
                  DMACON1   0x000f88       data     extern C:\MCC18\src\extended\proc\p18LF27J13.asm
              DMACON1bits   0x000f88       data     extern C:\MCC18\src\extended\proc\p18LF27J13.asm
                  DMACON2   0x000f86       data     extern C:\MCC18\src\extended\proc\p18LF27J13.asm
              DMACON2bits   0x000f86       data     extern C:\MCC18\src\extended\proc\p18LF27J13.asm
                   DSCONH   0x000f4d       data     extern C:\MCC18\src\extended\proc\p18LF27J13.asm
               DSCONHbits   0x000f4d       data     extern C:\MCC18\src\extended\proc\p18LF27J13.asm
                   DSCONL   0x000f4c       data     extern C:\MCC18\src\extended\proc\p18LF27J13.asm
               DSCONLbits   0x000f4c       data     extern C:\MCC18\src\extended\proc\p18LF27J13.asm
                   DSGPR0   0x000f4e       data     extern C:\MCC18\src\extended\proc\p18LF27J13.asm
                   DSGPR1   0x000f4f       data     extern C:\MCC18\src\extended\proc\p18LF27J13.asm
                  DSWAKEH   0x000f4b       data     extern C:\MCC18\src\extended\proc\p18LF27J13.asm
              DSWAKEHbits   0x000f4b       data     extern C:\MCC18\src\extended\proc\p18LF27J13.asm
                  DSWAKEL   0x000f4a       data     extern C:\MCC18\src\extended\proc\p18LF27J13.asm
              DSWAKELbits   0x000f4a       data     extern C:\MCC18\src\extended\proc\p18LF27J13.asm
            DelayCounter1   0x0000ff       data     extern C:\MCC18\src\extended\delays\delayd1.asm
                  ECCP1AS   0x000fbe       data     extern C:\MCC18\src\extended\proc\p18LF27J13.asm
              ECCP1ASbits   0x000fbe       data     extern C:\MCC18\src\extended\proc\p18LF27J13.asm
                 ECCP1CON   0x000fba       data     extern C:\MCC18\src\extended\proc\p18LF27J13.asm
             ECCP1CONbits   0x000fba       data     extern C:\MCC18\src\extended\proc\p18LF27J13.asm
                 ECCP1DEL   0x000fbd       data     extern C:\MCC18\src\extended\proc\p18LF27J13.asm
             ECCP1DELbits   0x000fbd       data     extern C:\MCC18\src\extended\proc\p18LF27J13.asm
                  ECCP2AS   0x000fb8       data     extern C:\MCC18\src\extended\proc\p18LF27J13.asm
              ECCP2ASbits   0x000fb8       data     extern C:\MCC18\src\extended\proc\p18LF27J13.asm
                 ECCP2CON   0x000fb4       data     extern C:\MCC18\src\extended\proc\p18LF27J13.asm
             ECCP2CONbits   0x000fb4       data     extern C:\MCC18\src\extended\proc\p18LF27J13.asm
                 ECCP2DEL   0x000fb7       data     extern C:\MCC18\src\extended\proc\p18LF27J13.asm
             ECCP2DELbits   0x000fb7       data     extern C:\MCC18\src\extended\proc\p18LF27J13.asm
                  ECCP3AS   0x000f19       data     extern C:\MCC18\src\extended\proc\p18LF27J13.asm
              ECCP3ASbits   0x000f19       data     extern C:\MCC18\src\extended\proc\p18LF27J13.asm
                 ECCP3DEL   0x000f18       data     extern C:\MCC18\src\extended\proc\p18LF27J13.asm
             ECCP3DELbits   0x000f18       data     extern C:\MCC18\src\extended\proc\p18LF27J13.asm
                   EECON1   0x000fa6       data     extern C:\MCC18\src\extended\proc\p18LF27J13.asm
               EECON1bits   0x000fa6       data     extern C:\MCC18\src\extended\proc\p18LF27J13.asm
                   EECON2   0x000fa7       data     extern C:\MCC18\src\extended\proc\p18LF27J13.asm
                     FSR0   0x000fe9       data     extern C:\MCC18\src\extended\proc\p18LF27J13.asm
                    FSR0H   0x000fea       data     extern C:\MCC18\src\extended\proc\p18LF27J13.asm
                    FSR0L   0x000fe9       data     extern C:\MCC18\src\extended\proc\p18LF27J13.asm
                     FSR1   0x000fe1       data     extern C:\MCC18\src\extended\proc\p18LF27J13.asm
                    FSR1H   0x000fe2       data     extern C:\MCC18\src\extended\proc\p18LF27J13.asm
                    FSR1L   0x000fe1       data     extern C:\MCC18\src\extended\proc\p18LF27J13.asm
                     FSR2   0x000fd9       data     extern C:\MCC18\src\extended\proc\p18LF27J13.asm
                    FSR2H   0x000fda       data     extern C:\MCC18\src\extended\proc\p18LF27J13.asm
                    FSR2L   0x000fd9       data     extern C:\MCC18\src\extended\proc\p18LF27J13.asm
          FromMainHigh_MQ   0x000097       data     static C:\Framework\PIC_LCD_DEMO_INTEGRATION\Milestone4Riley\messages.c
           FromMainLow_MQ   0x000e00       data     static C:\Framework\PIC_LCD_DEMO_INTEGRATION\Milestone4Riley\messages.c
                  HLVDCON   0x000f85       data     extern C:\MCC18\src\extended\proc\p18LF27J13.asm
              HLVDCONbits   0x000f85       data     extern C:\MCC18\src\extended\proc\p18LF27J13.asm
               IEEESeqNum   0x0000e0       data     extern C:\Framework\Microchip\Transceivers\MRF24J40\MRF24J40.c
                    INDF0   0x000fef       data     extern C:\MCC18\src\extended\proc\p18LF27J13.asm
                    INDF1   0x000fe7       data     extern C:\MCC18\src\extended\proc\p18LF27J13.asm
                    INDF2   0x000fdf       data     extern C:\MCC18\src\extended\proc\p18LF27J13.asm
                   INTCON   0x000ff2       data     extern C:\MCC18\src\extended\proc\p18LF27J13.asm
                  INTCON2   0x000ff1       data     extern C:\MCC18\src\extended\proc\p18LF27J13.asm
              INTCON2bits   0x000ff1       data     extern C:\MCC18\src\extended\proc\p18LF27J13.asm
                  INTCON3   0x000ff0       data     extern C:\MCC18\src\extended\proc\p18LF27J13.asm
              INTCON3bits   0x000ff0       data     extern C:\MCC18\src\extended\proc\p18LF27J13.asm
               INTCONbits   0x000ff2       data     extern C:\MCC18\src\extended\proc\p18LF27J13.asm
                     IPR1   0x000f9f       data     extern C:\MCC18\src\extended\proc\p18LF27J13.asm
                 IPR1bits   0x000f9f       data     extern C:\MCC18\src\extended\proc\p18LF27J13.asm
                     IPR2   0x000fa2       data     extern C:\MCC18\src\extended\proc\p18LF27J13.asm
                 IPR2bits   0x000fa2       data     extern C:\MCC18\src\extended\proc\p18LF27J13.asm
                     IPR3   0x000fa5       data     extern C:\MCC18\src\extended\proc\p18LF27J13.asm
                 IPR3bits   0x000fa5       data     extern C:\MCC18\src\extended\proc\p18LF27J13.asm
                     IPR4   0x000f90       data     extern C:\MCC18\src\extended\proc\p18LF27J13.asm
                 IPR4bits   0x000f90       data     extern C:\MCC18\src\extended\proc\p18LF27J13.asm
                     IPR5   0x000f99       data     extern C:\MCC18\src\extended\proc\p18LF27J13.asm
                 IPR5bits   0x000f99       data     extern C:\MCC18\src\extended\proc\p18LF27J13.asm
     IncomingFrameCounter   0x00001e       data     extern C:\Framework\Microchip\WirelessProtocols\P2P\P2P.c
                     LATA   0x000f89       data     extern C:\MCC18\src\extended\proc\p18LF27J13.asm
                 LATAbits   0x000f89       data     extern C:\MCC18\src\extended\proc\p18LF27J13.asm
                     LATB   0x000f8a       data     extern C:\MCC18\src\extended\proc\p18LF27J13.asm
                 LATBbits   0x000f8a       data     extern C:\MCC18\src\extended\proc\p18LF27J13.asm
                     LATC   0x000f8b       data     extern C:\MCC18\src\extended\proc\p18LF27J13.asm
                 LATCbits   0x000f8b       data     extern C:\MCC18\src\extended\proc\p18LF27J13.asm
               LCD_INVERT   0x00004e       data     extern C:\Framework\PIC_LCD_DEMO_INTEGRATION\Milestone4Riley\my_lcd.c
              LCD_WRITING   0x00004f       data     extern C:\Framework\PIC_LCD_DEMO_INTEGRATION\Milestone4Riley\my_lcd.c
                 LOC_FLAG   0x00004a       data     extern C:\Framework\PIC_LCD_DEMO_INTEGRATION\Milestone4Riley\user_interrupts.c
         LatestConnection   0x000011       data     extern C:\Framework\Microchip\WirelessProtocols\P2P\P2P.c
        MACCurrentChannel   0x0000e1       data     extern C:\Framework\Microchip\Transceivers\MRF24J40\MRF24J40.c
            MACInitParams   0x0000cd       data     extern C:\Framework\Microchip\Transceivers\MRF24J40\MRF24J40.c
              MACRxPacket   0x000013       data     extern C:\Framework\Microchip\WirelessProtocols\P2P\P2P.c
                MAC_PANID   0x0000e2       data     extern C:\Framework\Microchip\Transceivers\MRF24J40\MRF24J40.c
 MQ_Main_Willing_to_block   0x000096       data     static C:\Framework\PIC_LCD_DEMO_INTEGRATION\Milestone4Riley\messages.c
           MRF24J40Status   0x0000ee       data     extern C:\Framework\Microchip\Transceivers\MRF24J40\MRF24J40.c
                   ODCON1   0x000f42       data     extern C:\MCC18\src\extended\proc\p18LF27J13.asm
               ODCON1bits   0x000f42       data     extern C:\MCC18\src\extended\proc\p18LF27J13.asm
                   ODCON2   0x000f41       data     extern C:\MCC18\src\extended\proc\p18LF27J13.asm
               ODCON2bits   0x000f41       data     extern C:\MCC18\src\extended\proc\p18LF27J13.asm
                   ODCON3   0x000f40       data     extern C:\MCC18\src\extended\proc\p18LF27J13.asm
               ODCON3bits   0x000f40       data     extern C:\MCC18\src\extended\proc\p18LF27J13.asm
                   OSCCON   0x000fd3       data     extern C:\MCC18\src\extended\proc\p18LF27J13.asm
                  OSCCON2   0x000f87       data     extern C:\MCC18\src\extended\proc\p18LF27J13.asm
              OSCCON2bits   0x000f87       data     extern C:\MCC18\src\extended\proc\p18LF27J13.asm
               OSCCONbits   0x000fd3       data     extern C:\MCC18\src\extended\proc\p18LF27J13.asm
                  OSCTUNE   0x000f9b       data     extern C:\MCC18\src\extended\proc\p18LF27J13.asm
              OSCTUNEbits   0x000f9b       data     extern C:\MCC18\src\extended\proc\p18LF27J13.asm
     OutgoingFrameCounter   0x0000d0       data     extern C:\Framework\Microchip\Transceivers\MRF24J40\MRF24J40.c
          P2PCapacityInfo   0x000006       data     extern C:\Framework\Microchip\WirelessProtocols\P2P\P2P.c
                P2PStatus   0x000012       data     extern C:\Framework\Microchip\WirelessProtocols\P2P\P2P.c
                  PADCFG1   0x000f3c       data     extern C:\MCC18\src\extended\proc\p18LF27J13.asm
              PADCFG1bits   0x000f3c       data     extern C:\MCC18\src\extended\proc\p18LF27J13.asm
                       PC   0x000ff9       data     extern C:\MCC18\src\extended\proc\p18LF27J13.asm
                      PCL   0x000ff9       data     extern C:\MCC18\src\extended\proc\p18LF27J13.asm
                   PCLATH   0x000ffa       data     extern C:\MCC18\src\extended\proc\p18LF27J13.asm
                   PCLATU   0x000ffb       data     extern C:\MCC18\src\extended\proc\p18LF27J13.asm
                      PD0   0x000eb9       data     extern C:\MCC18\src\extended\proc\p18LF27J13.asm
                  PD0bits   0x000eb9       data     extern C:\MCC18\src\extended\proc\p18LF27J13.asm
                      PD1   0x000eba       data     extern C:\MCC18\src\extended\proc\p18LF27J13.asm
                  PD1bits   0x000eba       data     extern C:\MCC18\src\extended\proc\p18LF27J13.asm
                      PD2   0x000ebb       data     extern C:\MCC18\src\extended\proc\p18LF27J13.asm
                  PD2bits   0x000ebb       data     extern C:\MCC18\src\extended\proc\p18LF27J13.asm
                      PD3   0x000ebc       data     extern C:\MCC18\src\extended\proc\p18LF27J13.asm
                  PD3bits   0x000ebc       data     extern C:\MCC18\src\extended\proc\p18LF27J13.asm
                     PIE1   0x000f9d       data     extern C:\MCC18\src\extended\proc\p18LF27J13.asm
                 PIE1bits   0x000f9d       data     extern C:\MCC18\src\extended\proc\p18LF27J13.asm
                     PIE2   0x000fa0       data     extern C:\MCC18\src\extended\proc\p18LF27J13.asm
                 PIE2bits   0x000fa0       data     extern C:\MCC18\src\extended\proc\p18LF27J13.asm
                     PIE3   0x000fa3       data     extern C:\MCC18\src\extended\proc\p18LF27J13.asm
                 PIE3bits   0x000fa3       data     extern C:\MCC18\src\extended\proc\p18LF27J13.asm
                     PIE4   0x000f8e       data     extern C:\MCC18\src\extended\proc\p18LF27J13.asm
                 PIE4bits   0x000f8e       data     extern C:\MCC18\src\extended\proc\p18LF27J13.asm
                     PIE5   0x000f91       data     extern C:\MCC18\src\extended\proc\p18LF27J13.asm
                 PIE5bits   0x000f91       data     extern C:\MCC18\src\extended\proc\p18LF27J13.asm
                     PIR1   0x000f9e       data     extern C:\MCC18\src\extended\proc\p18LF27J13.asm
                 PIR1bits   0x000f9e       data     extern C:\MCC18\src\extended\proc\p18LF27J13.asm
                     PIR2   0x000fa1       data     extern C:\MCC18\src\extended\proc\p18LF27J13.asm
                 PIR2bits   0x000fa1       data     extern C:\MCC18\src\extended\proc\p18LF27J13.asm
                     PIR3   0x000fa4       data     extern C:\MCC18\src\extended\proc\p18LF27J13.asm
                 PIR3bits   0x000fa4       data     extern C:\MCC18\src\extended\proc\p18LF27J13.asm
                     PIR4   0x000f8f       data     extern C:\MCC18\src\extended\proc\p18LF27J13.asm
                 PIR4bits   0x000f8f       data     extern C:\MCC18\src\extended\proc\p18LF27J13.asm
                     PIR5   0x000f98       data     extern C:\MCC18\src\extended\proc\p18LF27J13.asm
                 PIR5bits   0x000f98       data     extern C:\MCC18\src\extended\proc\p18LF27J13.asm
                   PLUSW0   0x000feb       data     extern C:\MCC18\src\extended\proc\p18LF27J13.asm
                   PLUSW1   0x000fe3       data     extern C:\MCC18\src\extended\proc\p18LF27J13.asm
                   PLUSW2   0x000fdb       data     extern C:\MCC18\src\extended\proc\p18LF27J13.asm
                   PMDIS0   0x000eb9       data     extern C:\MCC18\src\extended\proc\p18LF27J13.asm
               PMDIS0bits   0x000eb9       data     extern C:\MCC18\src\extended\proc\p18LF27J13.asm
                   PMDIS1   0x000eba       data     extern C:\MCC18\src\extended\proc\p18LF27J13.asm
               PMDIS1bits   0x000eba       data     extern C:\MCC18\src\extended\proc\p18LF27J13.asm
                   PMDIS2   0x000ebb       data     extern C:\MCC18\src\extended\proc\p18LF27J13.asm
               PMDIS2bits   0x000ebb       data     extern C:\MCC18\src\extended\proc\p18LF27J13.asm
                   PMDIS3   0x000ebc       data     extern C:\MCC18\src\extended\proc\p18LF27J13.asm
               PMDIS3bits   0x000ebc       data     extern C:\MCC18\src\extended\proc\p18LF27J13.asm
                    PORTA   0x000f80       data     extern C:\MCC18\src\extended\proc\p18LF27J13.asm
                PORTAbits   0x000f80       data     extern C:\MCC18\src\extended\proc\p18LF27J13.asm
                    PORTB   0x000f81       data     extern C:\MCC18\src\extended\proc\p18LF27J13.asm
                PORTBbits   0x000f81       data     extern C:\MCC18\src\extended\proc\p18LF27J13.asm
                    PORTC   0x000f82       data     extern C:\MCC18\src\extended\proc\p18LF27J13.asm
                PORTCbits   0x000f82       data     extern C:\MCC18\src\extended\proc\p18LF27J13.asm
                 POSTDEC0   0x000fed       data     extern C:\MCC18\src\extended\proc\p18LF27J13.asm
                 POSTDEC1   0x000fe5       data     extern C:\MCC18\src\extended\proc\p18LF27J13.asm
                 POSTDEC2   0x000fdd       data     extern C:\MCC18\src\extended\proc\p18LF27J13.asm
                 POSTINC0   0x000fee       data     extern C:\MCC18\src\extended\proc\p18LF27J13.asm
                 POSTINC1   0x000fe6       data     extern C:\MCC18\src\extended\proc\p18LF27J13.asm
                 POSTINC2   0x000fde       data     extern C:\MCC18\src\extended\proc\p18LF27J13.asm
                   PPSCON   0x000ebf       data     extern C:\MCC18\src\extended\proc\p18LF27J13.asm
               PPSCONbits   0x000ebf       data     extern C:\MCC18\src\extended\proc\p18LF27J13.asm
                      PR2   0x000fcb       data     extern C:\MCC18\src\extended\proc\p18LF27J13.asm
                      PR4   0x000f77       data     extern C:\MCC18\src\extended\proc\p18LF27J13.asm
                      PR6   0x000f1f       data     extern C:\MCC18\src\extended\proc\p18LF27J13.asm
                      PR8   0x000f1c       data     extern C:\MCC18\src\extended\proc\p18LF27J13.asm
                  PREINC0   0x000fec       data     extern C:\MCC18\src\extended\proc\p18LF27J13.asm
                  PREINC1   0x000fe4       data     extern C:\MCC18\src\extended\proc\p18LF27J13.asm
                  PREINC2   0x000fdc       data     extern C:\MCC18\src\extended\proc\p18LF27J13.asm
                     PROD   0x000ff3       data     extern C:\MCC18\src\extended\proc\p18LF27J13.asm
                    PRODH   0x000ff4       data     extern C:\MCC18\src\extended\proc\p18LF27J13.asm
                    PRODL   0x000ff3       data     extern C:\MCC18\src\extended\proc\p18LF27J13.asm
                 PSTR1CON   0x000fbf       data     extern C:\MCC18\src\extended\proc\p18LF27J13.asm
             PSTR1CONbits   0x000fbf       data     extern C:\MCC18\src\extended\proc\p18LF27J13.asm
                 PSTR2CON   0x000fb9       data     extern C:\MCC18\src\extended\proc\p18LF27J13.asm
             PSTR2CONbits   0x000fb9       data     extern C:\MCC18\src\extended\proc\p18LF27J13.asm
                 PSTR3CON   0x000f1a       data     extern C:\MCC18\src\extended\proc\p18LF27J13.asm
             PSTR3CONbits   0x000f1a       data     extern C:\MCC18\src\extended\proc\p18LF27J13.asm
   PUSH_BUTTON_press_time   0x0003f2       data     extern C:\Framework\PIC_LCD_DEMO_INTEGRATION\Milestone4Riley\HardwareProfile.c
      PUSH_BUTTON_pressed   0x0003f1       data     extern C:\Framework\PIC_LCD_DEMO_INTEGRATION\Milestone4Riley\HardwareProfile.c
                  PWM1CON   0x000fbd       data     extern C:\MCC18\src\extended\proc\p18LF27J13.asm
              PWM1CONbits   0x000fbd       data     extern C:\MCC18\src\extended\proc\p18LF27J13.asm
                  PWM2CON   0x000fb7       data     extern C:\MCC18\src\extended\proc\p18LF27J13.asm
              PWM2CONbits   0x000fb7       data     extern C:\MCC18\src\extended\proc\p18LF27J13.asm
                     RCON   0x000fd0       data     extern C:\MCC18\src\extended\proc\p18LF27J13.asm
                 RCONbits   0x000fd0       data     extern C:\MCC18\src\extended\proc\p18LF27J13.asm
                    RCREG   0x000faf       data     extern C:\MCC18\src\extended\proc\p18LF27J13.asm
                   RCREG1   0x000faf       data     extern C:\MCC18\src\extended\proc\p18LF27J13.asm
                   RCREG2   0x000faa       data     extern C:\MCC18\src\extended\proc\p18LF27J13.asm
                    RCSTA   0x000fac       data     extern C:\MCC18\src\extended\proc\p18LF27J13.asm
                   RCSTA1   0x000fac       data     extern C:\MCC18\src\extended\proc\p18LF27J13.asm
               RCSTA1bits   0x000fac       data     extern C:\MCC18\src\extended\proc\p18LF27J13.asm
                   RCSTA2   0x000f9c       data     extern C:\MCC18\src\extended\proc\p18LF27J13.asm
               RCSTA2bits   0x000f9c       data     extern C:\MCC18\src\extended\proc\p18LF27J13.asm
                RCSTAbits   0x000fac       data     extern C:\MCC18\src\extended\proc\p18LF27J13.asm
                  REFOCON   0x000f3d       data     extern C:\MCC18\src\extended\proc\p18LF27J13.asm
              REFOCONbits   0x000f3d       data     extern C:\MCC18\src\extended\proc\p18LF27J13.asm
                   RPINR1   0x000ee1       data     extern C:\MCC18\src\extended\proc\p18LF27J13.asm
                  RPINR12   0x000ef2       data     extern C:\MCC18\src\extended\proc\p18LF27J13.asm
                  RPINR13   0x000ef3       data     extern C:\MCC18\src\extended\proc\p18LF27J13.asm
                  RPINR14   0x000ef4       data     extern C:\MCC18\src\extended\proc\p18LF27J13.asm
                  RPINR15   0x000ee7       data     extern C:\MCC18\src\extended\proc\p18LF27J13.asm
                  RPINR16   0x000ef7       data     extern C:\MCC18\src\extended\proc\p18LF27J13.asm
                  RPINR17   0x000ef8       data     extern C:\MCC18\src\extended\proc\p18LF27J13.asm
                   RPINR2   0x000ee2       data     extern C:\MCC18\src\extended\proc\p18LF27J13.asm
                  RPINR21   0x000efc       data     extern C:\MCC18\src\extended\proc\p18LF27J13.asm
                  RPINR22   0x000efd       data     extern C:\MCC18\src\extended\proc\p18LF27J13.asm
                  RPINR23   0x000efe       data     extern C:\MCC18\src\extended\proc\p18LF27J13.asm
                  RPINR24   0x000eff       data     extern C:\MCC18\src\extended\proc\p18LF27J13.asm
                   RPINR3   0x000ee3       data     extern C:\MCC18\src\extended\proc\p18LF27J13.asm
                   RPINR4   0x000ee4       data     extern C:\MCC18\src\extended\proc\p18LF27J13.asm
                   RPINR6   0x000ee6       data     extern C:\MCC18\src\extended\proc\p18LF27J13.asm
                   RPINR7   0x000ee8       data     extern C:\MCC18\src\extended\proc\p18LF27J13.asm
                   RPINR8   0x000ee9       data     extern C:\MCC18\src\extended\proc\p18LF27J13.asm
                   RPINR9   0x000eea       data     extern C:\MCC18\src\extended\proc\p18LF27J13.asm
                    RPOR0   0x000ec0       data     extern C:\MCC18\src\extended\proc\p18LF27J13.asm
                    RPOR1   0x000ec1       data     extern C:\MCC18\src\extended\proc\p18LF27J13.asm
                   RPOR10   0x000eca       data     extern C:\MCC18\src\extended\proc\p18LF27J13.asm
                   RPOR11   0x000ecb       data     extern C:\MCC18\src\extended\proc\p18LF27J13.asm
                   RPOR12   0x000ecc       data     extern C:\MCC18\src\extended\proc\p18LF27J13.asm
                   RPOR13   0x000ecd       data     extern C:\MCC18\src\extended\proc\p18LF27J13.asm
                   RPOR14   0x000ece       data     extern C:\MCC18\src\extended\proc\p18LF27J13.asm
                   RPOR15   0x000ecf       data     extern C:\MCC18\src\extended\proc\p18LF27J13.asm
                   RPOR16   0x000ed0       data     extern C:\MCC18\src\extended\proc\p18LF27J13.asm
                   RPOR17   0x000ed1       data     extern C:\MCC18\src\extended\proc\p18LF27J13.asm
[...]
                TRISAbits   0x000f92       data     extern C:\MCC18\src\extended\proc\p18LF27J13.asm
                TRISBbits   0x000f93       data     extern C:\MCC18\src\extended\proc\p18LF27J13.asm
                    TRISB   0x000f93       data     extern C:\MCC18\src\extended\proc\p18LF27J13.asm
                    TRISC   0x000f94       data     extern C:\MCC18\src\extended\proc\p18LF27J13.asm
                TRISCbits   0x000f94       data     extern C:\MCC18\src\extended\proc\p18LF27J13.asm
                   T3GCON   0x000f97       data     extern C:\MCC18\src\extended\proc\p18LF27J13.asm
               T3GCONbits   0x000f97       data     extern C:\MCC18\src\extended\proc\p18LF27J13.asm
                 PIR5bits   0x000f98       data     extern C:\MCC18\src\extended\proc\p18LF27J13.asm
                     PIR5   0x000f98       data     extern C:\MCC18\src\extended\proc\p18LF27J13.asm
                 IPR5bits   0x000f99       data     extern C:\MCC18\src\extended\proc\p18LF27J13.asm
                     IPR5   0x000f99       data     extern C:\MCC18\src\extended\proc\p18LF27J13.asm
                   T1GCON   0x000f9a       data     extern C:\MCC18\src\extended\proc\p18LF27J13.asm
               T1GCONbits   0x000f9a       data     extern C:\MCC18\src\extended\proc\p18LF27J13.asm
              OSCTUNEbits   0x000f9b       data     extern C:\MCC18\src\extended\proc\p18LF27J13.asm
                  OSCTUNE   0x000f9b       data     extern C:\MCC18\src\extended\proc\p18LF27J13.asm
                   RCSTA2   0x000f9c       data     extern C:\MCC18\src\extended\proc\p18LF27J13.asm
               RCSTA2bits   0x000f9c       data     extern C:\MCC18\src\extended\proc\p18LF27J13.asm
                     PIE1   0x000f9d       data     extern C:\MCC18\src\extended\proc\p18LF27J13.asm
                 PIE1bits   0x000f9d       data     extern C:\MCC18\src\extended\proc\p18LF27J13.asm
                 PIR1bits   0x000f9e       data     extern C:\MCC18\src\extended\proc\p18LF27J13.asm
                     PIR1   0x000f9e       data     extern C:\MCC18\src\extended\proc\p18LF27J13.asm
                     IPR1   0x000f9f       data     extern C:\MCC18\src\extended\proc\p18LF27J13.asm
                 IPR1bits   0x000f9f       data     extern C:\MCC18\src\extended\proc\p18LF27J13.asm
                     PIE2   0x000fa0       data     extern C:\MCC18\src\extended\proc\p18LF27J13.asm
                 PIE2bits   0x000fa0       data     extern C:\MCC18\src\extended\proc\p18LF27J13.asm
                 PIR2bits   0x000fa1       data     extern C:\MCC18\src\extended\proc\p18LF27J13.asm
                     PIR2   0x000fa1       data     extern C:\MCC18\src\extended\proc\p18LF27J13.asm
                 IPR2bits   0x000fa2       data     extern C:\MCC18\src\extended\proc\p18LF27J13.asm
                     IPR2   0x000fa2       data     extern C:\MCC18\src\extended\proc\p18LF27J13.asm
                 PIE3bits   0x000fa3       data     extern C:\MCC18\src\extended\proc\p18LF27J13.asm
                     PIE3   0x000fa3       data     extern C:\MCC18\src\extended\proc\p18LF27J13.asm
                 PIR3bits   0x000fa4       data     extern C:\MCC18\src\extended\proc\p18LF27J13.asm
                     PIR3   0x000fa4       data     extern C:\MCC18\src\extended\proc\p18LF27J13.asm
                 IPR3bits   0x000fa5       data     extern C:\MCC18\src\extended\proc\p18LF27J13.asm
                     IPR3   0x000fa5       data     extern C:\MCC18\src\extended\proc\p18LF27J13.asm
               EECON1bits   0x000fa6       data     extern C:\MCC18\src\extended\proc\p18LF27J13.asm
                   EECON1   0x000fa6       data     extern C:\MCC18\src\extended\proc\p18LF27J13.asm
                   EECON2   0x000fa7       data     extern C:\MCC18\src\extended\proc\p18LF27J13.asm
               TXSTA2bits   0x000fa8       data     extern C:\MCC18\src\extended\proc\p18LF27J13.asm
                   TXSTA2   0x000fa8       data     extern C:\MCC18\src\extended\proc\p18LF27J13.asm
                   TXREG2   0x000fa9       data     extern C:\MCC18\src\extended\proc\p18LF27J13.asm
                   RCREG2   0x000faa       data     extern C:\MCC18\src\extended\proc\p18LF27J13.asm
                   SPBRG2   0x000fab       data     extern C:\MCC18\src\extended\proc\p18LF27J13.asm
                RCSTAbits   0x000fac       data     extern C:\MCC18\src\extended\proc\p18LF27J13.asm
               RCSTA1bits   0x000fac       data     extern C:\MCC18\src\extended\proc\p18LF27J13.asm
                   RCSTA1   0x000fac       data     extern C:\MCC18\src\extended\proc\p18LF27J13.asm
                    RCSTA   0x000fac       data     extern C:\MCC18\src\extended\proc\p18LF27J13.asm
                    TXSTA   0x000fad       data     extern C:\MCC18\src\extended\proc\p18LF27J13.asm
                   TXSTA1   0x000fad       data     extern C:\MCC18\src\extended\proc\p18LF27J13.asm
               TXSTA1bits   0x000fad       data     extern C:\MCC18\src\extended\proc\p18LF27J13.asm
                TXSTAbits   0x000fad       data     extern C:\MCC18\src\extended\proc\p18LF27J13.asm
                   TXREG1   0x000fae       data     extern C:\MCC18\src\extended\proc\p18LF27J13.asm
                    TXREG   0x000fae       data     extern C:\MCC18\src\extended\proc\p18LF27J13.asm
                    RCREG   0x000faf       data     extern C:\MCC18\src\extended\proc\p18LF27J13.asm
                   RCREG1   0x000faf       data     extern C:\MCC18\src\extended\proc\p18LF27J13.asm
                    SPBRG   0x000fb0       data     extern C:\MCC18\src\extended\proc\p18LF27J13.asm
                   SPBRG1   0x000fb0       data     extern C:\MCC18\src\extended\proc\p18LF27J13.asm
             CTMUICONbits   0x000fb1       data     extern C:\MCC18\src\extended\proc\p18LF27J13.asm
                 CTMUICON   0x000fb1       data     extern C:\MCC18\src\extended\proc\p18LF27J13.asm
                 CTMUCONL   0x000fb2       data     extern C:\MCC18\src\extended\proc\p18LF27J13.asm
             CTMUCONLbits   0x000fb2       data     extern C:\MCC18\src\extended\proc\p18LF27J13.asm
             CTMUCONHbits   0x000fb3       data     extern C:\MCC18\src\extended\proc\p18LF27J13.asm
                 CTMUCONH   0x000fb3       data     extern C:\MCC18\src\extended\proc\p18LF27J13.asm
                  CCP2CON   0x000fb4       data     extern C:\MCC18\src\extended\proc\p18LF27J13.asm
              CCP2CONbits   0x000fb4       data     extern C:\MCC18\src\extended\proc\p18LF27J13.asm
                 ECCP2CON   0x000fb4       data     extern C:\MCC18\src\extended\proc\p18LF27J13.asm
             ECCP2CONbits   0x000fb4       data     extern C:\MCC18\src\extended\proc\p18LF27J13.asm
                   CCPR2L   0x000fb5       data     extern C:\MCC18\src\extended\proc\p18LF27J13.asm
                    CCPR2   0x000fb5       data     extern C:\MCC18\src\extended\proc\p18LF27J13.asm
                   CCPR2H   0x000fb6       data     extern C:\MCC18\src\extended\proc\p18LF27J13.asm
                 ECCP2DEL   0x000fb7       data     extern C:\MCC18\src\extended\proc\p18LF27J13.asm
                  PWM2CON   0x000fb7       data     extern C:\MCC18\src\extended\proc\p18LF27J13.asm
              PWM2CONbits   0x000fb7       data     extern C:\MCC18\src\extended\proc\p18LF27J13.asm
             ECCP2DELbits   0x000fb7       data     extern C:\MCC18\src\extended\proc\p18LF27J13.asm
                  ECCP2AS   0x000fb8       data     extern C:\MCC18\src\extended\proc\p18LF27J13.asm
              ECCP2ASbits   0x000fb8       data     extern C:\MCC18\src\extended\proc\p18LF27J13.asm
             PSTR2CONbits   0x000fb9       data     extern C:\MCC18\src\extended\proc\p18LF27J13.asm
                 PSTR2CON   0x000fb9       data     extern C:\MCC18\src\extended\proc\p18LF27J13.asm
              CCP1CONbits   0x000fba       data     extern C:\MCC18\src\extended\proc\p18LF27J13.asm
                 ECCP1CON   0x000fba       data     extern C:\MCC18\src\extended\proc\p18LF27J13.asm
             ECCP1CONbits   0x000fba       data     extern C:\MCC18\src\extended\proc\p18LF27J13.asm
                  CCP1CON   0x000fba       data     extern C:\MCC18\src\extended\proc\p18LF27J13.asm
                   CCPR1L   0x000fbb       data     extern C:\MCC18\src\extended\proc\p18LF27J13.asm
                    CCPR1   0x000fbb       data     extern C:\MCC18\src\extended\proc\p18LF27J13.asm
                   CCPR1H   0x000fbc       data     extern C:\MCC18\src\extended\proc\p18LF27J13.asm
                 ECCP1DEL   0x000fbd       data     extern C:\MCC18\src\extended\proc\p18LF27J13.asm
             ECCP1DELbits   0x000fbd       data     extern C:\MCC18\src\extended\proc\p18LF27J13.asm
                  PWM1CON   0x000fbd       data     extern C:\MCC18\src\extended\proc\p18LF27J13.asm
              PWM1CONbits   0x000fbd       data     extern C:\MCC18\src\extended\proc\p18LF27J13.asm
              ECCP1ASbits   0x000fbe       data     extern C:\MCC18\src\extended\proc\p18LF27J13.asm
                  ECCP1AS   0x000fbe       data     extern C:\MCC18\src\extended\proc\p18LF27J13.asm
                 PSTR1CON   0x000fbf       data     extern C:\MCC18\src\extended\proc\p18LF27J13.asm
             PSTR1CONbits   0x000fbf       data     extern C:\MCC18\src\extended\proc\p18LF27J13.asm
                   WDTCON   0x000fc0       data     extern C:\MCC18\src\extended\proc\p18LF27J13.asm
               WDTCONbits   0x000fc0       data     extern C:\MCC18\src\extended\proc\p18LF27J13.asm
               ADCON1bits   0x000fc1       data     extern C:\MCC18\src\extended\proc\p18LF27J13.asm
                   ADCON1   0x000fc1       data     extern C:\MCC18\src\extended\proc\p18LF27J13.asm
               ADCON0bits   0x000fc2       data     extern C:\MCC18\src\extended\proc\p18LF27J13.asm
                   ADCON0   0x000fc2       data     extern C:\MCC18\src\extended\proc\p18LF27J13.asm
                   ADRESL   0x000fc3       data     extern C:\MCC18\src\extended\proc\p18LF27J13.asm
                    ADRES   0x000fc3       data     extern C:\MCC18\src\extended\proc\p18LF27J13.asm
                   ADRESH   0x000fc4       data     extern C:\MCC18\src\extended\proc\p18LF27J13.asm
              SSPCON2bits   0x000fc5       data     extern C:\MCC18\src\extended\proc\p18LF27J13.asm
                  SSPCON2   0x000fc5       data     extern C:\MCC18\src\extended\proc\p18LF27J13.asm
             SSP1CON2bits   0x000fc5       data     extern C:\MCC18\src\extended\proc\p18LF27J13.asm
                 SSP1CON2   0x000fc5       data     extern C:\MCC18\src\extended\proc\p18LF27J13.asm
              SSPCON1bits   0x000fc6       data     extern C:\MCC18\src\extended\proc\p18LF27J13.asm
                  SSPCON1   0x000fc6       data     extern C:\MCC18\src\extended\proc\p18LF27J13.asm
             SSP1CON1bits   0x000fc6       data     extern C:\MCC18\src\extended\proc\p18LF27J13.asm
                 SSP1CON1   0x000fc6       data     extern C:\MCC18\src\extended\proc\p18LF27J13.asm
                 SSP1STAT   0x000fc7       data     extern C:\MCC18\src\extended\proc\p18LF27J13.asm
             SSP1STATbits   0x000fc7       data     extern C:\MCC18\src\extended\proc\p18LF27J13.asm
                  SSPSTAT   0x000fc7       data     extern C:\MCC18\src\extended\proc\p18LF27J13.asm
              SSPSTATbits   0x000fc7       data     extern C:\MCC18\src\extended\proc\p18LF27J13.asm
                   SSPADD   0x000fc8       data     extern C:\MCC18\src\extended\proc\p18LF27J13.asm
               SSPADDbits   0x000fc8       data     extern C:\MCC18\src\extended\proc\p18LF27J13.asm
              SSP1ADDbits   0x000fc8       data     extern C:\MCC18\src\extended\proc\p18LF27J13.asm
                  SSP1ADD   0x000fc8       data     extern C:\MCC18\src\extended\proc\p18LF27J13.asm
                   SSPBUF   0x000fc9       data     extern C:\MCC18\src\extended\proc\p18LF27J13.asm
                  SSP1BUF   0x000fc9       data     extern C:\MCC18\src\extended\proc\p18LF27J13.asm
                T2CONbits   0x000fca       data     extern C:\MCC18\src\extended\proc\p18LF27J13.asm
                    T2CON   0x000fca       data     extern C:\MCC18\src\extended\proc\p18LF27J13.asm
                      PR2   0x000fcb       data     extern C:\MCC18\src\extended\proc\p18LF27J13.asm
                     TMR2   0x000fcc       data     extern C:\MCC18\src\extended\proc\p18LF27J13.asm
                T1CONbits   0x000fcd       data     extern C:\MCC18\src\extended\proc\p18LF27J13.asm
                    T1CON   0x000fcd       data     extern C:\MCC18\src\extended\proc\p18LF27J13.asm
                    TMR1L   0x000fce       data     extern C:\MCC18\src\extended\proc\p18LF27J13.asm
                    TMR1H   0x000fcf       data     extern C:\MCC18\src\extended\proc\p18LF27J13.asm
                     RCON   0x000fd0       data     extern C:\MCC18\src\extended\proc\p18LF27J13.asm
                 RCONbits   0x000fd0       data     extern C:\MCC18\src\extended\proc\p18LF27J13.asm
               CM2CONbits   0x000fd1       data     extern C:\MCC18\src\extended\proc\p18LF27J13.asm
              CM2CON1bits   0x000fd1       data     extern C:\MCC18\src\extended\proc\p18LF27J13.asm
                  CM2CON1   0x000fd1       data     extern C:\MCC18\src\extended\proc\p18LF27J13.asm
                   CM2CON   0x000fd1       data     extern C:\MCC18\src\extended\proc\p18LF27J13.asm
               CM1CONbits   0x000fd2       data     extern C:\MCC18\src\extended\proc\p18LF27J13.asm
              CM1CON1bits   0x000fd2       data     extern C:\MCC18\src\extended\proc\p18LF27J13.asm
                  CM1CON1   0x000fd2       data     extern C:\MCC18\src\extended\proc\p18LF27J13.asm
                   CM1CON   0x000fd2       data     extern C:\MCC18\src\extended\proc\p18LF27J13.asm
                   OSCCON   0x000fd3       data     extern C:\MCC18\src\extended\proc\p18LF27J13.asm
               OSCCONbits   0x000fd3       data     extern C:\MCC18\src\extended\proc\p18LF27J13.asm
                    T0CON   0x000fd5       data     extern C:\MCC18\src\extended\proc\p18LF27J13.asm
                T0CONbits   0x000fd5       data     extern C:\MCC18\src\extended\proc\p18LF27J13.asm
                    TMR0L   0x000fd6       data     extern C:\MCC18\src\extended\proc\p18LF27J13.asm
                    TMR0H   0x000fd7       data     extern C:\MCC18\src\extended\proc\p18LF27J13.asm
                   STATUS   0x000fd8       data     extern C:\MCC18\src\extended\proc\p18LF27J13.asm
               STATUSbits   0x000fd8       data     extern C:\MCC18\src\extended\proc\p18LF27J13.asm
                    FSR2L   0x000fd9       data     extern C:\MCC18\src\extended\proc\p18LF27J13.asm
                     FSR2   0x000fd9       data     extern C:\MCC18\src\extended\proc\p18LF27J13.asm
                    FSR2H   0x000fda       data     extern C:\MCC18\src\extended\proc\p18LF27J13.asm
                   PLUSW2   0x000fdb       data     extern C:\MCC18\src\extended\proc\p18LF27J13.asm
                  PREINC2   0x000fdc       data     extern C:\MCC18\src\extended\proc\p18LF27J13.asm
                 POSTDEC2   0x000fdd       data     extern C:\MCC18\src\extended\proc\p18LF27J13.asm
                 POSTINC2   0x000fde       data     extern C:\MCC18\src\extended\proc\p18LF27J13.asm
                    INDF2   0x000fdf       data     extern C:\MCC18\src\extended\proc\p18LF27J13.asm
                      BSR   0x000fe0       data     extern C:\MCC18\src\extended\proc\p18LF27J13.asm
                    FSR1L   0x000fe1       data     extern C:\MCC18\src\extended\proc\p18LF27J13.asm
                     FSR1   0x000fe1       data     extern C:\MCC18\src\extended\proc\p18LF27J13.asm
                    FSR1H   0x000fe2       data     extern C:\MCC18\src\extended\proc\p18LF27J13.asm
                   PLUSW1   0x000fe3       data     extern C:\MCC18\src\extended\proc\p18LF27J13.asm
                  PREINC1   0x000fe4       data     extern C:\MCC18\src\extended\proc\p18LF27J13.asm
                 POSTDEC1   0x000fe5       data     extern C:\MCC18\src\extended\proc\p18LF27J13.asm
                 POSTINC1   0x000fe6       data     extern C:\MCC18\src\extended\proc\p18LF27J13.asm
                    INDF1   0x000fe7       data     extern C:\MCC18\src\extended\proc\p18LF27J13.asm
                     WREG   0x000fe8       data     extern C:\MCC18\src\extended\proc\p18LF27J13.asm
                     FSR0   0x000fe9       data     extern C:\MCC18\src\extended\proc\p18LF27J13.asm
                    FSR0L   0x000fe9       data     extern C:\MCC18\src\extended\proc\p18LF27J13.asm
                    FSR0H   0x000fea       data     extern C:\MCC18\src\extended\proc\p18LF27J13.asm
                   PLUSW0   0x000feb       data     extern C:\MCC18\src\extended\proc\p18LF27J13.asm
                  PREINC0   0x000fec       data     extern C:\MCC18\src\extended\proc\p18LF27J13.asm
                 POSTDEC0   0x000fed       data     extern C:\MCC18\src\extended\proc\p18LF27J13.asm
                 POSTINC0   0x000fee       data     extern C:\MCC18\src\extended\proc\p18LF27J13.asm
                    INDF0   0x000fef       data     extern C:\MCC18\src\extended\proc\p18LF27J13.asm
                  INTCON3   0x000ff0       data     extern C:\MCC18\src\extended\proc\p18LF27J13.asm
              INTCON3bits   0x000ff0       data     extern C:\MCC18\src\extended\proc\p18LF27J13.asm
              INTCON2bits   0x000ff1       data     extern C:\MCC18\src\extended\proc\p18LF27J13.asm
                  INTCON2   0x000ff1       data     extern C:\MCC18\src\extended\proc\p18LF27J13.asm
               INTCONbits   0x000ff2       data     extern C:\MCC18\src\extended\proc\p18LF27J13.asm
                   INTCON   0x000ff2       data     extern C:\MCC18\src\extended\proc\p18LF27J13.asm
                    PRODL   0x000ff3       data     extern C:\MCC18\src\extended\proc\p18LF27J13.asm
                     PROD   0x000ff3       data     extern C:\MCC18\src\extended\proc\p18LF27J13.asm
                    PRODH   0x000ff4       data     extern C:\MCC18\src\extended\proc\p18LF27J13.asm
                   TABLAT   0x000ff5       data     extern C:\MCC18\src\extended\proc\p18LF27J13.asm
                   TBLPTR   0x000ff6       data     extern C:\MCC18\src\extended\proc\p18LF27J13.asm
                  TBLPTRL   0x000ff6       data     extern C:\MCC18\src\extended\proc\p18LF27J13.asm
                  TBLPTRH   0x000ff7       data     extern C:\MCC18\src\extended\proc\p18LF27J13.asm
                  TBLPTRU   0x000ff8       data     extern C:\MCC18\src\extended\proc\p18LF27J13.asm
                      PCL   0x000ff9       data     extern C:\MCC18\src\extended\proc\p18LF27J13.asm
                       PC   0x000ff9       data     extern C:\MCC18\src\extended\proc\p18LF27J13.asm
                   PCLATH   0x000ffa       data     extern C:\MCC18\src\extended\proc\p18LF27J13.asm
                   PCLATU   0x000ffb       data     extern C:\MCC18\src\extended\proc\p18LF27J13.asm
               STKPTRbits   0x000ffc       data     extern C:\MCC18\src\extended\proc\p18LF27J13.asm
                   STKPTR   0x000ffc       data     extern C:\MCC18\src\extended\proc\p18LF27J13.asm
                     TOSL   0x000ffd       data     extern C:\MCC18\src\extended\proc\p18LF27J13.asm
                      TOS   0x000ffd       data     extern C:\MCC18\src\extended\proc\p18LF27J13.asm
                     TOSH   0x000ffe       data     extern C:\MCC18\src\extended\proc\p18LF27J13.asm
                     TOSU   0x000fff       data     extern C:\MCC18\src\extended\proc\p18LF27J13.asm


