MPLINK 4.37, Linker
Linker Map File - Created Mon Oct 11 22:59:23 2010

                                 Section Info
                  Section       Type    Address   Location Size(Bytes)
                ---------  ---------  ---------  ---------  ---------
               _entry_scn       code   0x000000    program   0x000006
                   .cinit    romdata   0x000006    program   0x000002
             .code_main.o       code   0x000008    program   0x000108
          .code_adcopen.o       code   0x000110    program   0x0000a2
               _cinit_scn       code   0x0001b2    program   0x00009e
             D10KTCYXCODE       code   0x000250    program   0x00002e
         .code_adcsetch.o       code   0x00027e    program   0x00002e
              D1KTCYXCODE       code   0x0002ac    program   0x000020
                    .code       code   0x0002cc    program   0x000020
             _startup_scn       code   0x0002ec    program   0x00001c
              D10TCYXCODE       code   0x000308    program   0x000016
          .code_adcread.o       code   0x00031e    program   0x000012
          .code_adcbusy.o       code   0x000330    program   0x00000a
         .code_adcclose.o       code   0x00033a    program   0x000006
          .code_adcconv.o       code   0x000340    program   0x000004
           .code___init.o       code   0x000344    program   0x000002
      .idata_adcsetch.o_i    romdata   0x000346    program   0x000000
       .romdata_adcread.o    romdata   0x000346    program   0x000000
       .idata_adcread.o_i    romdata   0x000346    program   0x000000
      .romdata_adcsetch.o    romdata   0x000346    program   0x000000
        .idata___init.o_i    romdata   0x000346    program   0x000000
        .romdata___init.o    romdata   0x000346    program   0x000000
       .romdata_adcopen.o    romdata   0x000346    program   0x000000
       .idata_adcopen.o_i    romdata   0x000346    program   0x000000
       .romdata_adcconv.o    romdata   0x000346    program   0x000000
       .idata_adcconv.o_i    romdata   0x000346    program   0x000000
      .romdata_adcclose.o    romdata   0x000346    program   0x000000
      .idata_adcclose.o_i    romdata   0x000346    program   0x000000
       .romdata_adcbusy.o    romdata   0x000346    program   0x000000
       .idata_adcbusy.o_i    romdata   0x000346    program   0x000000
          .romdata_main.o    romdata   0x000346    program   0x000000
          .idata_main.o_i    romdata   0x000346    program   0x000000
            .code_c018i.o       code   0x000346    program   0x000000
         .romdata_c018i.o    romdata   0x000346    program   0x000000
         .idata_c018i.o_i    romdata   0x000346    program   0x000000
                 .tmpdata      udata   0x000000       data   0x000004
                MATH_DATA      udata   0x000004       data   0x000002
                DELAYDAT2      udata   0x000006       data   0x000001
                DELAYDAT1      udata   0x000007       data   0x000001
           .udata_c018i.o      udata   0x000060       data   0x00000a
         .idata_adcconv.o      idata   0x00006a       data   0x000000
         .udata_adcconv.o      udata   0x00006a       data   0x000000
        .idata_adcclose.o      idata   0x00006a       data   0x000000
        .udata_adcclose.o      udata   0x00006a       data   0x000000
         .udata_adcopen.o      udata   0x00006a       data   0x000000
         .idata_adcopen.o      idata   0x00006a       data   0x000000
         .udata_adcread.o      udata   0x00006a       data   0x000000
         .idata_adcread.o      idata   0x00006a       data   0x000000
        .udata_adcsetch.o      udata   0x00006a       data   0x000000
        .idata_adcsetch.o      idata   0x00006a       data   0x000000
          .udata___init.o      udata   0x00006a       data   0x000000
          .idata___init.o      idata   0x00006a       data   0x000000
         .idata_adcbusy.o      idata   0x00006a       data   0x000000
         .udata_adcbusy.o      udata   0x00006a       data   0x000000
            .idata_main.o      idata   0x00006a       data   0x000000
            .udata_main.o      udata   0x00006a       data   0x000000
           .idata_c018i.o      idata   0x00006a       data   0x000000
                   .stack      udata   0x000d00       data   0x000100
              SFR_BANKED0      udata   0x000eb8       data   0x000005
              SFR_BANKED1      udata   0x000ebf       data   0x000014
              SFR_BANKED2      udata   0x000ee1       data   0x000004
              SFR_BANKED3      udata   0x000ee6       data   0x000005
              SFR_BANKED4      udata   0x000ef2       data   0x000003
              SFR_BANKED5      udata   0x000ef7       data   0x000002
              SFR_BANKED6      udata   0x000efc       data   0x000004
              SFR_BANKED7      udata   0x000f00       data   0x000026
              SFR_BANKED8      udata   0x000f3a       data   0x000009
              SFR_BANKED9      udata   0x000f44       data   0x000010
            SFR_UNBANKED0      udata   0x000f66       data   0x00009a



                              Program Memory Usage 
                               Start         End      
                           ---------   ---------      
                            0x000000    0x000345      
            838 out of 131074 program addresses used, program memory utilization is 0%



                              Symbols - Sorted by Name
                     Name    Address   Location    Storage File                     
                ---------  ---------  ---------  --------- ---------                
                  BusyADC   0x000330    program     extern C:\MCC18\src\pmc_common\ADC\adcbusy.c
                 CloseADC   0x00033a    program     extern C:\MCC18\src\pmc_common\ADC\adcclose.c
               ConvertADC   0x000340    program     extern C:\MCC18\src\pmc_common\ADC\adcconv.c
                   D10K_1   0x00025c    program     static C:\MCC18\src\traditional\delays\d10ktcyx.asm
                    D10Kl   0x000268    program     static C:\MCC18\src\traditional\delays\d10ktcyx.asm
                    D10Kx   0x00025a    program     static C:\MCC18\src\traditional\delays\d10ktcyx.asm
                    D10_1   0x000318    program     static C:\MCC18\src\traditional\delays\d10tcyx.asm
                     D10x   0x000310    program     static C:\MCC18\src\traditional\delays\d10tcyx.asm
                    D1K_1   0x0002b8    program     static C:\MCC18\src\traditional\delays\d1ktcyx.asm
                     D1Kx   0x0002b6    program     static C:\MCC18\src\traditional\delays\d1ktcyx.asm
             Delay10KTCYx   0x000250    program     extern C:\MCC18\src\traditional\delays\d10ktcyx.asm
              Delay10TCYx   0x000308    program     extern C:\MCC18\src\traditional\delays\d10tcyx.asm
              Delay1KTCYx   0x0002ac    program     extern C:\MCC18\src\traditional\delays\d1ktcyx.asm
                  OpenADC   0x000110    program     extern C:\MCC18\src\pmc_common\ADC\adcopen.c
                  ReadADC   0x00031e    program     extern C:\MCC18\src\pmc_common\ADC\adcread.c
               SetChanADC   0x00027e    program     extern C:\MCC18\src\pmc_common\ADC\adcsetch.c
       _D10KTCYXCODE_0010   0x000260    program     static C:\MCC18\src\traditional\delays\d10ktcyx.asm
       _D10KTCYXCODE_001C   0x00026c    program     static C:\MCC18\src\traditional\delays\d10ktcyx.asm
        _D10TCYXCODE_000A   0x000312    program     static C:\MCC18\src\traditional\delays\d10tcyx.asm
        _D10TCYXCODE_000C   0x000314    program     static C:\MCC18\src\traditional\delays\d10tcyx.asm
        _D10TCYXCODE_000E   0x000316    program     static C:\MCC18\src\traditional\delays\d10tcyx.asm
        _D1KTCYXCODE_0010   0x0002bc    program     static C:\MCC18\src\traditional\delays\d1ktcyx.asm
        _D1KTCYXCODE_0016   0x0002c2    program     static C:\MCC18\src\traditional\delays\d1ktcyx.asm
       ___return_lbl00000   0x000004    program     static                          
       ___return_lbl00001   0x000306    program     static                          
       ___return_lbl00002   0x00024e    program     static                          
                   __init   0x000344    program     extern C:\MCC18\src\traditional\stdclib\__init.c
            __zero_memory   0x0002cc    program     extern C:\MCC18\src\traditional\proc\p18LF27J13.asm
                _do_cinit   0x0001b2    program     extern C:\MCC18\src\traditional\startup\c018i.c
                   _entry   0x000000    program     extern C:\MCC18\src\traditional\startup\c018i.c
                 _startup   0x0002ec    program     extern C:\MCC18\src\traditional\startup\c018i.c
                compare_l   0x0002e2    program     static C:\MCC18\src\traditional\proc\p18LF27J13.asm
                copy_loop   0x000224    program     static                          
            copy_one_byte   0x00022a    program     static                          
                     done   0x00024e    program     static                          
             done_copying   0x000238    program     static                          
                  initADC   0x000008    program     extern C:\Users\Ty\Documents\S1\embedded\Board_Test_AD\main.c
                     loop   0x0002fc    program     static                          
                   loop_h   0x0002da    program     static C:\MCC18\src\traditional\proc\p18LF27J13.asm
                   loop_l   0x0002e4    program     static C:\MCC18\src\traditional\proc\p18LF27J13.asm
                     main   0x000088    program     extern C:\Users\Ty\Documents\S1\embedded\Board_Test_AD\main.c
                  readADC   0x00003c    program     extern C:\Users\Ty\Documents\S1\embedded\Board_Test_AD\main.c
                  stopADC   0x000084    program     extern C:\Users\Ty\Documents\S1\embedded\Board_Test_AD\main.c
                     test   0x0001cc    program     static                          
               zero_block   0x0002da    program     static C:\MCC18\src\traditional\proc\p18LF27J13.asm
                   ADCON0   0x000fc2       data     extern C:\MCC18\src\traditional\proc\p18LF27J13.asm
               ADCON0bits   0x000fc2       data     extern C:\MCC18\src\traditional\proc\p18LF27J13.asm
                   ADCON1   0x000fc1       data     extern C:\MCC18\src\traditional\proc\p18LF27J13.asm
               ADCON1bits   0x000fc1       data     extern C:\MCC18\src\traditional\proc\p18LF27J13.asm
                  ADCTRIG   0x000eb8       data     extern C:\MCC18\src\traditional\proc\p18LF27J13.asm
              ADCTRIGbits   0x000eb8       data     extern C:\MCC18\src\traditional\proc\p18LF27J13.asm
                    ADRES   0x000fc3       data     extern C:\MCC18\src\traditional\proc\p18LF27J13.asm
                   ADRESH   0x000fc4       data     extern C:\MCC18\src\traditional\proc\p18LF27J13.asm
                   ADRESL   0x000fc3       data     extern C:\MCC18\src\traditional\proc\p18LF27J13.asm
                  ALRMCFG   0x000f47       data     extern C:\MCC18\src\traditional\proc\p18LF27J13.asm
              ALRMCFGbits   0x000f47       data     extern C:\MCC18\src\traditional\proc\p18LF27J13.asm
                  ALRMRPT   0x000f46       data     extern C:\MCC18\src\traditional\proc\p18LF27J13.asm
              ALRMRPTbits   0x000f46       data     extern C:\MCC18\src\traditional\proc\p18LF27J13.asm
                 ALRMVALH   0x000f45       data     extern C:\MCC18\src\traditional\proc\p18LF27J13.asm
                 ALRMVALL   0x000f44       data     extern C:\MCC18\src\traditional\proc\p18LF27J13.asm
                   ANCON0   0x000f48       data     extern C:\MCC18\src\traditional\proc\p18LF27J13.asm
               ANCON0bits   0x000f48       data     extern C:\MCC18\src\traditional\proc\p18LF27J13.asm
                   ANCON1   0x000f49       data     extern C:\MCC18\src\traditional\proc\p18LF27J13.asm
               ANCON1bits   0x000f49       data     extern C:\MCC18\src\traditional\proc\p18LF27J13.asm
                  BAUDCON   0x000f7e       data     extern C:\MCC18\src\traditional\proc\p18LF27J13.asm
                 BAUDCON1   0x000f7e       data     extern C:\MCC18\src\traditional\proc\p18LF27J13.asm
             BAUDCON1bits   0x000f7e       data     extern C:\MCC18\src\traditional\proc\p18LF27J13.asm
                 BAUDCON2   0x000f7c       data     extern C:\MCC18\src\traditional\proc\p18LF27J13.asm
             BAUDCON2bits   0x000f7c       data     extern C:\MCC18\src\traditional\proc\p18LF27J13.asm
              BAUDCONbits   0x000f7e       data     extern C:\MCC18\src\traditional\proc\p18LF27J13.asm
                  BAUDCTL   0x000f7e       data     extern C:\MCC18\src\traditional\proc\p18LF27J13.asm
              BAUDCTLbits   0x000f7e       data     extern C:\MCC18\src\traditional\proc\p18LF27J13.asm
                      BSR   0x000fe0       data     extern C:\MCC18\src\traditional\proc\p18LF27J13.asm
                 CCP10CON   0x000f00       data     extern C:\MCC18\src\traditional\proc\p18LF27J13.asm
             CCP10CONbits   0x000f00       data     extern C:\MCC18\src\traditional\proc\p18LF27J13.asm
                  CCP1CON   0x000fba       data     extern C:\MCC18\src\traditional\proc\p18LF27J13.asm
              CCP1CONbits   0x000fba       data     extern C:\MCC18\src\traditional\proc\p18LF27J13.asm
                  CCP2CON   0x000fb4       data     extern C:\MCC18\src\traditional\proc\p18LF27J13.asm
              CCP2CONbits   0x000fb4       data     extern C:\MCC18\src\traditional\proc\p18LF27J13.asm
                  CCP3CON   0x000f15       data     extern C:\MCC18\src\traditional\proc\p18LF27J13.asm
              CCP3CONbits   0x000f15       data     extern C:\MCC18\src\traditional\proc\p18LF27J13.asm
                  CCP4CON   0x000f12       data     extern C:\MCC18\src\traditional\proc\p18LF27J13.asm
              CCP4CONbits   0x000f12       data     extern C:\MCC18\src\traditional\proc\p18LF27J13.asm
                  CCP5CON   0x000f0f       data     extern C:\MCC18\src\traditional\proc\p18LF27J13.asm
              CCP5CONbits   0x000f0f       data     extern C:\MCC18\src\traditional\proc\p18LF27J13.asm
                  CCP6CON   0x000f0c       data     extern C:\MCC18\src\traditional\proc\p18LF27J13.asm
              CCP6CONbits   0x000f0c       data     extern C:\MCC18\src\traditional\proc\p18LF27J13.asm
                  CCP7CON   0x000f09       data     extern C:\MCC18\src\traditional\proc\p18LF27J13.asm
              CCP7CONbits   0x000f09       data     extern C:\MCC18\src\traditional\proc\p18LF27J13.asm
                  CCP8CON   0x000f06       data     extern C:\MCC18\src\traditional\proc\p18LF27J13.asm
              CCP8CONbits   0x000f06       data     extern C:\MCC18\src\traditional\proc\p18LF27J13.asm
                  CCP9CON   0x000f03       data     extern C:\MCC18\src\traditional\proc\p18LF27J13.asm
              CCP9CONbits   0x000f03       data     extern C:\MCC18\src\traditional\proc\p18LF27J13.asm
                    CCPR1   0x000fbb       data     extern C:\MCC18\src\traditional\proc\p18LF27J13.asm
                  CCPR10H   0x000f02       data     extern C:\MCC18\src\traditional\proc\p18LF27J13.asm
                  CCPR10L   0x000f01       data     extern C:\MCC18\src\traditional\proc\p18LF27J13.asm
                   CCPR1H   0x000fbc       data     extern C:\MCC18\src\traditional\proc\p18LF27J13.asm
                   CCPR1L   0x000fbb       data     extern C:\MCC18\src\traditional\proc\p18LF27J13.asm
                    CCPR2   0x000fb5       data     extern C:\MCC18\src\traditional\proc\p18LF27J13.asm
                   CCPR2H   0x000fb6       data     extern C:\MCC18\src\traditional\proc\p18LF27J13.asm
                   CCPR2L   0x000fb5       data     extern C:\MCC18\src\traditional\proc\p18LF27J13.asm
                   CCPR3H   0x000f17       data     extern C:\MCC18\src\traditional\proc\p18LF27J13.asm
                   CCPR3L   0x000f16       data     extern C:\MCC18\src\traditional\proc\p18LF27J13.asm
                   CCPR4H   0x000f14       data     extern C:\MCC18\src\traditional\proc\p18LF27J13.asm
                   CCPR4L   0x000f13       data     extern C:\MCC18\src\traditional\proc\p18LF27J13.asm
                   CCPR5H   0x000f11       data     extern C:\MCC18\src\traditional\proc\p18LF27J13.asm
                   CCPR5L   0x000f10       data     extern C:\MCC18\src\traditional\proc\p18LF27J13.asm
                   CCPR6H   0x000f0e       data     extern C:\MCC18\src\traditional\proc\p18LF27J13.asm
                   CCPR6L   0x000f0d       data     extern C:\MCC18\src\traditional\proc\p18LF27J13.asm
                   CCPR7H   0x000f0b       data     extern C:\MCC18\src\traditional\proc\p18LF27J13.asm
                   CCPR7L   0x000f0a       data     extern C:\MCC18\src\traditional\proc\p18LF27J13.asm
                   CCPR8H   0x000f08       data     extern C:\MCC18\src\traditional\proc\p18LF27J13.asm
                   CCPR8L   0x000f07       data     extern C:\MCC18\src\traditional\proc\p18LF27J13.asm
                   CCPR9H   0x000f05       data     extern C:\MCC18\src\traditional\proc\p18LF27J13.asm
                   CCPR9L   0x000f04       data     extern C:\MCC18\src\traditional\proc\p18LF27J13.asm
                 CCPTMRS0   0x000f52       data     extern C:\MCC18\src\traditional\proc\p18LF27J13.asm
             CCPTMRS0bits   0x000f52       data     extern C:\MCC18\src\traditional\proc\p18LF27J13.asm
                 CCPTMRS1   0x000f51       data     extern C:\MCC18\src\traditional\proc\p18LF27J13.asm
             CCPTMRS1bits   0x000f51       data     extern C:\MCC18\src\traditional\proc\p18LF27J13.asm
                 CCPTMRS2   0x000f50       data     extern C:\MCC18\src\traditional\proc\p18LF27J13.asm
             CCPTMRS2bits   0x000f50       data     extern C:\MCC18\src\traditional\proc\p18LF27J13.asm
                   CM1CON   0x000fd2       data     extern C:\MCC18\src\traditional\proc\p18LF27J13.asm
                  CM1CON1   0x000fd2       data     extern C:\MCC18\src\traditional\proc\p18LF27J13.asm
              CM1CON1bits   0x000fd2       data     extern C:\MCC18\src\traditional\proc\p18LF27J13.asm
               CM1CONbits   0x000fd2       data     extern C:\MCC18\src\traditional\proc\p18LF27J13.asm
                   CM2CON   0x000fd1       data     extern C:\MCC18\src\traditional\proc\p18LF27J13.asm
                  CM2CON1   0x000fd1       data     extern C:\MCC18\src\traditional\proc\p18LF27J13.asm
              CM2CON1bits   0x000fd1       data     extern C:\MCC18\src\traditional\proc\p18LF27J13.asm
               CM2CONbits   0x000fd1       data     extern C:\MCC18\src\traditional\proc\p18LF27J13.asm
                   CM3CON   0x000f25       data     extern C:\MCC18\src\traditional\proc\p18LF27J13.asm
               CM3CONbits   0x000f25       data     extern C:\MCC18\src\traditional\proc\p18LF27J13.asm
                   CMSTAT   0x000f70       data     extern C:\MCC18\src\traditional\proc\p18LF27J13.asm
                 CMSTATUS   0x000f70       data     extern C:\MCC18\src\traditional\proc\p18LF27J13.asm
             CMSTATUSbits   0x000f70       data     extern C:\MCC18\src\traditional\proc\p18LF27J13.asm
               CMSTATbits   0x000f70       data     extern C:\MCC18\src\traditional\proc\p18LF27J13.asm
                 CTMUCONH   0x000fb3       data     extern C:\MCC18\src\traditional\proc\p18LF27J13.asm
             CTMUCONHbits   0x000fb3       data     extern C:\MCC18\src\traditional\proc\p18LF27J13.asm
                 CTMUCONL   0x000fb2       data     extern C:\MCC18\src\traditional\proc\p18LF27J13.asm
             CTMUCONLbits   0x000fb2       data     extern C:\MCC18\src\traditional\proc\p18LF27J13.asm
                 CTMUICON   0x000fb1       data     extern C:\MCC18\src\traditional\proc\p18LF27J13.asm
             CTMUICONbits   0x000fb1       data     extern C:\MCC18\src\traditional\proc\p18LF27J13.asm
                   CVRCON   0x000f53       data     extern C:\MCC18\src\traditional\proc\p18LF27J13.asm
               CVRCONbits   0x000f53       data     extern C:\MCC18\src\traditional\proc\p18LF27J13.asm
                   DMABCH   0x000f66       data     extern C:\MCC18\src\traditional\proc\p18LF27J13.asm
               DMABCHbits   0x000f66       data     extern C:\MCC18\src\traditional\proc\p18LF27J13.asm
                   DMABCL   0x000f67       data     extern C:\MCC18\src\traditional\proc\p18LF27J13.asm
                  DMACON1   0x000f88       data     extern C:\MCC18\src\traditional\proc\p18LF27J13.asm
              DMACON1bits   0x000f88       data     extern C:\MCC18\src\traditional\proc\p18LF27J13.asm
                  DMACON2   0x000f86       data     extern C:\MCC18\src\traditional\proc\p18LF27J13.asm
              DMACON2bits   0x000f86       data     extern C:\MCC18\src\traditional\proc\p18LF27J13.asm
                   DSCONH   0x000f4d       data     extern C:\MCC18\src\traditional\proc\p18LF27J13.asm
               DSCONHbits   0x000f4d       data     extern C:\MCC18\src\traditional\proc\p18LF27J13.asm
                   DSCONL   0x000f4c       data     extern C:\MCC18\src\traditional\proc\p18LF27J13.asm
               DSCONLbits   0x000f4c       data     extern C:\MCC18\src\traditional\proc\p18LF27J13.asm
                   DSGPR0   0x000f4e       data     extern C:\MCC18\src\traditional\proc\p18LF27J13.asm
                   DSGPR1   0x000f4f       data     extern C:\MCC18\src\traditional\proc\p18LF27J13.asm
                  DSWAKEH   0x000f4b       data     extern C:\MCC18\src\traditional\proc\p18LF27J13.asm
              DSWAKEHbits   0x000f4b       data     extern C:\MCC18\src\traditional\proc\p18LF27J13.asm
                  DSWAKEL   0x000f4a       data     extern C:\MCC18\src\traditional\proc\p18LF27J13.asm
              DSWAKELbits   0x000f4a       data     extern C:\MCC18\src\traditional\proc\p18LF27J13.asm
            DelayCounter1   0x000007       data     extern C:\MCC18\src\traditional\delays\delayd1.asm
            DelayCounter2   0x000006       data     extern C:\MCC18\src\traditional\delays\delayd2.asm
                  ECCP1AS   0x000fbe       data     extern C:\MCC18\src\traditional\proc\p18LF27J13.asm
              ECCP1ASbits   0x000fbe       data     extern C:\MCC18\src\traditional\proc\p18LF27J13.asm
                 ECCP1CON   0x000fba       data     extern C:\MCC18\src\traditional\proc\p18LF27J13.asm
             ECCP1CONbits   0x000fba       data     extern C:\MCC18\src\traditional\proc\p18LF27J13.asm
                 ECCP1DEL   0x000fbd       data     extern C:\MCC18\src\traditional\proc\p18LF27J13.asm
             ECCP1DELbits   0x000fbd       data     extern C:\MCC18\src\traditional\proc\p18LF27J13.asm
                  ECCP2AS   0x000fb8       data     extern C:\MCC18\src\traditional\proc\p18LF27J13.asm
              ECCP2ASbits   0x000fb8       data     extern C:\MCC18\src\traditional\proc\p18LF27J13.asm
                 ECCP2CON   0x000fb4       data     extern C:\MCC18\src\traditional\proc\p18LF27J13.asm
             ECCP2CONbits   0x000fb4       data     extern C:\MCC18\src\traditional\proc\p18LF27J13.asm
                 ECCP2DEL   0x000fb7       data     extern C:\MCC18\src\traditional\proc\p18LF27J13.asm
             ECCP2DELbits   0x000fb7       data     extern C:\MCC18\src\traditional\proc\p18LF27J13.asm
                  ECCP3AS   0x000f19       data     extern C:\MCC18\src\traditional\proc\p18LF27J13.asm
              ECCP3ASbits   0x000f19       data     extern C:\MCC18\src\traditional\proc\p18LF27J13.asm
                 ECCP3DEL   0x000f18       data     extern C:\MCC18\src\traditional\proc\p18LF27J13.asm
             ECCP3DELbits   0x000f18       data     extern C:\MCC18\src\traditional\proc\p18LF27J13.asm
                   EECON1   0x000fa6       data     extern C:\MCC18\src\traditional\proc\p18LF27J13.asm
               EECON1bits   0x000fa6       data     extern C:\MCC18\src\traditional\proc\p18LF27J13.asm
                   EECON2   0x000fa7       data     extern C:\MCC18\src\traditional\proc\p18LF27J13.asm
                     FSR0   0x000fe9       data     extern C:\MCC18\src\traditional\proc\p18LF27J13.asm
                    FSR0H   0x000fea       data     extern C:\MCC18\src\traditional\proc\p18LF27J13.asm
                    FSR0L   0x000fe9       data     extern C:\MCC18\src\traditional\proc\p18LF27J13.asm
                     FSR1   0x000fe1       data     extern C:\MCC18\src\traditional\proc\p18LF27J13.asm
                    FSR1H   0x000fe2       data     extern C:\MCC18\src\traditional\proc\p18LF27J13.asm
                    FSR1L   0x000fe1       data     extern C:\MCC18\src\traditional\proc\p18LF27J13.asm
                     FSR2   0x000fd9       data     extern C:\MCC18\src\traditional\proc\p18LF27J13.asm
                    FSR2H   0x000fda       data     extern C:\MCC18\src\traditional\proc\p18LF27J13.asm
                    FSR2L   0x000fd9       data     extern C:\MCC18\src\traditional\proc\p18LF27J13.asm
                  HLVDCON   0x000f85       data     extern C:\MCC18\src\traditional\proc\p18LF27J13.asm
              HLVDCONbits   0x000f85       data     extern C:\MCC18\src\traditional\proc\p18LF27J13.asm
                    INDF0   0x000fef       data     extern C:\MCC18\src\traditional\proc\p18LF27J13.asm
                    INDF1   0x000fe7       data     extern C:\MCC18\src\traditional\proc\p18LF27J13.asm
                    INDF2   0x000fdf       data     extern C:\MCC18\src\traditional\proc\p18LF27J13.asm
                   INTCON   0x000ff2       data     extern C:\MCC18\src\traditional\proc\p18LF27J13.asm
                  INTCON2   0x000ff1       data     extern C:\MCC18\src\traditional\proc\p18LF27J13.asm
              INTCON2bits   0x000ff1       data     extern C:\MCC18\src\traditional\proc\p18LF27J13.asm
                  INTCON3   0x000ff0       data     extern C:\MCC18\src\traditional\proc\p18LF27J13.asm
              INTCON3bits   0x000ff0       data     extern C:\MCC18\src\traditional\proc\p18LF27J13.asm
               INTCONbits   0x000ff2       data     extern C:\MCC18\src\traditional\proc\p18LF27J13.asm
                     IPR1   0x000f9f       data     extern C:\MCC18\src\traditional\proc\p18LF27J13.asm
                 IPR1bits   0x000f9f       data     extern C:\MCC18\src\traditional\proc\p18LF27J13.asm
                     IPR2   0x000fa2       data     extern C:\MCC18\src\traditional\proc\p18LF27J13.asm
                 IPR2bits   0x000fa2       data     extern C:\MCC18\src\traditional\proc\p18LF27J13.asm
                     IPR3   0x000fa5       data     extern C:\MCC18\src\traditional\proc\p18LF27J13.asm
                 IPR3bits   0x000fa5       data     extern C:\MCC18\src\traditional\proc\p18LF27J13.asm
                     IPR4   0x000f90       data     extern C:\MCC18\src\traditional\proc\p18LF27J13.asm
                 IPR4bits   0x000f90       data     extern C:\MCC18\src\traditional\proc\p18LF27J13.asm
                     IPR5   0x000f99       data     extern C:\MCC18\src\traditional\proc\p18LF27J13.asm
                 IPR5bits   0x000f99       data     extern C:\MCC18\src\traditional\proc\p18LF27J13.asm
                     LATA   0x000f89       data     extern C:\MCC18\src\traditional\proc\p18LF27J13.asm
                 LATAbits   0x000f89       data     extern C:\MCC18\src\traditional\proc\p18LF27J13.asm
                     LATB   0x000f8a       data     extern C:\MCC18\src\traditional\proc\p18LF27J13.asm
                 LATBbits   0x000f8a       data     extern C:\MCC18\src\traditional\proc\p18LF27J13.asm
                     LATC   0x000f8b       data     extern C:\MCC18\src\traditional\proc\p18LF27J13.asm
                 LATCbits   0x000f8b       data     extern C:\MCC18\src\traditional\proc\p18LF27J13.asm
                   ODCON1   0x000f42       data     extern C:\MCC18\src\traditional\proc\p18LF27J13.asm
               ODCON1bits   0x000f42       data     extern C:\MCC18\src\traditional\proc\p18LF27J13.asm
                   ODCON2   0x000f41       data     extern C:\MCC18\src\traditional\proc\p18LF27J13.asm
               ODCON2bits   0x000f41       data     extern C:\MCC18\src\traditional\proc\p18LF27J13.asm
                   ODCON3   0x000f40       data     extern C:\MCC18\src\traditional\proc\p18LF27J13.asm
               ODCON3bits   0x000f40       data     extern C:\MCC18\src\traditional\proc\p18LF27J13.asm
                   OSCCON   0x000fd3       data     extern C:\MCC18\src\traditional\proc\p18LF27J13.asm
                  OSCCON2   0x000f87       data     extern C:\MCC18\src\traditional\proc\p18LF27J13.asm
              OSCCON2bits   0x000f87       data     extern C:\MCC18\src\traditional\proc\p18LF27J13.asm
               OSCCONbits   0x000fd3       data     extern C:\MCC18\src\traditional\proc\p18LF27J13.asm
                  OSCTUNE   0x000f9b       data     extern C:\MCC18\src\traditional\proc\p18LF27J13.asm
              OSCTUNEbits   0x000f9b       data     extern C:\MCC18\src\traditional\proc\p18LF27J13.asm
                  PADCFG1   0x000f3c       data     extern C:\MCC18\src\traditional\proc\p18LF27J13.asm
              PADCFG1bits   0x000f3c       data     extern C:\MCC18\src\traditional\proc\p18LF27J13.asm
                       PC   0x000ff9       data     extern C:\MCC18\src\traditional\proc\p18LF27J13.asm
                      PCL   0x000ff9       data     extern C:\MCC18\src\traditional\proc\p18LF27J13.asm
                   PCLATH   0x000ffa       data     extern C:\MCC18\src\traditional\proc\p18LF27J13.asm
                   PCLATU   0x000ffb       data     extern C:\MCC18\src\traditional\proc\p18LF27J13.asm
                      PD0   0x000eb9       data     extern C:\MCC18\src\traditional\proc\p18LF27J13.asm
                  PD0bits   0x000eb9       data     extern C:\MCC18\src\traditional\proc\p18LF27J13.asm
                      PD1   0x000eba       data     extern C:\MCC18\src\traditional\proc\p18LF27J13.asm
                  PD1bits   0x000eba       data     extern C:\MCC18\src\traditional\proc\p18LF27J13.asm
                      PD2   0x000ebb       data     extern C:\MCC18\src\traditional\proc\p18LF27J13.asm
                  PD2bits   0x000ebb       data     extern C:\MCC18\src\traditional\proc\p18LF27J13.asm
                      PD3   0x000ebc       data     extern C:\MCC18\src\traditional\proc\p18LF27J13.asm
                  PD3bits   0x000ebc       data     extern C:\MCC18\src\traditional\proc\p18LF27J13.asm
                     PIE1   0x000f9d       data     extern C:\MCC18\src\traditional\proc\p18LF27J13.asm
                 PIE1bits   0x000f9d       data     extern C:\MCC18\src\traditional\proc\p18LF27J13.asm
                     PIE2   0x000fa0       data     extern C:\MCC18\src\traditional\proc\p18LF27J13.asm
                 PIE2bits   0x000fa0       data     extern C:\MCC18\src\traditional\proc\p18LF27J13.asm
                     PIE3   0x000fa3       data     extern C:\MCC18\src\traditional\proc\p18LF27J13.asm
                 PIE3bits   0x000fa3       data     extern C:\MCC18\src\traditional\proc\p18LF27J13.asm
                     PIE4   0x000f8e       data     extern C:\MCC18\src\traditional\proc\p18LF27J13.asm
                 PIE4bits   0x000f8e       data     extern C:\MCC18\src\traditional\proc\p18LF27J13.asm
                     PIE5   0x000f91       data     extern C:\MCC18\src\traditional\proc\p18LF27J13.asm
                 PIE5bits   0x000f91       data     extern C:\MCC18\src\traditional\proc\p18LF27J13.asm
                     PIR1   0x000f9e       data     extern C:\MCC18\src\traditional\proc\p18LF27J13.asm
                 PIR1bits   0x000f9e       data     extern C:\MCC18\src\traditional\proc\p18LF27J13.asm
                     PIR2   0x000fa1       data     extern C:\MCC18\src\traditional\proc\p18LF27J13.asm
                 PIR2bits   0x000fa1       data     extern C:\MCC18\src\traditional\proc\p18LF27J13.asm
                     PIR3   0x000fa4       data     extern C:\MCC18\src\traditional\proc\p18LF27J13.asm
                 PIR3bits   0x000fa4       data     extern C:\MCC18\src\traditional\proc\p18LF27J13.asm
                     PIR4   0x000f8f       data     extern C:\MCC18\src\traditional\proc\p18LF27J13.asm
                 PIR4bits   0x000f8f       data     extern C:\MCC18\src\traditional\proc\p18LF27J13.asm
                     PIR5   0x000f98       data     extern C:\MCC18\src\traditional\proc\p18LF27J13.asm
                 PIR5bits   0x000f98       data     extern C:\MCC18\src\traditional\proc\p18LF27J13.asm
                   PLUSW0   0x000feb       data     extern C:\MCC18\src\traditional\proc\p18LF27J13.asm
                   PLUSW1   0x000fe3       data     extern C:\MCC18\src\traditional\proc\p18LF27J13.asm
                   PLUSW2   0x000fdb       data     extern C:\MCC18\src\traditional\proc\p18LF27J13.asm
                   PMDIS0   0x000eb9       data     extern C:\MCC18\src\traditional\proc\p18LF27J13.asm
               PMDIS0bits   0x000eb9       data     extern C:\MCC18\src\traditional\proc\p18LF27J13.asm
                   PMDIS1   0x000eba       data     extern C:\MCC18\src\traditional\proc\p18LF27J13.asm
               PMDIS1bits   0x000eba       data     extern C:\MCC18\src\traditional\proc\p18LF27J13.asm
                   PMDIS2   0x000ebb       data     extern C:\MCC18\src\traditional\proc\p18LF27J13.asm
               PMDIS2bits   0x000ebb       data     extern C:\MCC18\src\traditional\proc\p18LF27J13.asm
                   PMDIS3   0x000ebc       data     extern C:\MCC18\src\traditional\proc\p18LF27J13.asm
               PMDIS3bits   0x000ebc       data     extern C:\MCC18\src\traditional\proc\p18LF27J13.asm
                    PORTA   0x000f80       data     extern C:\MCC18\src\traditional\proc\p18LF27J13.asm
                PORTAbits   0x000f80       data     extern C:\MCC18\src\traditional\proc\p18LF27J13.asm
                    PORTB   0x000f81       data     extern C:\MCC18\src\traditional\proc\p18LF27J13.asm
                PORTBbits   0x000f81       data     extern C:\MCC18\src\traditional\proc\p18LF27J13.asm
                    PORTC   0x000f82       data     extern C:\MCC18\src\traditional\proc\p18LF27J13.asm
                PORTCbits   0x000f82       data     extern C:\MCC18\src\traditional\proc\p18LF27J13.asm
                 POSTDEC0   0x000fed       data     extern C:\MCC18\src\traditional\proc\p18LF27J13.asm
                 POSTDEC1   0x000fe5       data     extern C:\MCC18\src\traditional\proc\p18LF27J13.asm
                 POSTDEC2   0x000fdd       data     extern C:\MCC18\src\traditional\proc\p18LF27J13.asm
                 POSTINC0   0x000fee       data     extern C:\MCC18\src\traditional\proc\p18LF27J13.asm
                 POSTINC1   0x000fe6       data     extern C:\MCC18\src\traditional\proc\p18LF27J13.asm
                 POSTINC2   0x000fde       data     extern C:\MCC18\src\traditional\proc\p18LF27J13.asm
                   PPSCON   0x000ebf       data     extern C:\MCC18\src\traditional\proc\p18LF27J13.asm
               PPSCONbits   0x000ebf       data     extern C:\MCC18\src\traditional\proc\p18LF27J13.asm
                      PR2   0x000fcb       data     extern C:\MCC18\src\traditional\proc\p18LF27J13.asm
                      PR4   0x000f77       data     extern C:\MCC18\src\traditional\proc\p18LF27J13.asm
                      PR6   0x000f1f       data     extern C:\MCC18\src\traditional\proc\p18LF27J13.asm
                      PR8   0x000f1c       data     extern C:\MCC18\src\traditional\proc\p18LF27J13.asm
                  PREINC0   0x000fec       data     extern C:\MCC18\src\traditional\proc\p18LF27J13.asm
                  PREINC1   0x000fe4       data     extern C:\MCC18\src\traditional\proc\p18LF27J13.asm
                  PREINC2   0x000fdc       data     extern C:\MCC18\src\traditional\proc\p18LF27J13.asm
                     PROD   0x000ff3       data     extern C:\MCC18\src\traditional\proc\p18LF27J13.asm
                    PRODH   0x000ff4       data     extern C:\MCC18\src\traditional\proc\p18LF27J13.asm
                    PRODL   0x000ff3       data     extern C:\MCC18\src\traditional\proc\p18LF27J13.asm
                 PSTR1CON   0x000fbf       data     extern C:\MCC18\src\traditional\proc\p18LF27J13.asm
             PSTR1CONbits   0x000fbf       data     extern C:\MCC18\src\traditional\proc\p18LF27J13.asm
                 PSTR2CON   0x000fb9       data     extern C:\MCC18\src\traditional\proc\p18LF27J13.asm
             PSTR2CONbits   0x000fb9       data     extern C:\MCC18\src\traditional\proc\p18LF27J13.asm
                 PSTR3CON   0x000f1a       data     extern C:\MCC18\src\traditional\proc\p18LF27J13.asm
             PSTR3CONbits   0x000f1a       data     extern C:\MCC18\src\traditional\proc\p18LF27J13.asm
                  PWM1CON   0x000fbd       data     extern C:\MCC18\src\traditional\proc\p18LF27J13.asm
              PWM1CONbits   0x000fbd       data     extern C:\MCC18\src\traditional\proc\p18LF27J13.asm
                  PWM2CON   0x000fb7       data     extern C:\MCC18\src\traditional\proc\p18LF27J13.asm
              PWM2CONbits   0x000fb7       data     extern C:\MCC18\src\traditional\proc\p18LF27J13.asm
                     RCON   0x000fd0       data     extern C:\MCC18\src\traditional\proc\p18LF27J13.asm
                 RCONbits   0x000fd0       data     extern C:\MCC18\src\traditional\proc\p18LF27J13.asm
                    RCREG   0x000faf       data     extern C:\MCC18\src\traditional\proc\p18LF27J13.asm
                   RCREG1   0x000faf       data     extern C:\MCC18\src\traditional\proc\p18LF27J13.asm
                   RCREG2   0x000faa       data     extern C:\MCC18\src\traditional\proc\p18LF27J13.asm
                    RCSTA   0x000fac       data     extern C:\MCC18\src\traditional\proc\p18LF27J13.asm
                   RCSTA1   0x000fac       data     extern C:\MCC18\src\traditional\proc\p18LF27J13.asm
               RCSTA1bits   0x000fac       data     extern C:\MCC18\src\traditional\proc\p18LF27J13.asm
                   RCSTA2   0x000f9c       data     extern C:\MCC18\src\traditional\proc\p18LF27J13.asm
               RCSTA2bits   0x000f9c       data     extern C:\MCC18\src\traditional\proc\p18LF27J13.asm
                RCSTAbits   0x000fac       data     extern C:\MCC18\src\traditional\proc\p18LF27J13.asm
                  REFOCON   0x000f3d       data     extern C:\MCC18\src\traditional\proc\p18LF27J13.asm
              REFOCONbits   0x000f3d       data     extern C:\MCC18\src\traditional\proc\p18LF27J13.asm
                   RPINR1   0x000ee1       data     extern C:\MCC18\src\traditional\proc\p18LF27J13.asm
                  RPINR12   0x000ef2       data     extern C:\MCC18\src\traditional\proc\p18LF27J13.asm
                  RPINR13   0x000ef3       data     extern C:\MCC18\src\traditional\proc\p18LF27J13.asm
                  RPINR14   0x000ef4       data     extern C:\MCC18\src\traditional\proc\p18LF27J13.asm
                  RPINR15   0x000ee7       data     extern C:\MCC18\src\traditional\proc\p18LF27J13.asm
                  RPINR16   0x000ef7       data     extern C:\MCC18\src\traditional\proc\p18LF27J13.asm
                  RPINR17   0x000ef8       data     extern C:\MCC18\src\traditional\proc\p18LF27J13.asm
                   RPINR2   0x000ee2       data     extern C:\MCC18\src\traditional\proc\p18LF27J13.asm
                  RPINR21   0x000efc       data     extern C:\MCC18\src\traditional\proc\p18LF27J13.asm
                  RPINR22   0x000efd       data     extern C:\MCC18\src\traditional\proc\p18LF27J13.asm
                  RPINR23   0x000efe       data     extern C:\MCC18\src\traditional\proc\p18LF27J13.asm
                  RPINR24   0x000eff       data     extern C:\MCC18\src\traditional\proc\p18LF27J13.asm
                   RPINR3   0x000ee3       data     extern C:\MCC18\src\traditional\proc\p18LF27J13.asm
                   RPINR4   0x000ee4       data     extern C:\MCC18\src\traditional\proc\p18LF27J13.asm
                   RPINR6   0x000ee6       data     extern C:\MCC18\src\traditional\proc\p18LF27J13.asm
                   RPINR7   0x000ee8       data     extern C:\MCC18\src\traditional\proc\p18LF27J13.asm
                   RPINR8   0x000ee9       data     extern C:\MCC18\src\traditional\proc\p18LF27J13.asm
                   RPINR9   0x000eea       data     extern C:\MCC18\src\traditional\proc\p18LF27J13.asm
                    RPOR0   0x000ec0       data     extern C:\MCC18\src\traditional\proc\p18LF27J13.asm
                    RPOR1   0x000ec1       data     extern C:\MCC18\src\traditional\proc\p18LF27J13.asm
                   RPOR10   0x000eca       data     extern C:\MCC18\src\traditional\proc\p18LF27J13.asm
                   RPOR11   0x000ecb       data     extern C:\MCC18\src\traditional\proc\p18LF27J13.asm
                   RPOR12   0x000ecc       data     extern C:\MCC18\src\traditional\proc\p18LF27J13.asm
                   RPOR13   0x000ecd       data     extern C:\MCC18\src\traditional\proc\p18LF27J13.asm
                   RPOR14   0x000ece       data     extern C:\MCC18\src\traditional\proc\p18LF27J13.asm
                   RPOR15   0x000ecf       data     extern C:\MCC18\src\traditional\proc\p18LF27J13.asm
                   RPOR16   0x000ed0       data     extern C:\MCC18\src\traditional\proc\p18LF27J13.asm
                   RPOR17   0x000ed1       data     extern C:\MCC18\src\traditional\proc\p18LF27J13.asm
                   RPOR18   0x000ed2       data     extern C:\MCC18\src\traditional\proc\p18LF27J13.asm
                    RPOR2   0x000ec2       data     extern C:\MCC18\src\traditional\proc\p18LF27J13.asm
                    RPOR3   0x000ec3       data     extern C:\MCC18\src\traditional\proc\p18LF27J13.asm
                    RPOR4   0x000ec4       data     extern C:\MCC18\src\traditional\proc\p18LF27J13.asm
                    RPOR5   0x000ec5       data     extern C:\MCC18\src\traditional\proc\p18LF27J13.asm
                    RPOR6   0x000ec6       data     extern C:\MCC18\src\traditional\proc\p18LF27J13.asm
                    RPOR7   0x000ec7       data     extern C:\MCC18\src\traditional\proc\p18LF27J13.asm
                    RPOR8   0x000ec8       data     extern C:\MCC18\src\traditional\proc\p18LF27J13.asm
                    RPOR9   0x000ec9       data     extern C:\MCC18\src\traditional\proc\p18LF27J13.asm
                   RTCCAL   0x000f3e       data     extern C:\MCC18\src\traditional\proc\p18LF27J13.asm
               RTCCALbits   0x000f3e       data     extern C:\MCC18\src\traditional\proc\p18LF27J13.asm
                   RTCCFG   0x000f3f       data     extern C:\MCC18\src\traditional\proc\p18LF27J13.asm
               RTCCFGbits   0x000f3f       data     extern C:\MCC18\src\traditional\proc\p18LF27J13.asm
                  RTCVALH   0x000f3b       data     extern C:\MCC18\src\traditional\proc\p18LF27J13.asm
                  RTCVALL   0x000f3a       data     extern C:\MCC18\src\traditional\proc\p18LF27J13.asm
                  RXADDRH   0x000f68       data     extern C:\MCC18\src\traditional\proc\p18LF27J13.asm
              RXADDRHbits   0x000f68       data     extern C:\MCC18\src\traditional\proc\p18LF27J13.asm
                  RXADDRL   0x000f69       data     extern C:\MCC18\src\traditional\proc\p18LF27J13.asm
                     SIGN   0x000004       data     extern C:\MCC18\src\traditional\math\cmath18.asm
                    SPBRG   0x000fb0       data     extern C:\MCC18\src\traditional\proc\p18LF27J13.asm
                   SPBRG1   0x000fb0       data     extern C:\MCC18\src\traditional\proc\p18LF27J13.asm
                   SPBRG2   0x000fab       data     extern C:\MCC18\src\traditional\proc\p18LF27J13.asm
                   SPBRGH   0x000f7f       data     extern C:\MCC18\src\traditional\proc\p18LF27J13.asm
                  SPBRGH1   0x000f7f       data     extern C:\MCC18\src\traditional\proc\p18LF27J13.asm
                  SPBRGH2   0x000f7d       data     extern C:\MCC18\src\traditional\proc\p18LF27J13.asm
                  SSP1ADD   0x000fc8       data     extern C:\MCC18\src\traditional\proc\p18LF27J13.asm
              SSP1ADDbits   0x000fc8       data     extern C:\MCC18\src\traditional\proc\p18LF27J13.asm
                  SSP1BUF   0x000fc9       data     extern C:\MCC18\src\traditional\proc\p18LF27J13.asm
                 SSP1CON1   0x000fc6       data     extern C:\MCC18\src\traditional\proc\p18LF27J13.asm
             SSP1CON1bits   0x000fc6       data     extern C:\MCC18\src\traditional\proc\p18LF27J13.asm
                 SSP1CON2   0x000fc5       data     extern C:\MCC18\src\traditional\proc\p18LF27J13.asm
             SSP1CON2bits   0x000fc5       data     extern C:\MCC18\src\traditional\proc\p18LF27J13.asm
                 SSP1STAT   0x000fc7       data     extern C:\MCC18\src\traditional\proc\p18LF27J13.asm
             SSP1STATbits   0x000fc7       data     extern C:\MCC18\src\traditional\proc\p18LF27J13.asm
                  SSP2ADD   0x000f74       data     extern C:\MCC18\src\traditional\proc\p18LF27J13.asm
              SSP2ADDbits   0x000f74       data     extern C:\MCC18\src\traditional\proc\p18LF27J13.asm
                  SSP2BUF   0x000f75       data     extern C:\MCC18\src\traditional\proc\p18LF27J13.asm
                 SSP2CON1   0x000f72       data     extern C:\MCC18\src\traditional\proc\p18LF27J13.asm
             SSP2CON1bits   0x000f72       data     extern C:\MCC18\src\traditional\proc\p18LF27J13.asm
                 SSP2CON2   0x000f71       data     extern C:\MCC18\src\traditional\proc\p18LF27J13.asm
             SSP2CON2bits   0x000f71       data     extern C:\MCC18\src\traditional\proc\p18LF27J13.asm
                 SSP2STAT   0x000f73       data     extern C:\MCC18\src\traditional\proc\p18LF27J13.asm
             SSP2STATbits   0x000f73       data     extern C:\MCC18\src\traditional\proc\p18LF27J13.asm
                   SSPADD   0x000fc8       data     extern C:\MCC18\src\traditional\proc\p18LF27J13.asm
               SSPADDbits   0x000fc8       data     extern C:\MCC18\src\traditional\proc\p18LF27J13.asm
                   SSPBUF   0x000fc9       data     extern C:\MCC18\src\traditional\proc\p18LF27J13.asm
                  SSPCON1   0x000fc6       data     extern C:\MCC18\src\traditional\proc\p18LF27J13.asm
              SSPCON1bits   0x000fc6       data     extern C:\MCC18\src\traditional\proc\p18LF27J13.asm
                  SSPCON2   0x000fc5       data     extern C:\MCC18\src\traditional\proc\p18LF27J13.asm
              SSPCON2bits   0x000fc5       data     extern C:\MCC18\src\traditional\proc\p18LF27J13.asm
                  SSPSTAT   0x000fc7       data     extern C:\MCC18\src\traditional\proc\p18LF27J13.asm
              SSPSTATbits   0x000fc7       data     extern C:\MCC18\src\traditional\proc\p18LF27J13.asm
                   STATUS   0x000fd8       data     extern C:\MCC18\src\traditional\proc\p18LF27J13.asm
               STATUSbits   0x000fd8       data     extern C:\MCC18\src\traditional\proc\p18LF27J13.asm
                   STKPTR   0x000ffc       data     extern C:\MCC18\src\traditional\proc\p18LF27J13.asm
               STKPTRbits   0x000ffc       data     extern C:\MCC18\src\traditional\proc\p18LF27J13.asm
                    T0CON   0x000fd5       data     extern C:\MCC18\src\traditional\proc\p18LF27J13.asm
                T0CONbits   0x000fd5       data     extern C:\MCC18\src\traditional\proc\p18LF27J13.asm
                    T1CON   0x000fcd       data     extern C:\MCC18\src\traditional\proc\p18LF27J13.asm
                T1CONbits   0x000fcd       data     extern C:\MCC18\src\traditional\proc\p18LF27J13.asm
                   T1GCON   0x000f9a       data     extern C:\MCC18\src\traditional\proc\p18LF27J13.asm
               T1GCONbits   0x000f9a       data     extern C:\MCC18\src\traditional\proc\p18LF27J13.asm
                    T2CON   0x000fca       data     extern C:\MCC18\src\traditional\proc\p18LF27J13.asm
                T2CONbits   0x000fca       data     extern C:\MCC18\src\traditional\proc\p18LF27J13.asm
                    T3CON   0x000f79       data     extern C:\MCC18\src\traditional\proc\p18LF27J13.asm
                T3CONbits   0x000f79       data     extern C:\MCC18\src\traditional\proc\p18LF27J13.asm
                   T3GCON   0x000f97       data     extern C:\MCC18\src\traditional\proc\p18LF27J13.asm
               T3GCONbits   0x000f97       data     extern C:\MCC18\src\traditional\proc\p18LF27J13.asm
                    T4CON   0x000f76       data     extern C:\MCC18\src\traditional\proc\p18LF27J13.asm
                T4CONbits   0x000f76       data     extern C:\MCC18\src\traditional\proc\p18LF27J13.asm
                    T5CON   0x000f22       data     extern C:\MCC18\src\traditional\proc\p18LF27J13.asm
                T5CONbits   0x000f22       data     extern C:\MCC18\src\traditional\proc\p18LF27J13.asm
                   T5GCON   0x000f21       data     extern C:\MCC18\src\traditional\proc\p18LF27J13.asm
               T5GCONbits   0x000f21       data     extern C:\MCC18\src\traditional\proc\p18LF27J13.asm
                    T6CON   0x000f1e       data     extern C:\MCC18\src\traditional\proc\p18LF27J13.asm
                T6CONbits   0x000f1e       data     extern C:\MCC18\src\traditional\proc\p18LF27J13.asm
                    T8CON   0x000f1b       data     extern C:\MCC18\src\traditional\proc\p18LF27J13.asm
                T8CONbits   0x000f1b       data     extern C:\MCC18\src\traditional\proc\p18LF27J13.asm
                   TABLAT   0x000ff5       data     extern C:\MCC18\src\traditional\proc\p18LF27J13.asm
                   TBLPTR   0x000ff6       data     extern C:\MCC18\src\traditional\proc\p18LF27J13.asm
                  TBLPTRH   0x000ff7       data     extern C:\MCC18\src\traditional\proc\p18LF27J13.asm
                  TBLPTRL   0x000ff6       data     extern C:\MCC18\src\traditional\proc\p18LF27J13.asm
                  TBLPTRU   0x000ff8       data     extern C:\MCC18\src\traditional\proc\p18LF27J13.asm
                    TMR0H   0x000fd7       data     extern C:\MCC18\src\traditional\proc\p18LF27J13.asm
                    TMR0L   0x000fd6       data     extern C:\MCC18\src\traditional\proc\p18LF27J13.asm
                    TMR1H   0x000fcf       data     extern C:\MCC18\src\traditional\proc\p18LF27J13.asm
                    TMR1L   0x000fce       data     extern C:\MCC18\src\traditional\proc\p18LF27J13.asm
                     TMR2   0x000fcc       data     extern C:\MCC18\src\traditional\proc\p18LF27J13.asm
                    TMR3H   0x000f7b       data     extern C:\MCC18\src\traditional\proc\p18LF27J13.asm
                    TMR3L   0x000f7a       data     extern C:\MCC18\src\traditional\proc\p18LF27J13.asm
                     TMR4   0x000f78       data     extern C:\MCC18\src\traditional\proc\p18LF27J13.asm
                    TMR5H   0x000f24       data     extern C:\MCC18\src\traditional\proc\p18LF27J13.asm
                    TMR5L   0x000f23       data     extern C:\MCC18\src\traditional\proc\p18LF27J13.asm
                     TMR6   0x000f20       data     extern C:\MCC18\src\traditional\proc\p18LF27J13.asm
                     TMR8   0x000f1d       data     extern C:\MCC18\src\traditional\proc\p18LF27J13.asm
                      TOS   0x000ffd       data     extern C:\MCC18\src\traditional\proc\p18LF27J13.asm
                     TOSH   0x000ffe       data     extern C:\MCC18\src\traditional\proc\p18LF27J13.asm
                     TOSL   0x000ffd       data     extern C:\MCC18\src\traditional\proc\p18LF27J13.asm
                     TOSU   0x000fff       data     extern C:\MCC18\src\traditional\proc\p18LF27J13.asm
                    TRISA   0x000f92       data     extern C:\MCC18\src\traditional\proc\p18LF27J13.asm
                TRISAbits   0x000f92       data     extern C:\MCC18\src\traditional\proc\p18LF27J13.asm
                    TRISB   0x000f93       data     extern C:\MCC18\src\traditional\proc\p18LF27J13.asm
                TRISBbits   0x000f93       data     extern C:\MCC18\src\traditional\proc\p18LF27J13.asm
                    TRISC   0x000f94       data     extern C:\MCC18\src\traditional\proc\p18LF27J13.asm
                TRISCbits   0x000f94       data     extern C:\MCC18\src\traditional\proc\p18LF27J13.asm
                  TXADDRH   0x000f6a       data     extern C:\MCC18\src\traditional\proc\p18LF27J13.asm
              TXADDRHbits   0x000f6a       data     extern C:\MCC18\src\traditional\proc\p18LF27J13.asm
                  TXADDRL   0x000f6b       data     extern C:\MCC18\src\traditional\proc\p18LF27J13.asm
                    TXREG   0x000fae       data     extern C:\MCC18\src\traditional\proc\p18LF27J13.asm
                   TXREG1   0x000fae       data     extern C:\MCC18\src\traditional\proc\p18LF27J13.asm
                   TXREG2   0x000fa9       data     extern C:\MCC18\src\traditional\proc\p18LF27J13.asm
                    TXSTA   0x000fad       data     extern C:\MCC18\src\traditional\proc\p18LF27J13.asm
                   TXSTA1   0x000fad       data     extern C:\MCC18\src\traditional\proc\p18LF27J13.asm
               TXSTA1bits   0x000fad       data     extern C:\MCC18\src\traditional\proc\p18LF27J13.asm
                   TXSTA2   0x000fa8       data     extern C:\MCC18\src\traditional\proc\p18LF27J13.asm
               TXSTA2bits   0x000fa8       data     extern C:\MCC18\src\traditional\proc\p18LF27J13.asm
                TXSTAbits   0x000fad       data     extern C:\MCC18\src\traditional\proc\p18LF27J13.asm
                   WDTCON   0x000fc0       data     extern C:\MCC18\src\traditional\proc\p18LF27J13.asm
               WDTCONbits   0x000fc0       data     extern C:\MCC18\src\traditional\proc\p18LF27J13.asm
                     WREG   0x000fe8       data     extern C:\MCC18\src\traditional\proc\p18LF27J13.asm
                __FPFLAGS   0x000005       data     extern C:\MCC18\src\traditional\math\cmath18.asm
            __FPFLAGSbits   0x000005       data     extern C:\MCC18\src\traditional\math\cmath18.asm
                  __tmp_0   0x000000       data     static C:\Users\Ty\Documents\S1\embedded\Board_Test_AD\main.c
                  __tmp_0   0x000000       data     static C:\MCC18\src\pmc_common\ADC\adcopen.c
                  __tmp_0   0x000000       data     static C:\MCC18\src\pmc_common\ADC\adcread.c
                  __tmp_0   0x000000       data     static C:\MCC18\src\pmc_common\ADC\adcsetch.c
                curr_byte   0x000063       data     static C:\MCC18\src\traditional\startup\c018i.c
               curr_entry   0x000065       data     static C:\MCC18\src\traditional\startup\c018i.c
                 data_ptr   0x000067       data     static C:\MCC18\src\traditional\startup\c018i.c
                     prom   0x000060       data     static C:\MCC18\src\traditional\startup\c018i.c



                              Symbols - Sorted by Address
                     Name    Address   Location    Storage File                     
                ---------  ---------  ---------  --------- ---------                
                   _entry   0x000000    program     extern C:\MCC18\src\traditional\startup\c018i.c
       ___return_lbl00000   0x000004    program     static                          
                  initADC   0x000008    program     extern C:\Users\Ty\Documents\S1\embedded\Board_Test_AD\main.c
                  readADC   0x00003c    program     extern C:\Users\Ty\Documents\S1\embedded\Board_Test_AD\main.c
                  stopADC   0x000084    program     extern C:\Users\Ty\Documents\S1\embedded\Board_Test_AD\main.c
                     main   0x000088    program     extern C:\Users\Ty\Documents\S1\embedded\Board_Test_AD\main.c
                  OpenADC   0x000110    program     extern C:\MCC18\src\pmc_common\ADC\adcopen.c
                _do_cinit   0x0001b2    program     extern C:\MCC18\src\traditional\startup\c018i.c
                     test   0x0001cc    program     static                          
                copy_loop   0x000224    program     static                          
            copy_one_byte   0x00022a    program     static                          
             done_copying   0x000238    program     static                          
       ___return_lbl00002   0x00024e    program     static                          
                     done   0x00024e    program     static                          
             Delay10KTCYx   0x000250    program     extern C:\MCC18\src\traditional\delays\d10ktcyx.asm
                    D10Kx   0x00025a    program     static C:\MCC18\src\traditional\delays\d10ktcyx.asm
                   D10K_1   0x00025c    program     static C:\MCC18\src\traditional\delays\d10ktcyx.asm
       _D10KTCYXCODE_0010   0x000260    program     static C:\MCC18\src\traditional\delays\d10ktcyx.asm
                    D10Kl   0x000268    program     static C:\MCC18\src\traditional\delays\d10ktcyx.asm
       _D10KTCYXCODE_001C   0x00026c    program     static C:\MCC18\src\traditional\delays\d10ktcyx.asm
               SetChanADC   0x00027e    program     extern C:\MCC18\src\pmc_common\ADC\adcsetch.c
              Delay1KTCYx   0x0002ac    program     extern C:\MCC18\src\traditional\delays\d1ktcyx.asm
                     D1Kx   0x0002b6    program     static C:\MCC18\src\traditional\delays\d1ktcyx.asm
                    D1K_1   0x0002b8    program     static C:\MCC18\src\traditional\delays\d1ktcyx.asm
        _D1KTCYXCODE_0010   0x0002bc    program     static C:\MCC18\src\traditional\delays\d1ktcyx.asm
        _D1KTCYXCODE_0016   0x0002c2    program     static C:\MCC18\src\traditional\delays\d1ktcyx.asm
            __zero_memory   0x0002cc    program     extern C:\MCC18\src\traditional\proc\p18LF27J13.asm
                   loop_h   0x0002da    program     static C:\MCC18\src\traditional\proc\p18LF27J13.asm
               zero_block   0x0002da    program     static C:\MCC18\src\traditional\proc\p18LF27J13.asm
                compare_l   0x0002e2    program     static C:\MCC18\src\traditional\proc\p18LF27J13.asm
                   loop_l   0x0002e4    program     static C:\MCC18\src\traditional\proc\p18LF27J13.asm
                 _startup   0x0002ec    program     extern C:\MCC18\src\traditional\startup\c018i.c
                     loop   0x0002fc    program     static                          
       ___return_lbl00001   0x000306    program     static                          
              Delay10TCYx   0x000308    program     extern C:\MCC18\src\traditional\delays\d10tcyx.asm
                     D10x   0x000310    program     static C:\MCC18\src\traditional\delays\d10tcyx.asm
        _D10TCYXCODE_000A   0x000312    program     static C:\MCC18\src\traditional\delays\d10tcyx.asm
        _D10TCYXCODE_000C   0x000314    program     static C:\MCC18\src\traditional\delays\d10tcyx.asm
        _D10TCYXCODE_000E   0x000316    program     static C:\MCC18\src\traditional\delays\d10tcyx.asm
                    D10_1   0x000318    program     static C:\MCC18\src\traditional\delays\d10tcyx.asm
                  ReadADC   0x00031e    program     extern C:\MCC18\src\pmc_common\ADC\adcread.c
                  BusyADC   0x000330    program     extern C:\MCC18\src\pmc_common\ADC\adcbusy.c
                 CloseADC   0x00033a    program     extern C:\MCC18\src\pmc_common\ADC\adcclose.c
               ConvertADC   0x000340    program     extern C:\MCC18\src\pmc_common\ADC\adcconv.c
                   __init   0x000344    program     extern C:\MCC18\src\traditional\stdclib\__init.c
                  __tmp_0   0x000000       data     static C:\Users\Ty\Documents\S1\embedded\Board_Test_AD\main.c
                  __tmp_0   0x000000       data     static C:\MCC18\src\pmc_common\ADC\adcsetch.c
                  __tmp_0   0x000000       data     static C:\MCC18\src\pmc_common\ADC\adcread.c
                  __tmp_0   0x000000       data     static C:\MCC18\src\pmc_common\ADC\adcopen.c
                     SIGN   0x000004       data     extern C:\MCC18\src\traditional\math\cmath18.asm
            __FPFLAGSbits   0x000005       data     extern C:\MCC18\src\traditional\math\cmath18.asm
                __FPFLAGS   0x000005       data     extern C:\MCC18\src\traditional\math\cmath18.asm
            DelayCounter2   0x000006       data     extern C:\MCC18\src\traditional\delays\delayd2.asm
            DelayCounter1   0x000007       data     extern C:\MCC18\src\traditional\delays\delayd1.asm
                     prom   0x000060       data     static C:\MCC18\src\traditional\startup\c018i.c
                curr_byte   0x000063       data     static C:\MCC18\src\traditional\startup\c018i.c
               curr_entry   0x000065       data     static C:\MCC18\src\traditional\startup\c018i.c
                 data_ptr   0x000067       data     static C:\MCC18\src\traditional\startup\c018i.c
              ADCTRIGbits   0x000eb8       data     extern C:\MCC18\src\traditional\proc\p18LF27J13.asm
                  ADCTRIG   0x000eb8       data     extern C:\MCC18\src\traditional\proc\p18LF27J13.asm
                  PD0bits   0x000eb9       data     extern C:\MCC18\src\traditional\proc\p18LF27J13.asm
                      PD0   0x000eb9       data     extern C:\MCC18\src\traditional\proc\p18LF27J13.asm
                   PMDIS0   0x000eb9       data     extern C:\MCC18\src\traditional\proc\p18LF27J13.asm
               PMDIS0bits   0x000eb9       data     extern C:\MCC18\src\traditional\proc\p18LF27J13.asm
                      PD1   0x000eba       data     extern C:\MCC18\src\traditional\proc\p18LF27J13.asm
                  PD1bits   0x000eba       data     extern C:\MCC18\src\traditional\proc\p18LF27J13.asm
                   PMDIS1   0x000eba       data     extern C:\MCC18\src\traditional\proc\p18LF27J13.asm
               PMDIS1bits   0x000eba       data     extern C:\MCC18\src\traditional\proc\p18LF27J13.asm
                      PD2   0x000ebb       data     extern C:\MCC18\src\traditional\proc\p18LF27J13.asm
               PMDIS2bits   0x000ebb       data     extern C:\MCC18\src\traditional\proc\p18LF27J13.asm
                  PD2bits   0x000ebb       data     extern C:\MCC18\src\traditional\proc\p18LF27J13.asm
                   PMDIS2   0x000ebb       data     extern C:\MCC18\src\traditional\proc\p18LF27J13.asm
               PMDIS3bits   0x000ebc       data     extern C:\MCC18\src\traditional\proc\p18LF27J13.asm
                   PMDIS3   0x000ebc       data     extern C:\MCC18\src\traditional\proc\p18LF27J13.asm
                  PD3bits   0x000ebc       data     extern C:\MCC18\src\traditional\proc\p18LF27J13.asm
                      PD3   0x000ebc       data     extern C:\MCC18\src\traditional\proc\p18LF27J13.asm
                   PPSCON   0x000ebf       data     extern C:\MCC18\src\traditional\proc\p18LF27J13.asm
               PPSCONbits   0x000ebf       data     extern C:\MCC18\src\traditional\proc\p18LF27J13.asm
                    RPOR0   0x000ec0       data     extern C:\MCC18\src\traditional\proc\p18LF27J13.asm
                    RPOR1   0x000ec1       data     extern C:\MCC18\src\traditional\proc\p18LF27J13.asm
                    RPOR2   0x000ec2       data     extern C:\MCC18\src\traditional\proc\p18LF27J13.asm
                    RPOR3   0x000ec3       data     extern C:\MCC18\src\traditional\proc\p18LF27J13.asm
                    RPOR4   0x000ec4       data     extern C:\MCC18\src\traditional\proc\p18LF27J13.asm
                    RPOR5   0x000ec5       data     extern C:\MCC18\src\traditional\proc\p18LF27J13.asm
                    RPOR6   0x000ec6       data     extern C:\MCC18\src\traditional\proc\p18LF27J13.asm
                    RPOR7   0x000ec7       data     extern C:\MCC18\src\traditional\proc\p18LF27J13.asm
                    RPOR8   0x000ec8       data     extern C:\MCC18\src\traditional\proc\p18LF27J13.asm
                    RPOR9   0x000ec9       data     extern C:\MCC18\src\traditional\proc\p18LF27J13.asm
                   RPOR10   0x000eca       data     extern C:\MCC18\src\traditional\proc\p18LF27J13.asm
                   RPOR11   0x000ecb       data     extern C:\MCC18\src\traditional\proc\p18LF27J13.asm
                   RPOR12   0x000ecc       data     extern C:\MCC18\src\traditional\proc\p18LF27J13.asm
                   RPOR13   0x000ecd       data     extern C:\MCC18\src\traditional\proc\p18LF27J13.asm
                   RPOR14   0x000ece       data     extern C:\MCC18\src\traditional\proc\p18LF27J13.asm
                   RPOR15   0x000ecf       data     extern C:\MCC18\src\traditional\proc\p18LF27J13.asm
                   RPOR16   0x000ed0       data     extern C:\MCC18\src\traditional\proc\p18LF27J13.asm
                   RPOR17   0x000ed1       data     extern C:\MCC18\src\traditional\proc\p18LF27J13.asm
                   RPOR18   0x000ed2       data     extern C:\MCC18\src\traditional\proc\p18LF27J13.asm
                   RPINR1   0x000ee1       data     extern C:\MCC18\src\traditional\proc\p18LF27J13.asm
                   RPINR2   0x000ee2       data     extern C:\MCC18\src\traditional\proc\p18LF27J13.asm
                   RPINR3   0x000ee3       data     extern C:\MCC18\src\traditional\proc\p18LF27J13.asm
                   RPINR4   0x000ee4       data     extern C:\MCC18\src\traditional\proc\p18LF27J13.asm
                   RPINR6   0x000ee6       data     extern C:\MCC18\src\traditional\proc\p18LF27J13.asm
                  RPINR15   0x000ee7       data     extern C:\MCC18\src\traditional\proc\p18LF27J13.asm
                   RPINR7   0x000ee8       data     extern C:\MCC18\src\traditional\proc\p18LF27J13.asm
                   RPINR8   0x000ee9       data     extern C:\MCC18\src\traditional\proc\p18LF27J13.asm
                   RPINR9   0x000eea       data     extern C:\MCC18\src\traditional\proc\p18LF27J13.asm
                  RPINR12   0x000ef2       data     extern C:\MCC18\src\traditional\proc\p18LF27J13.asm
                  RPINR13   0x000ef3       data     extern C:\MCC18\src\traditional\proc\p18LF27J13.asm
                  RPINR14   0x000ef4       data     extern C:\MCC18\src\traditional\proc\p18LF27J13.asm
                  RPINR16   0x000ef7       data     extern C:\MCC18\src\traditional\proc\p18LF27J13.asm
                  RPINR17   0x000ef8       data     extern C:\MCC18\src\traditional\proc\p18LF27J13.asm
                  RPINR21   0x000efc       data     extern C:\MCC18\src\traditional\proc\p18LF27J13.asm
                  RPINR22   0x000efd       data     extern C:\MCC18\src\traditional\proc\p18LF27J13.asm
                  RPINR23   0x000efe       data     extern C:\MCC18\src\traditional\proc\p18LF27J13.asm
                  RPINR24   0x000eff       data     extern C:\MCC18\src\traditional\proc\p18LF27J13.asm
                 CCP10CON   0x000f00       data     extern C:\MCC18\src\traditional\proc\p18LF27J13.asm
             CCP10CONbits   0x000f00       data     extern C:\MCC18\src\traditional\proc\p18LF27J13.asm
                  CCPR10L   0x000f01       data     extern C:\MCC18\src\traditional\proc\p18LF27J13.asm
                  CCPR10H   0x000f02       data     extern C:\MCC18\src\traditional\proc\p18LF27J13.asm
                  CCP9CON   0x000f03       data     extern C:\MCC18\src\traditional\proc\p18LF27J13.asm
              CCP9CONbits   0x000f03       data     extern C:\MCC18\src\traditional\proc\p18LF27J13.asm
                   CCPR9L   0x000f04       data     extern C:\MCC18\src\traditional\proc\p18LF27J13.asm
                   CCPR9H   0x000f05       data     extern C:\MCC18\src\traditional\proc\p18LF27J13.asm
                  CCP8CON   0x000f06       data     extern C:\MCC18\src\traditional\proc\p18LF27J13.asm
              CCP8CONbits   0x000f06       data     extern C:\MCC18\src\traditional\proc\p18LF27J13.asm
                   CCPR8L   0x000f07       data     extern C:\MCC18\src\traditional\proc\p18LF27J13.asm
                   CCPR8H   0x000f08       data     extern C:\MCC18\src\traditional\proc\p18LF27J13.asm
                  CCP7CON   0x000f09       data     extern C:\MCC18\src\traditional\proc\p18LF27J13.asm
              CCP7CONbits   0x000f09       data     extern C:\MCC18\src\traditional\proc\p18LF27J13.asm
                   CCPR7L   0x000f0a       data     extern C:\MCC18\src\traditional\proc\p18LF27J13.asm
                   CCPR7H   0x000f0b       data     extern C:\MCC18\src\traditional\proc\p18LF27J13.asm
                  CCP6CON   0x000f0c       data     extern C:\MCC18\src\traditional\proc\p18LF27J13.asm
              CCP6CONbits   0x000f0c       data     extern C:\MCC18\src\traditional\proc\p18LF27J13.asm
                   CCPR6L   0x000f0d       data     extern C:\MCC18\src\traditional\proc\p18LF27J13.asm
                   CCPR6H   0x000f0e       data     extern C:\MCC18\src\traditional\proc\p18LF27J13.asm
                  CCP5CON   0x000f0f       data     extern C:\MCC18\src\traditional\proc\p18LF27J13.asm
              CCP5CONbits   0x000f0f       data     extern C:\MCC18\src\traditional\proc\p18LF27J13.asm
                   CCPR5L   0x000f10       data     extern C:\MCC18\src\traditional\proc\p18LF27J13.asm
                   CCPR5H   0x000f11       data     extern C:\MCC18\src\traditional\proc\p18LF27J13.asm
                  CCP4CON   0x000f12       data     extern C:\MCC18\src\traditional\proc\p18LF27J13.asm
              CCP4CONbits   0x000f12       data     extern C:\MCC18\src\traditional\proc\p18LF27J13.asm
                   CCPR4L   0x000f13       data     extern C:\MCC18\src\traditional\proc\p18LF27J13.asm
                   CCPR4H   0x000f14       data     extern C:\MCC18\src\traditional\proc\p18LF27J13.asm
                  CCP3CON   0x000f15       data     extern C:\MCC18\src\traditional\proc\p18LF27J13.asm
              CCP3CONbits   0x000f15       data     extern C:\MCC18\src\traditional\proc\p18LF27J13.asm
                   CCPR3L   0x000f16       data     extern C:\MCC18\src\traditional\proc\p18LF27J13.asm
                   CCPR3H   0x000f17       data     extern C:\MCC18\src\traditional\proc\p18LF27J13.asm
                 ECCP3DEL   0x000f18       data     extern C:\MCC18\src\traditional\proc\p18LF27J13.asm
             ECCP3DELbits   0x000f18       data     extern C:\MCC18\src\traditional\proc\p18LF27J13.asm
              ECCP3ASbits   0x000f19       data     extern C:\MCC18\src\traditional\proc\p18LF27J13.asm
                  ECCP3AS   0x000f19       data     extern C:\MCC18\src\traditional\proc\p18LF27J13.asm
             PSTR3CONbits   0x000f1a       data     extern C:\MCC18\src\traditional\proc\p18LF27J13.asm
                 PSTR3CON   0x000f1a       data     extern C:\MCC18\src\traditional\proc\p18LF27J13.asm
                T8CONbits   0x000f1b       data     extern C:\MCC18\src\traditional\proc\p18LF27J13.asm
                    T8CON   0x000f1b       data     extern C:\MCC18\src\traditional\proc\p18LF27J13.asm
                      PR8   0x000f1c       data     extern C:\MCC18\src\traditional\proc\p18LF27J13.asm
                     TMR8   0x000f1d       data     extern C:\MCC18\src\traditional\proc\p18LF27J13.asm
                T6CONbits   0x000f1e       data     extern C:\MCC18\src\traditional\proc\p18LF27J13.asm
                    T6CON   0x000f1e       data     extern C:\MCC18\src\traditional\proc\p18LF27J13.asm
                      PR6   0x000f1f       data     extern C:\MCC18\src\traditional\proc\p18LF27J13.asm
                     TMR6   0x000f20       data     extern C:\MCC18\src\traditional\proc\p18LF27J13.asm
               T5GCONbits   0x000f21       data     extern C:\MCC18\src\traditional\proc\p18LF27J13.asm
                   T5GCON   0x000f21       data     extern C:\MCC18\src\traditional\proc\p18LF27J13.asm
                T5CONbits   0x000f22       data     extern C:\MCC18\src\traditional\proc\p18LF27J13.asm
                    T5CON   0x000f22       data     extern C:\MCC18\src\traditional\proc\p18LF27J13.asm
                    TMR5L   0x000f23       data     extern C:\MCC18\src\traditional\proc\p18LF27J13.asm
                    TMR5H   0x000f24       data     extern C:\MCC18\src\traditional\proc\p18LF27J13.asm
               CM3CONbits   0x000f25       data     extern C:\MCC18\src\traditional\proc\p18LF27J13.asm
                   CM3CON   0x000f25       data     extern C:\MCC18\src\traditional\proc\p18LF27J13.asm
                  RTCVALL   0x000f3a       data     extern C:\MCC18\src\traditional\proc\p18LF27J13.asm
                  RTCVALH   0x000f3b       data     extern C:\MCC18\src\traditional\proc\p18LF27J13.asm
                  PADCFG1   0x000f3c       data     extern C:\MCC18\src\traditional\proc\p18LF27J13.asm
              PADCFG1bits   0x000f3c       data     extern C:\MCC18\src\traditional\proc\p18LF27J13.asm
                  REFOCON   0x000f3d       data     extern C:\MCC18\src\traditional\proc\p18LF27J13.asm
              REFOCONbits   0x000f3d       data     extern C:\MCC18\src\traditional\proc\p18LF27J13.asm
                   RTCCAL   0x000f3e       data     extern C:\MCC18\src\traditional\proc\p18LF27J13.asm
               RTCCALbits   0x000f3e       data     extern C:\MCC18\src\traditional\proc\p18LF27J13.asm
                   RTCCFG   0x000f3f       data     extern C:\MCC18\src\traditional\proc\p18LF27J13.asm
               RTCCFGbits   0x000f3f       data     extern C:\MCC18\src\traditional\proc\p18LF27J13.asm
               ODCON3bits   0x000f40       data     extern C:\MCC18\src\traditional\proc\p18LF27J13.asm
                   ODCON3   0x000f40       data     extern C:\MCC18\src\traditional\proc\p18LF27J13.asm
               ODCON2bits   0x000f41       data     extern C:\MCC18\src\traditional\proc\p18LF27J13.asm
                   ODCON2   0x000f41       data     extern C:\MCC18\src\traditional\proc\p18LF27J13.asm
               ODCON1bits   0x000f42       data     extern C:\MCC18\src\traditional\proc\p18LF27J13.asm
                   ODCON1   0x000f42       data     extern C:\MCC18\src\traditional\proc\p18LF27J13.asm
                 ALRMVALL   0x000f44       data     extern C:\MCC18\src\traditional\proc\p18LF27J13.asm
                 ALRMVALH   0x000f45       data     extern C:\MCC18\src\traditional\proc\p18LF27J13.asm
                  ALRMRPT   0x000f46       data     extern C:\MCC18\src\traditional\proc\p18LF27J13.asm
              ALRMRPTbits   0x000f46       data     extern C:\MCC18\src\traditional\proc\p18LF27J13.asm
                  ALRMCFG   0x000f47       data     extern C:\MCC18\src\traditional\proc\p18LF27J13.asm
              ALRMCFGbits   0x000f47       data     extern C:\MCC18\src\traditional\proc\p18LF27J13.asm
                   ANCON0   0x000f48       data     extern C:\MCC18\src\traditional\proc\p18LF27J13.asm
               ANCON0bits   0x000f48       data     extern C:\MCC18\src\traditional\proc\p18LF27J13.asm
               ANCON1bits   0x000f49       data     extern C:\MCC18\src\traditional\proc\p18LF27J13.asm
                   ANCON1   0x000f49       data     extern C:\MCC18\src\traditional\proc\p18LF27J13.asm
                  DSWAKEL   0x000f4a       data     extern C:\MCC18\src\traditional\proc\p18LF27J13.asm
              DSWAKELbits   0x000f4a       data     extern C:\MCC18\src\traditional\proc\p18LF27J13.asm
              DSWAKEHbits   0x000f4b       data     extern C:\MCC18\src\traditional\proc\p18LF27J13.asm
                  DSWAKEH   0x000f4b       data     extern C:\MCC18\src\traditional\proc\p18LF27J13.asm
               DSCONLbits   0x000f4c       data     extern C:\MCC18\src\traditional\proc\p18LF27J13.asm
                   DSCONL   0x000f4c       data     extern C:\MCC18\src\traditional\proc\p18LF27J13.asm
               DSCONHbits   0x000f4d       data     extern C:\MCC18\src\traditional\proc\p18LF27J13.asm
                   DSCONH   0x000f4d       data     extern C:\MCC18\src\traditional\proc\p18LF27J13.asm
                   DSGPR0   0x000f4e       data     extern C:\MCC18\src\traditional\proc\p18LF27J13.asm
                   DSGPR1   0x000f4f       data     extern C:\MCC18\src\traditional\proc\p18LF27J13.asm
             CCPTMRS2bits   0x000f50       data     extern C:\MCC18\src\traditional\proc\p18LF27J13.asm
                 CCPTMRS2   0x000f50       data     extern C:\MCC18\src\traditional\proc\p18LF27J13.asm
             CCPTMRS1bits   0x000f51       data     extern C:\MCC18\src\traditional\proc\p18LF27J13.asm
                 CCPTMRS1   0x000f51       data     extern C:\MCC18\src\traditional\proc\p18LF27J13.asm
             CCPTMRS0bits   0x000f52       data     extern C:\MCC18\src\traditional\proc\p18LF27J13.asm
                 CCPTMRS0   0x000f52       data     extern C:\MCC18\src\traditional\proc\p18LF27J13.asm
               CVRCONbits   0x000f53       data     extern C:\MCC18\src\traditional\proc\p18LF27J13.asm
                   CVRCON   0x000f53       data     extern C:\MCC18\src\traditional\proc\p18LF27J13.asm
               DMABCHbits   0x000f66       data     extern C:\MCC18\src\traditional\proc\p18LF27J13.asm
                   DMABCH   0x000f66       data     extern C:\MCC18\src\traditional\proc\p18LF27J13.asm
                   DMABCL   0x000f67       data     extern C:\MCC18\src\traditional\proc\p18LF27J13.asm
                  RXADDRH   0x000f68       data     extern C:\MCC18\src\traditional\proc\p18LF27J13.asm
              RXADDRHbits   0x000f68       data     extern C:\MCC18\src\traditional\proc\p18LF27J13.asm
                  RXADDRL   0x000f69       data     extern C:\MCC18\src\traditional\proc\p18LF27J13.asm
              TXADDRHbits   0x000f6a       data     extern C:\MCC18\src\traditional\proc\p18LF27J13.asm
                  TXADDRH   0x000f6a       data     extern C:\MCC18\src\traditional\proc\p18LF27J13.asm
                  TXADDRL   0x000f6b       data     extern C:\MCC18\src\traditional\proc\p18LF27J13.asm
               CMSTATbits   0x000f70       data     extern C:\MCC18\src\traditional\proc\p18LF27J13.asm
             CMSTATUSbits   0x000f70       data     extern C:\MCC18\src\traditional\proc\p18LF27J13.asm
                 CMSTATUS   0x000f70       data     extern C:\MCC18\src\traditional\proc\p18LF27J13.asm
                   CMSTAT   0x000f70       data     extern C:\MCC18\src\traditional\proc\p18LF27J13.asm
             SSP2CON2bits   0x000f71       data     extern C:\MCC18\src\traditional\proc\p18LF27J13.asm
                 SSP2CON2   0x000f71       data     extern C:\MCC18\src\traditional\proc\p18LF27J13.asm
                 SSP2CON1   0x000f72       data     extern C:\MCC18\src\traditional\proc\p18LF27J13.asm
             SSP2CON1bits   0x000f72       data     extern C:\MCC18\src\traditional\proc\p18LF27J13.asm
[...]
               T3GCONbits   0x000f97       data     extern C:\MCC18\src\traditional\proc\p18LF27J13.asm
                     PIR5   0x000f98       data     extern C:\MCC18\src\traditional\proc\p18LF27J13.asm
                 PIR5bits   0x000f98       data     extern C:\MCC18\src\traditional\proc\p18LF27J13.asm
                     IPR5   0x000f99       data     extern C:\MCC18\src\traditional\proc\p18LF27J13.asm
                 IPR5bits   0x000f99       data     extern C:\MCC18\src\traditional\proc\p18LF27J13.asm
                   T1GCON   0x000f9a       data     extern C:\MCC18\src\traditional\proc\p18LF27J13.asm
               T1GCONbits   0x000f9a       data     extern C:\MCC18\src\traditional\proc\p18LF27J13.asm
                  OSCTUNE   0x000f9b       data     extern C:\MCC18\src\traditional\proc\p18LF27J13.asm
              OSCTUNEbits   0x000f9b       data     extern C:\MCC18\src\traditional\proc\p18LF27J13.asm
               RCSTA2bits   0x000f9c       data     extern C:\MCC18\src\traditional\proc\p18LF27J13.asm
                   RCSTA2   0x000f9c       data     extern C:\MCC18\src\traditional\proc\p18LF27J13.asm
                     PIE1   0x000f9d       data     extern C:\MCC18\src\traditional\proc\p18LF27J13.asm
                 PIE1bits   0x000f9d       data     extern C:\MCC18\src\traditional\proc\p18LF27J13.asm
                 PIR1bits   0x000f9e       data     extern C:\MCC18\src\traditional\proc\p18LF27J13.asm
                     PIR1   0x000f9e       data     extern C:\MCC18\src\traditional\proc\p18LF27J13.asm
                     IPR1   0x000f9f       data     extern C:\MCC18\src\traditional\proc\p18LF27J13.asm
                 IPR1bits   0x000f9f       data     extern C:\MCC18\src\traditional\proc\p18LF27J13.asm
                 PIE2bits   0x000fa0       data     extern C:\MCC18\src\traditional\proc\p18LF27J13.asm
                     PIE2   0x000fa0       data     extern C:\MCC18\src\traditional\proc\p18LF27J13.asm
                 PIR2bits   0x000fa1       data     extern C:\MCC18\src\traditional\proc\p18LF27J13.asm
                     PIR2   0x000fa1       data     extern C:\MCC18\src\traditional\proc\p18LF27J13.asm
                     IPR2   0x000fa2       data     extern C:\MCC18\src\traditional\proc\p18LF27J13.asm
                 IPR2bits   0x000fa2       data     extern C:\MCC18\src\traditional\proc\p18LF27J13.asm
                     PIE3   0x000fa3       data     extern C:\MCC18\src\traditional\proc\p18LF27J13.asm
                 PIE3bits   0x000fa3       data     extern C:\MCC18\src\traditional\proc\p18LF27J13.asm
                     PIR3   0x000fa4       data     extern C:\MCC18\src\traditional\proc\p18LF27J13.asm
                 PIR3bits   0x000fa4       data     extern C:\MCC18\src\traditional\proc\p18LF27J13.asm
                 IPR3bits   0x000fa5       data     extern C:\MCC18\src\traditional\proc\p18LF27J13.asm
                     IPR3   0x000fa5       data     extern C:\MCC18\src\traditional\proc\p18LF27J13.asm
                   EECON1   0x000fa6       data     extern C:\MCC18\src\traditional\proc\p18LF27J13.asm
               EECON1bits   0x000fa6       data     extern C:\MCC18\src\traditional\proc\p18LF27J13.asm
                   EECON2   0x000fa7       data     extern C:\MCC18\src\traditional\proc\p18LF27J13.asm
               TXSTA2bits   0x000fa8       data     extern C:\MCC18\src\traditional\proc\p18LF27J13.asm
                   TXSTA2   0x000fa8       data     extern C:\MCC18\src\traditional\proc\p18LF27J13.asm
                   TXREG2   0x000fa9       data     extern C:\MCC18\src\traditional\proc\p18LF27J13.asm
                   RCREG2   0x000faa       data     extern C:\MCC18\src\traditional\proc\p18LF27J13.asm
                   SPBRG2   0x000fab       data     extern C:\MCC18\src\traditional\proc\p18LF27J13.asm
                RCSTAbits   0x000fac       data     extern C:\MCC18\src\traditional\proc\p18LF27J13.asm
               RCSTA1bits   0x000fac       data     extern C:\MCC18\src\traditional\proc\p18LF27J13.asm
                   RCSTA1   0x000fac       data     extern C:\MCC18\src\traditional\proc\p18LF27J13.asm
                    RCSTA   0x000fac       data     extern C:\MCC18\src\traditional\proc\p18LF27J13.asm
                    TXSTA   0x000fad       data     extern C:\MCC18\src\traditional\proc\p18LF27J13.asm
                   TXSTA1   0x000fad       data     extern C:\MCC18\src\traditional\proc\p18LF27J13.asm
               TXSTA1bits   0x000fad       data     extern C:\MCC18\src\traditional\proc\p18LF27J13.asm
                TXSTAbits   0x000fad       data     extern C:\MCC18\src\traditional\proc\p18LF27J13.asm
                    TXREG   0x000fae       data     extern C:\MCC18\src\traditional\proc\p18LF27J13.asm
                   TXREG1   0x000fae       data     extern C:\MCC18\src\traditional\proc\p18LF27J13.asm
                   RCREG1   0x000faf       data     extern C:\MCC18\src\traditional\proc\p18LF27J13.asm
                    RCREG   0x000faf       data     extern C:\MCC18\src\traditional\proc\p18LF27J13.asm
                   SPBRG1   0x000fb0       data     extern C:\MCC18\src\traditional\proc\p18LF27J13.asm
                    SPBRG   0x000fb0       data     extern C:\MCC18\src\traditional\proc\p18LF27J13.asm
             CTMUICONbits   0x000fb1       data     extern C:\MCC18\src\traditional\proc\p18LF27J13.asm
                 CTMUICON   0x000fb1       data     extern C:\MCC18\src\traditional\proc\p18LF27J13.asm
             CTMUCONLbits   0x000fb2       data     extern C:\MCC18\src\traditional\proc\p18LF27J13.asm
                 CTMUCONL   0x000fb2       data     extern C:\MCC18\src\traditional\proc\p18LF27J13.asm
             CTMUCONHbits   0x000fb3       data     extern C:\MCC18\src\traditional\proc\p18LF27J13.asm
                 CTMUCONH   0x000fb3       data     extern C:\MCC18\src\traditional\proc\p18LF27J13.asm
                 ECCP2CON   0x000fb4       data     extern C:\MCC18\src\traditional\proc\p18LF27J13.asm
                  CCP2CON   0x000fb4       data     extern C:\MCC18\src\traditional\proc\p18LF27J13.asm
              CCP2CONbits   0x000fb4       data     extern C:\MCC18\src\traditional\proc\p18LF27J13.asm
             ECCP2CONbits   0x000fb4       data     extern C:\MCC18\src\traditional\proc\p18LF27J13.asm
                    CCPR2   0x000fb5       data     extern C:\MCC18\src\traditional\proc\p18LF27J13.asm
                   CCPR2L   0x000fb5       data     extern C:\MCC18\src\traditional\proc\p18LF27J13.asm
                   CCPR2H   0x000fb6       data     extern C:\MCC18\src\traditional\proc\p18LF27J13.asm
              PWM2CONbits   0x000fb7       data     extern C:\MCC18\src\traditional\proc\p18LF27J13.asm
                  PWM2CON   0x000fb7       data     extern C:\MCC18\src\traditional\proc\p18LF27J13.asm
                 ECCP2DEL   0x000fb7       data     extern C:\MCC18\src\traditional\proc\p18LF27J13.asm
             ECCP2DELbits   0x000fb7       data     extern C:\MCC18\src\traditional\proc\p18LF27J13.asm
              ECCP2ASbits   0x000fb8       data     extern C:\MCC18\src\traditional\proc\p18LF27J13.asm
                  ECCP2AS   0x000fb8       data     extern C:\MCC18\src\traditional\proc\p18LF27J13.asm
                 PSTR2CON   0x000fb9       data     extern C:\MCC18\src\traditional\proc\p18LF27J13.asm
             PSTR2CONbits   0x000fb9       data     extern C:\MCC18\src\traditional\proc\p18LF27J13.asm
                  CCP1CON   0x000fba       data     extern C:\MCC18\src\traditional\proc\p18LF27J13.asm
              CCP1CONbits   0x000fba       data     extern C:\MCC18\src\traditional\proc\p18LF27J13.asm
                 ECCP1CON   0x000fba       data     extern C:\MCC18\src\traditional\proc\p18LF27J13.asm
             ECCP1CONbits   0x000fba       data     extern C:\MCC18\src\traditional\proc\p18LF27J13.asm
                   CCPR1L   0x000fbb       data     extern C:\MCC18\src\traditional\proc\p18LF27J13.asm
                    CCPR1   0x000fbb       data     extern C:\MCC18\src\traditional\proc\p18LF27J13.asm
                   CCPR1H   0x000fbc       data     extern C:\MCC18\src\traditional\proc\p18LF27J13.asm
             ECCP1DELbits   0x000fbd       data     extern C:\MCC18\src\traditional\proc\p18LF27J13.asm
                 ECCP1DEL   0x000fbd       data     extern C:\MCC18\src\traditional\proc\p18LF27J13.asm
                  PWM1CON   0x000fbd       data     extern C:\MCC18\src\traditional\proc\p18LF27J13.asm
              PWM1CONbits   0x000fbd       data     extern C:\MCC18\src\traditional\proc\p18LF27J13.asm
              ECCP1ASbits   0x000fbe       data     extern C:\MCC18\src\traditional\proc\p18LF27J13.asm
                  ECCP1AS   0x000fbe       data     extern C:\MCC18\src\traditional\proc\p18LF27J13.asm
             PSTR1CONbits   0x000fbf       data     extern C:\MCC18\src\traditional\proc\p18LF27J13.asm
                 PSTR1CON   0x000fbf       data     extern C:\MCC18\src\traditional\proc\p18LF27J13.asm
                   WDTCON   0x000fc0       data     extern C:\MCC18\src\traditional\proc\p18LF27J13.asm
               WDTCONbits   0x000fc0       data     extern C:\MCC18\src\traditional\proc\p18LF27J13.asm
               ADCON1bits   0x000fc1       data     extern C:\MCC18\src\traditional\proc\p18LF27J13.asm
                   ADCON1   0x000fc1       data     extern C:\MCC18\src\traditional\proc\p18LF27J13.asm
               ADCON0bits   0x000fc2       data     extern C:\MCC18\src\traditional\proc\p18LF27J13.asm
                   ADCON0   0x000fc2       data     extern C:\MCC18\src\traditional\proc\p18LF27J13.asm
                   ADRESL   0x000fc3       data     extern C:\MCC18\src\traditional\proc\p18LF27J13.asm
                    ADRES   0x000fc3       data     extern C:\MCC18\src\traditional\proc\p18LF27J13.asm
                   ADRESH   0x000fc4       data     extern C:\MCC18\src\traditional\proc\p18LF27J13.asm
             SSP1CON2bits   0x000fc5       data     extern C:\MCC18\src\traditional\proc\p18LF27J13.asm
                 SSP1CON2   0x000fc5       data     extern C:\MCC18\src\traditional\proc\p18LF27J13.asm
              SSPCON2bits   0x000fc5       data     extern C:\MCC18\src\traditional\proc\p18LF27J13.asm
                  SSPCON2   0x000fc5       data     extern C:\MCC18\src\traditional\proc\p18LF27J13.asm
             SSP1CON1bits   0x000fc6       data     extern C:\MCC18\src\traditional\proc\p18LF27J13.asm
                 SSP1CON1   0x000fc6       data     extern C:\MCC18\src\traditional\proc\p18LF27J13.asm
              SSPCON1bits   0x000fc6       data     extern C:\MCC18\src\traditional\proc\p18LF27J13.asm
                  SSPCON1   0x000fc6       data     extern C:\MCC18\src\traditional\proc\p18LF27J13.asm
              SSPSTATbits   0x000fc7       data     extern C:\MCC18\src\traditional\proc\p18LF27J13.asm
                  SSPSTAT   0x000fc7       data     extern C:\MCC18\src\traditional\proc\p18LF27J13.asm
                 SSP1STAT   0x000fc7       data     extern C:\MCC18\src\traditional\proc\p18LF27J13.asm
             SSP1STATbits   0x000fc7       data     extern C:\MCC18\src\traditional\proc\p18LF27J13.asm
               SSPADDbits   0x000fc8       data     extern C:\MCC18\src\traditional\proc\p18LF27J13.asm
                   SSPADD   0x000fc8       data     extern C:\MCC18\src\traditional\proc\p18LF27J13.asm
                  SSP1ADD   0x000fc8       data     extern C:\MCC18\src\traditional\proc\p18LF27J13.asm
              SSP1ADDbits   0x000fc8       data     extern C:\MCC18\src\traditional\proc\p18LF27J13.asm
                   SSPBUF   0x000fc9       data     extern C:\MCC18\src\traditional\proc\p18LF27J13.asm
                  SSP1BUF   0x000fc9       data     extern C:\MCC18\src\traditional\proc\p18LF27J13.asm
                T2CONbits   0x000fca       data     extern C:\MCC18\src\traditional\proc\p18LF27J13.asm
                    T2CON   0x000fca       data     extern C:\MCC18\src\traditional\proc\p18LF27J13.asm
                      PR2   0x000fcb       data     extern C:\MCC18\src\traditional\proc\p18LF27J13.asm
                     TMR2   0x000fcc       data     extern C:\MCC18\src\traditional\proc\p18LF27J13.asm
                    T1CON   0x000fcd       data     extern C:\MCC18\src\traditional\proc\p18LF27J13.asm
                T1CONbits   0x000fcd       data     extern C:\MCC18\src\traditional\proc\p18LF27J13.asm
                    TMR1L   0x000fce       data     extern C:\MCC18\src\traditional\proc\p18LF27J13.asm
                    TMR1H   0x000fcf       data     extern C:\MCC18\src\traditional\proc\p18LF27J13.asm
                     RCON   0x000fd0       data     extern C:\MCC18\src\traditional\proc\p18LF27J13.asm
                 RCONbits   0x000fd0       data     extern C:\MCC18\src\traditional\proc\p18LF27J13.asm
                   CM2CON   0x000fd1       data     extern C:\MCC18\src\traditional\proc\p18LF27J13.asm
                  CM2CON1   0x000fd1       data     extern C:\MCC18\src\traditional\proc\p18LF27J13.asm
              CM2CON1bits   0x000fd1       data     extern C:\MCC18\src\traditional\proc\p18LF27J13.asm
               CM2CONbits   0x000fd1       data     extern C:\MCC18\src\traditional\proc\p18LF27J13.asm
                   CM1CON   0x000fd2       data     extern C:\MCC18\src\traditional\proc\p18LF27J13.asm
                  CM1CON1   0x000fd2       data     extern C:\MCC18\src\traditional\proc\p18LF27J13.asm
              CM1CON1bits   0x000fd2       data     extern C:\MCC18\src\traditional\proc\p18LF27J13.asm
               CM1CONbits   0x000fd2       data     extern C:\MCC18\src\traditional\proc\p18LF27J13.asm
               OSCCONbits   0x000fd3       data     extern C:\MCC18\src\traditional\proc\p18LF27J13.asm
                   OSCCON   0x000fd3       data     extern C:\MCC18\src\traditional\proc\p18LF27J13.asm
                    T0CON   0x000fd5       data     extern C:\MCC18\src\traditional\proc\p18LF27J13.asm
                T0CONbits   0x000fd5       data     extern C:\MCC18\src\traditional\proc\p18LF27J13.asm
                    TMR0L   0x000fd6       data     extern C:\MCC18\src\traditional\proc\p18LF27J13.asm
                    TMR0H   0x000fd7       data     extern C:\MCC18\src\traditional\proc\p18LF27J13.asm
               STATUSbits   0x000fd8       data     extern C:\MCC18\src\traditional\proc\p18LF27J13.asm
                   STATUS   0x000fd8       data     extern C:\MCC18\src\traditional\proc\p18LF27J13.asm
                     FSR2   0x000fd9       data     extern C:\MCC18\src\traditional\proc\p18LF27J13.asm
                    FSR2L   0x000fd9       data     extern C:\MCC18\src\traditional\proc\p18LF27J13.asm
                    FSR2H   0x000fda       data     extern C:\MCC18\src\traditional\proc\p18LF27J13.asm
                   PLUSW2   0x000fdb       data     extern C:\MCC18\src\traditional\proc\p18LF27J13.asm
                  PREINC2   0x000fdc       data     extern C:\MCC18\src\traditional\proc\p18LF27J13.asm
                 POSTDEC2   0x000fdd       data     extern C:\MCC18\src\traditional\proc\p18LF27J13.asm
                 POSTINC2   0x000fde       data     extern C:\MCC18\src\traditional\proc\p18LF27J13.asm
                    INDF2   0x000fdf       data     extern C:\MCC18\src\traditional\proc\p18LF27J13.asm
                      BSR   0x000fe0       data     extern C:\MCC18\src\traditional\proc\p18LF27J13.asm
                    FSR1L   0x000fe1       data     extern C:\MCC18\src\traditional\proc\p18LF27J13.asm
                     FSR1   0x000fe1       data     extern C:\MCC18\src\traditional\proc\p18LF27J13.asm
                    FSR1H   0x000fe2       data     extern C:\MCC18\src\traditional\proc\p18LF27J13.asm
                   PLUSW1   0x000fe3       data     extern C:\MCC18\src\traditional\proc\p18LF27J13.asm
                  PREINC1   0x000fe4       data     extern C:\MCC18\src\traditional\proc\p18LF27J13.asm
                 POSTDEC1   0x000fe5       data     extern C:\MCC18\src\traditional\proc\p18LF27J13.asm
                 POSTINC1   0x000fe6       data     extern C:\MCC18\src\traditional\proc\p18LF27J13.asm
                    INDF1   0x000fe7       data     extern C:\MCC18\src\traditional\proc\p18LF27J13.asm
                     WREG   0x000fe8       data     extern C:\MCC18\src\traditional\proc\p18LF27J13.asm
                     FSR0   0x000fe9       data     extern C:\MCC18\src\traditional\proc\p18LF27J13.asm
                    FSR0L   0x000fe9       data     extern C:\MCC18\src\traditional\proc\p18LF27J13.asm
                    FSR0H   0x000fea       data     extern C:\MCC18\src\traditional\proc\p18LF27J13.asm
                   PLUSW0   0x000feb       data     extern C:\MCC18\src\traditional\proc\p18LF27J13.asm
                  PREINC0   0x000fec       data     extern C:\MCC18\src\traditional\proc\p18LF27J13.asm
                 POSTDEC0   0x000fed       data     extern C:\MCC18\src\traditional\proc\p18LF27J13.asm
                 POSTINC0   0x000fee       data     extern C:\MCC18\src\traditional\proc\p18LF27J13.asm
                    INDF0   0x000fef       data     extern C:\MCC18\src\traditional\proc\p18LF27J13.asm
                  INTCON3   0x000ff0       data     extern C:\MCC18\src\traditional\proc\p18LF27J13.asm
              INTCON3bits   0x000ff0       data     extern C:\MCC18\src\traditional\proc\p18LF27J13.asm
              INTCON2bits   0x000ff1       data     extern C:\MCC18\src\traditional\proc\p18LF27J13.asm
                  INTCON2   0x000ff1       data     extern C:\MCC18\src\traditional\proc\p18LF27J13.asm
               INTCONbits   0x000ff2       data     extern C:\MCC18\src\traditional\proc\p18LF27J13.asm
                   INTCON   0x000ff2       data     extern C:\MCC18\src\traditional\proc\p18LF27J13.asm
                    PRODL   0x000ff3       data     extern C:\MCC18\src\traditional\proc\p18LF27J13.asm
                     PROD   0x000ff3       data     extern C:\MCC18\src\traditional\proc\p18LF27J13.asm
                    PRODH   0x000ff4       data     extern C:\MCC18\src\traditional\proc\p18LF27J13.asm
                   TABLAT   0x000ff5       data     extern C:\MCC18\src\traditional\proc\p18LF27J13.asm
                   TBLPTR   0x000ff6       data     extern C:\MCC18\src\traditional\proc\p18LF27J13.asm
                  TBLPTRL   0x000ff6       data     extern C:\MCC18\src\traditional\proc\p18LF27J13.asm
                  TBLPTRH   0x000ff7       data     extern C:\MCC18\src\traditional\proc\p18LF27J13.asm
                  TBLPTRU   0x000ff8       data     extern C:\MCC18\src\traditional\proc\p18LF27J13.asm
                      PCL   0x000ff9       data     extern C:\MCC18\src\traditional\proc\p18LF27J13.asm
                       PC   0x000ff9       data     extern C:\MCC18\src\traditional\proc\p18LF27J13.asm
                   PCLATH   0x000ffa       data     extern C:\MCC18\src\traditional\proc\p18LF27J13.asm
                   PCLATU   0x000ffb       data     extern C:\MCC18\src\traditional\proc\p18LF27J13.asm
               STKPTRbits   0x000ffc       data     extern C:\MCC18\src\traditional\proc\p18LF27J13.asm
                   STKPTR   0x000ffc       data     extern C:\MCC18\src\traditional\proc\p18LF27J13.asm
                      TOS   0x000ffd       data     extern C:\MCC18\src\traditional\proc\p18LF27J13.asm
                     TOSL   0x000ffd       data     extern C:\MCC18\src\traditional\proc\p18LF27J13.asm
                     TOSH   0x000ffe       data     extern C:\MCC18\src\traditional\proc\p18LF27J13.asm
                     TOSU   0x000fff       data     extern C:\MCC18\src\traditional\proc\p18LF27J13.asm


