MPLINK 4.37, Linker
Linker Map File - Created Thu Nov 18 18:02:21 2010

                                 Section Info
                  Section       Type    Address   Location Size(Bytes)
                ---------  ---------  ---------  ---------  ---------
               _entry_scn       code   0x000000    program   0x000006
       .code__user_putc.o       code   0x000006    program   0x000002
      InterruptVectorHigh       code   0x000008    program   0x000006
          .code_adcbusy.o       code   0x00000e    program   0x00000a
       InterruptVectorLow       code   0x000018    program   0x000006
                   .cinit    romdata   0x00001e    program   0x00000e
         .code_vfprintf.o       code   0x00002c    program   0x000816
           .code_my_i2c.o       code   0x000842    program   0x0006ca
         .code_messages.o       code   0x000f0c    program   0x000566
             .code_main.o       code   0x001472    program   0x0003de
       .code_interrupts.o       code   0x001850    program   0x00020a
                     PROG       code   0x001a5a    program   0x000146
          .code_my_uart.o       code   0x001ba0    program   0x00012c
             .stringtable    romdata   0x001ccc    program   0x0000e2
                   STRING       code   0x001dae    program   0x0000bc
  .code_user_interrupts.o       code   0x001e6a    program   0x0000aa
               _cinit_scn       code   0x001f14    program   0x00009e
            .code_my_ad.o       code   0x001fb2    program   0x000094
            .code_uopen.o       code   0x002046    program   0x000082
             .code_putc.o       code   0x0020c8    program   0x000066
           .code_printf.o       code   0x00212e    program   0x000064
          .code_adcopen.o       code   0x002192    program   0x000064
      .code_uart_thread.o       code   0x0021f6    program   0x00005c
    .code_timer0_thread.o       code   0x002252    program   0x00004c
           .code_t1open.o       code   0x00229e    program   0x000040
            .code_uread.o       code   0x0022de    program   0x00003e
             D10KTCYXCODE       code   0x00231c    program   0x000036
           .code_t0open.o       code   0x002352    program   0x000036
    .code_timer1_thread.o       code   0x002388    program   0x000030
          .code_t1write.o       code   0x0023b8    program   0x000030
           .code_t1read.o       code   0x0023e8    program   0x000030
          .code_t0write.o       code   0x002418    program   0x000030
         .code_adcsetch.o       code   0x002448    program   0x000030
           .code_uwrite.o       code   0x002478    program   0x00002e
                    CTYPE       code   0x0024a6    program   0x000024
              D1KTCYXCODE       code   0x0024ca    program   0x000020
                    .code       code   0x0024ea    program   0x000020
                    STDIO       code   0x00250a    program   0x00001c
             _startup_scn       code   0x002526    program   0x00001a
          .code_adcread.o       code   0x002540    program   0x000018
              D10TCYXCODE       code   0x002558    program   0x000016
      .romdata_vfprintf.o    romdata   0x00256e    program   0x000011
    .romdata__user_putc.o    romdata   0x00257f    program   0x000000
        .romdata_t1read.o    romdata   0x00257f    program   0x000000
    .idata__user_putc.o_i    romdata   0x00257f    program   0x000000
          .romdata_putc.o    romdata   0x00257f    program   0x000000
         .idata_uread.o_i    romdata   0x00257f    program   0x000000
         .romdata_uread.o    romdata   0x00257f    program   0x000000
          .idata_putc.o_i    romdata   0x00257f    program   0x000000
      .idata_adcsetch.o_i    romdata   0x00257f    program   0x000000
      .idata_vfprintf.o_i    romdata   0x00257f    program   0x000000
      .romdata_adcsetch.o    romdata   0x00257f    program   0x000000
        .romdata_stdout.o    romdata   0x00257f    program   0x000000
        .romdata_printf.o    romdata   0x00257f    program   0x000000
         .idata_udefs.o_i    romdata   0x00257f    program   0x000000
         .romdata_udefs.o    romdata   0x00257f    program   0x000000
        .idata_printf.o_i    romdata   0x00257f    program   0x000000
        .romdata___init.o    romdata   0x00257f    program   0x000000
       .idata_t0write.o_i    romdata   0x00257f    program   0x000000
       .romdata_t0write.o    romdata   0x00257f    program   0x000000
        .idata___init.o_i    romdata   0x00257f    program   0x000000
        .romdata_uwrite.o    romdata   0x00257f    program   0x000000
       .idata_t1write.o_i    romdata   0x00257f    program   0x000000
       .romdata_t1write.o    romdata   0x00257f    program   0x000000
        .idata_uwrite.o_i    romdata   0x00257f    program   0x000000
        .idata_my_i2c.o_i    romdata   0x00257f    program   0x000000
 .romdata_timer0_thread.o    romdata   0x00257f    program   0x000000
 .idata_timer0_thread.o_i    romdata   0x00257f    program   0x000000
 .romdata_timer1_thread.o    romdata   0x00257f    program   0x000000
 .idata_timer1_thread.o_i    romdata   0x00257f    program   0x000000
   .romdata_uart_thread.o    romdata   0x00257f    program   0x000000
   .idata_uart_thread.o_i    romdata   0x00257f    program   0x000000
       .romdata_my_uart.o    romdata   0x00257f    program   0x000000
       .idata_my_uart.o_i    romdata   0x00257f    program   0x000000
.romdata_user_interrupts.o    romdata   0x00257f    program   0x000000
.idata_user_interrupts.o_i    romdata   0x00257f    program   0x000000
    .romdata_interrupts.o    romdata   0x00257f    program   0x000000
    .idata_interrupts.o_i    romdata   0x00257f    program   0x000000
      .romdata_messages.o    romdata   0x00257f    program   0x000000
      .idata_messages.o_i    romdata   0x00257f    program   0x000000
          .romdata_main.o    romdata   0x00257f    program   0x000000
          .idata_main.o_i    romdata   0x00257f    program   0x000000
       .romdata_c018i_e.o    romdata   0x00257f    program   0x000000
       .idata_c018i_e.o_i    romdata   0x00257f    program   0x000000
        .idata_t1read.o_i    romdata   0x00257f    program   0x000000
       .romdata_adcread.o    romdata   0x00257f    program   0x000000
       .idata_adcread.o_i    romdata   0x00257f    program   0x000000
         .romdata_uopen.o    romdata   0x00257f    program   0x000000
         .idata_uopen.o_i    romdata   0x00257f    program   0x000000
        .romdata_t1open.o    romdata   0x00257f    program   0x000000
        .idata_t1open.o_i    romdata   0x00257f    program   0x000000
        .romdata_t0open.o    romdata   0x00257f    program   0x000000
        .idata_t0open.o_i    romdata   0x00257f    program   0x000000
       .romdata_adcopen.o    romdata   0x00257f    program   0x000000
       .idata_adcopen.o_i    romdata   0x00257f    program   0x000000
       .romdata_adcconv.o    romdata   0x00257f    program   0x000000
       .idata_adcconv.o_i    romdata   0x00257f    program   0x000000
       .romdata_adcbusy.o    romdata   0x00257f    program   0x000000
       .idata_adcbusy.o_i    romdata   0x00257f    program   0x000000
         .romdata_my_ad.o    romdata   0x00257f    program   0x000000
         .idata_my_ad.o_i    romdata   0x00257f    program   0x000000
        .romdata_my_i2c.o    romdata   0x00257f    program   0x000000
           .code_stdout.o       code   0x002580    program   0x000000
            .code_udefs.o       code   0x002580    program   0x000000
          .code_adcconv.o       code   0x002580    program   0x000004
          .code_c018i_e.o       code   0x002580    program   0x000000
           .code___init.o       code   0x002584    program   0x000002
        .idata_stdout.o_i    romdata   0x002586    program   0x000002
    .config_300003_main.o    romdata   0x300003    program   0x000001
                msgqueue5      udata   0x000000       data   0x00004b
                msgqueue4      udata   0x00004b       data   0x00004a
                msgqueue3      udata   0x000095       data   0x00004a
         .udata_c018i_e.o      udata   0x0000df       data   0x00000a
                 .tmpdata      udata   0x0000e9       data   0x000007
                MATH_DATA      udata   0x0000f0       data   0x000004
         .udata_my_uart.o      udata   0x0000f4       data   0x000002
          .udata_my_i2c.o      udata   0x0000f6       data   0x000002
          .idata_stdout.o      idata   0x0000f8       data   0x000002
                DELAYDAT2      udata   0x0000fa       data   0x000001
                DELAYDAT1      udata   0x0000fb       data   0x000001
           .udata_udefs.o      udata   0x0000fc       data   0x000001
        .udata_adcsetch.o      udata   0x0000fd       data   0x000000
           .idata_uread.o      idata   0x0000fd       data   0x000000
           .udata_uread.o      udata   0x0000fd       data   0x000000
          .idata_t1read.o      idata   0x0000fd       data   0x000000
          .udata_t1read.o      udata   0x0000fd       data   0x000000
         .idata_adcread.o      idata   0x0000fd       data   0x000000
         .udata_adcread.o      udata   0x0000fd       data   0x000000
           .idata_uopen.o      idata   0x0000fd       data   0x000000
           .udata_uopen.o      udata   0x0000fd       data   0x000000
          .idata_t1open.o      idata   0x0000fd       data   0x000000
          .udata_t1open.o      udata   0x0000fd       data   0x000000
          .idata_t0open.o      idata   0x0000fd       data   0x000000
          .udata_t0open.o      udata   0x0000fd       data   0x000000
         .idata_adcopen.o      idata   0x0000fd       data   0x000000
         .udata_adcopen.o      udata   0x0000fd       data   0x000000
      .udata__user_putc.o      udata   0x0000fd       data   0x000000
      .idata__user_putc.o      idata   0x0000fd       data   0x000000
        .udata_vfprintf.o      udata   0x0000fd       data   0x000000
          .udata_stdout.o      udata   0x0000fd       data   0x000000
          .idata_printf.o      idata   0x0000fd       data   0x000000
          .udata_printf.o      udata   0x0000fd       data   0x000000
          .idata___init.o      idata   0x0000fd       data   0x000000
        .idata_vfprintf.o      idata   0x0000fd       data   0x000000
          .udata___init.o      udata   0x0000fd       data   0x000000
            .udata_putc.o      udata   0x0000fd       data   0x000000
          .idata_uwrite.o      idata   0x0000fd       data   0x000000
          .udata_uwrite.o      udata   0x0000fd       data   0x000000
         .idata_t1write.o      idata   0x0000fd       data   0x000000
         .udata_t1write.o      udata   0x0000fd       data   0x000000
         .idata_t0write.o      idata   0x0000fd       data   0x000000
            .idata_putc.o      idata   0x0000fd       data   0x000000
         .udata_t0write.o      udata   0x0000fd       data   0x000000
           .idata_udefs.o      idata   0x0000fd       data   0x000000
        .idata_adcsetch.o      idata   0x0000fd       data   0x000000
           .idata_my_ad.o      idata   0x0000fd       data   0x000000
           .udata_my_ad.o      udata   0x0000fd       data   0x000000
          .idata_my_i2c.o      idata   0x0000fd       data   0x000000
   .idata_timer0_thread.o      idata   0x0000fd       data   0x000000
   .udata_timer0_thread.o      udata   0x0000fd       data   0x000000
   .idata_timer1_thread.o      idata   0x0000fd       data   0x000000
   .udata_timer1_thread.o      udata   0x0000fd       data   0x000000
     .idata_uart_thread.o      idata   0x0000fd       data   0x000000
     .udata_uart_thread.o      udata   0x0000fd       data   0x000000
         .idata_my_uart.o      idata   0x0000fd       data   0x000000
 .idata_user_interrupts.o      idata   0x0000fd       data   0x000000
 .udata_user_interrupts.o      udata   0x0000fd       data   0x000000
      .idata_interrupts.o      idata   0x0000fd       data   0x000000
      .udata_interrupts.o      udata   0x0000fd       data   0x000000
        .idata_messages.o      idata   0x0000fd       data   0x000000
        .udata_messages.o      udata   0x0000fd       data   0x000000
            .idata_main.o      idata   0x0000fd       data   0x000000
            .udata_main.o      udata   0x0000fd       data   0x000000
         .idata_c018i_e.o      idata   0x0000fd       data   0x000000
         .idata_adcconv.o      idata   0x0000fd       data   0x000000
         .udata_adcconv.o      udata   0x0000fd       data   0x000000
         .idata_adcbusy.o      idata   0x0000fd       data   0x000000
         .udata_adcbusy.o      udata   0x0000fd       data   0x000000
                msgqueue2      udata   0x000100       data   0x00004a
                msgqueue1      udata   0x00014a       data   0x00004a
                   .stack      udata   0x000c00       data   0x000100
              SFR_BANKED0      udata   0x000d60       data   0x00000c
              SFR_BANKED1      udata   0x000d70       data   0x00000c
              SFR_BANKED2      udata   0x000d80       data   0x00000c
              SFR_BANKED3      udata   0x000d90       data   0x000004
              SFR_BANKED4      udata   0x000dd4       data   0x000002
              SFR_BANKED5      udata   0x000dd8       data   0x000001
              SFR_BANKED6      udata   0x000de0       data   0x000008
              SFR_BANKED7      udata   0x000df0       data   0x000004
              SFR_BANKED8      udata   0x000df8       data   0x000001
              SFR_BANKED9      udata   0x000dfa       data   0x000001
             SFR_BANKED10      udata   0x000dfc       data   0x000001
             SFR_BANKED11      udata   0x000e20       data   0x000060
             SFR_BANKED12      udata   0x000f00       data   0x000060
            SFR_UNBANKED0      udata   0x000f60       data   0x000018
            SFR_UNBANKED1      udata   0x000f80       data   0x000080



                              Program Memory Usage 
                               Start         End      
                           ---------   ---------      
                            0x000000    0x00257e      
                            0x002580    0x002587      
                            0x300003    0x300003      
            9608 out of 66584 program addresses used, program memory utilization is 14%



                              Symbols - Sorted by Name
                     Name    Address   Location    Storage File                     
                ---------  ---------  ---------  --------- ---------                
          ADQueue_recvmsg   0x001306    program     extern C:\Users\Ty\Documents\S1\embedded\embeddedgroup5\insteonpic\messages.c
          ADQueue_sendmsg   0x0012d8    program     extern C:\Users\Ty\Documents\S1\embedded\embeddedgroup5\insteonpic\messages.c
                  BusyADC   0x00000e    program     extern C:\MCC18\src\pmc_common\ADC\adcbusy.c
               ConvertADC   0x002580    program     extern C:\MCC18\src\pmc_common\ADC\adcconv.c
                   D10K_1   0x00232c    program     static C:\MCC18\src\extended\delays\d10ktcyx.asm
                    D10Kl   0x00233a    program     static C:\MCC18\src\extended\delays\d10ktcyx.asm
                    D10Kx   0x002328    program     static C:\MCC18\src\extended\delays\d10ktcyx.asm
                    D10_1   0x002568    program     static C:\MCC18\src\extended\delays\d10tcyx.asm
                     D10x   0x002560    program     static C:\MCC18\src\extended\delays\d10tcyx.asm
                    D1K_1   0x0024d8    program     static C:\MCC18\src\extended\delays\d1ktcyx.asm
                     D1Kx   0x0024d6    program     static C:\MCC18\src\extended\delays\d1ktcyx.asm
             Delay10KTCYx   0x00231c    program     extern C:\MCC18\src\extended\delays\d10ktcyx.asm
              Delay10TCYx   0x002558    program     extern C:\MCC18\src\extended\delays\d10tcyx.asm
              Delay1KTCYx   0x0024ca    program     extern C:\MCC18\src\extended\delays\d1ktcyx.asm
     FromMainHigh_recvmsg   0x0012a6    program     extern C:\Users\Ty\Documents\S1\embedded\embeddedgroup5\insteonpic\messages.c
     FromMainHigh_sendmsg   0x001278    program     extern C:\Users\Ty\Documents\S1\embedded\embeddedgroup5\insteonpic\messages.c
      FromMainLow_recvmsg   0x001246    program     extern C:\Users\Ty\Documents\S1\embedded\embeddedgroup5\insteonpic\messages.c
      FromMainLow_sendmsg   0x001218    program     extern C:\Users\Ty\Documents\S1\embedded\embeddedgroup5\insteonpic\messages.c
     InterruptHandlerHigh   0x0018d6    program     extern C:\Users\Ty\Documents\S1\embedded\embeddedgroup5\insteonpic\interrupts.c
      InterruptHandlerLow   0x001990    program     extern C:\Users\Ty\Documents\S1\embedded\embeddedgroup5\insteonpic\interrupts.c
      InterruptVectorHigh   0x000008    program     extern C:\Users\Ty\Documents\S1\embedded\embeddedgroup5\insteonpic\interrupts.c
       InterruptVectorLow   0x000018    program     extern C:\Users\Ty\Documents\S1\embedded\embeddedgroup5\insteonpic\interrupts.c
                  OpenADC   0x002192    program     extern C:\MCC18\src\pmc_common\ADC\adcopen.c
               OpenTimer0   0x002352    program     extern C:\MCC18\src\pmc_common\Timers\t0open.c
               OpenTimer1   0x00229e    program     extern C:\MCC18\src\pmc_common\Timers\t1open.c
                OpenUSART   0x002046    program     extern C:\MCC18\src\pmc_common\USART\uopen.c
                  RESTORE   0x001af0    program     static C:\MCC18\src\extended\math\div32u.asm
              RETQUOTIENT   0x001ae0    program     static C:\MCC18\src\extended\math\div32u.asm
                  ReadADC   0x002540    program     extern C:\MCC18\src\pmc_common\ADC\adcread.c
               ReadTimer1   0x0023e8    program     extern C:\MCC18\src\pmc_common\Timers\t1read.c
                ReadUSART   0x0022de    program     extern C:\MCC18\src\pmc_common\USART\uread.c
                 SETUPSTK   0x001a5a    program     static C:\MCC18\src\extended\math\div32u.asm
               SetChanADC   0x002448    program     extern C:\MCC18\src\pmc_common\ADC\adcsetch.c
              SleepIfOkay   0x0013ba    program     extern C:\Users\Ty\Documents\S1\embedded\embeddedgroup5\insteonpic\messages.c
       ToMainHigh_recvmsg   0x0011e6    program     extern C:\Users\Ty\Documents\S1\embedded\embeddedgroup5\insteonpic\messages.c
       ToMainHigh_sendmsg   0x0011b8    program     extern C:\Users\Ty\Documents\S1\embedded\embeddedgroup5\insteonpic\messages.c
        ToMainLow_recvmsg   0x001186    program     extern C:\Users\Ty\Documents\S1\embedded\embeddedgroup5\insteonpic\messages.c
        ToMainLow_sendmsg   0x001158    program     extern C:\Users\Ty\Documents\S1\embedded\embeddedgroup5\insteonpic\messages.c
              WriteTimer0   0x002418    program     extern C:\MCC18\src\pmc_common\Timers\t0write.c
              WriteTimer1   0x0023b8    program     extern C:\MCC18\src\pmc_common\Timers\t1write.c
               WriteUSART   0x002478    program     extern C:\MCC18\src\pmc_common\USART\uwrite.c
                   _2jEnd   0x001e54    program     static C:\MCC18\src\extended\stdclib\slenpgm.asm
              _4jContinue   0x001de2    program     static C:\MCC18\src\extended\stdclib\memcpy.asm
                   _5jEnd   0x001dec    program     static C:\MCC18\src\extended\stdclib\memcpy.asm
       _D10KTCYXCODE_0014   0x002330    program     static C:\MCC18\src\extended\delays\d10ktcyx.asm
       _D10KTCYXCODE_0022   0x00233e    program     static C:\MCC18\src\extended\delays\d10ktcyx.asm
        _D10TCYXCODE_000A   0x002562    program     static C:\MCC18\src\extended\delays\d10tcyx.asm
        _D10TCYXCODE_000C   0x002564    program     static C:\MCC18\src\extended\delays\d10tcyx.asm
        _D10TCYXCODE_000E   0x002566    program     static C:\MCC18\src\extended\delays\d10tcyx.asm
        _D1KTCYXCODE_0012   0x0024dc    program     static C:\MCC18\src\extended\delays\d1ktcyx.asm
        _D1KTCYXCODE_0018   0x0024e2    program     static C:\MCC18\src\extended\delays\d1ktcyx.asm
       ___return_lbl00000   0x000004    program     static                          
       ___return_lbl00001   0x00253e    program     static                          
       ___return_lbl00002   0x001fb0    program     static                          
       ___return_lbl00012   0x00001c    program     static                          
       ___return_lbl00013   0x00000c    program     static                          
       ___return_lbl00021   0x001372    program     static                          
               __config_0   0x300003    program     static C:\Users\Ty\Documents\S1\embedded\embeddedgroup5\insteonpic\main.c
                 __div32u   0x001a72    program     extern C:\MCC18\src\extended\math\div32u.asm
                   __init   0x002584    program     extern C:\MCC18\src\extended\stdclib\__init.c
                 __mod32u   0x001a78    program     extern C:\MCC18\src\extended\math\div32u.asm
                  __mul32   0x001afe    program     extern C:\MCC18\src\extended\math\mul32.asm
                   __pa_0   0x0006ee    program     static C:\MCC18\src\extended\stdclib\vfprintf.c
                   __pa_1   0x0006fc    program     static C:\MCC18\src\extended\stdclib\vfprintf.c
                  __pa_10   0x00078a    program     static C:\MCC18\src\extended\stdclib\vfprintf.c
                  __pa_11   0x00079a    program     static C:\MCC18\src\extended\stdclib\vfprintf.c
                  __pa_12   0x0007aa    program     static C:\MCC18\src\extended\stdclib\vfprintf.c
                  __pa_13   0x0007b8    program     static C:\MCC18\src\extended\stdclib\vfprintf.c
                  __pa_14   0x0007d6    program     static C:\MCC18\src\extended\stdclib\vfprintf.c
                  __pa_15   0x0007e0    program     static C:\MCC18\src\extended\stdclib\vfprintf.c
                  __pa_16   0x0007e6    program     static C:\MCC18\src\extended\stdclib\vfprintf.c
                  __pa_17   0x0007f6    program     static C:\MCC18\src\extended\stdclib\vfprintf.c
                  __pa_18   0x000802    program     static C:\MCC18\src\extended\stdclib\vfprintf.c
                  __pa_19   0x000810    program     static C:\MCC18\src\extended\stdclib\vfprintf.c
                   __pa_2   0x00070c    program     static C:\MCC18\src\extended\stdclib\vfprintf.c
                  __pa_20   0x00081a    program     static C:\MCC18\src\extended\stdclib\vfprintf.c
                  __pa_21   0x000824    program     static C:\MCC18\src\extended\stdclib\vfprintf.c
                  __pa_22   0x00082e    program     static C:\MCC18\src\extended\stdclib\vfprintf.c
                  __pa_23   0x00083c    program     static C:\MCC18\src\extended\stdclib\vfprintf.c
                   __pa_3   0x000718    program     static C:\MCC18\src\extended\stdclib\vfprintf.c
                   __pa_4   0x00072c    program     static C:\MCC18\src\extended\stdclib\vfprintf.c
                   __pa_5   0x00073e    program     static C:\MCC18\src\extended\stdclib\vfprintf.c
                   __pa_6   0x00074e    program     static C:\MCC18\src\extended\stdclib\vfprintf.c
                   __pa_7   0x000760    program     static C:\MCC18\src\extended\stdclib\vfprintf.c
                   __pa_8   0x00076c    program     static C:\MCC18\src\extended\stdclib\vfprintf.c
                   __pa_9   0x00077e    program     static C:\MCC18\src\extended\stdclib\vfprintf.c
               __string_0   0x001d8b    program     static C:\Users\Ty\Documents\S1\embedded\embeddedgroup5\insteonpic\uart_thread.c
               __string_0   0x001d83    program     static C:\Users\Ty\Documents\S1\embedded\embeddedgroup5\insteonpic\main.c
               __string_0   0x001d9b    program     static C:\Users\Ty\Documents\S1\embedded\embeddedgroup5\insteonpic\timer0_thread.c
               __string_1   0x001d55    program     static C:\Users\Ty\Documents\S1\embedded\embeddedgroup5\insteonpic\main.c
               __string_2   0x001d39    program     static C:\Users\Ty\Documents\S1\embedded\embeddedgroup5\insteonpic\main.c
               __string_3   0x001d35    program     static C:\Users\Ty\Documents\S1\embedded\embeddedgroup5\insteonpic\main.c
               __string_4   0x001d25    program     static C:\Users\Ty\Documents\S1\embedded\embeddedgroup5\insteonpic\main.c
               __string_5   0x001cf9    program     static C:\Users\Ty\Documents\S1\embedded\embeddedgroup5\insteonpic\main.c
               __string_6   0x001ccc    program     static C:\Users\Ty\Documents\S1\embedded\embeddedgroup5\insteonpic\main.c
            __zero_memory   0x0024ea    program     extern C:\MCC18\src\extended\proc\p18F2680.asm
                _do_cinit   0x001f14    program     extern C:\MCC18\src\extended\startup\c018i_e.c
            _early32uexit   0x001a7c    program     extern C:\MCC18\src\extended\math\div32u.asm
                   _entry   0x000000    program     extern C:\MCC18\src\extended\startup\c018i_e.c
                   _false   0x001ac0    program     static C:\MCC18\src\extended\math\div32u.asm
                 _startup   0x002526    program     extern C:\MCC18\src\extended\startup\c018i_e.c
              _usart_putc   0x00250a    program     extern C:\MCC18\src\pmc_common\USART\_usartpc.asm
               _user_putc   0x000006    program     extern C:\MCC18\src\extended\stdclib\_user_putc.c
    block_on_To_msgqueues   0x001416    program     extern C:\Users\Ty\Documents\S1\embedded\embeddedgroup5\insteonpic\messages.c
                check_msg   0x001374    program     extern C:\Users\Ty\Documents\S1\embedded\embeddedgroup5\insteonpic\messages.c
                compare_l   0x002500    program     static C:\MCC18\src\extended\proc\p18F2680.asm
                copy_loop   0x001f86    program     static                          
            copy_one_byte   0x001f8c    program     static                          
                divmod32u   0x001a7e    program     static C:\MCC18\src\extended\math\div32u.asm
                     done   0x001fb0    program     static                          
             done_copying   0x001f9a    program     static                          
        enable_interrupts   0x001850    program     extern C:\Users\Ty\Documents\S1\embedded\embeddedgroup5\insteonpic\interrupts.c
         enter_sleep_mode   0x00136e    program     extern C:\Users\Ty\Documents\S1\embedded\embeddedgroup5\insteonpic\messages.c
             handle_start   0x00094a    program     extern C:\Users\Ty\Documents\S1\embedded\embeddedgroup5\insteonpic\my_i2c.c
     i2c_configure_master   0x000842    program     extern C:\Users\Ty\Documents\S1\embedded\embeddedgroup5\insteonpic\my_i2c.c
      i2c_configure_slave   0x000ede    program     extern C:\Users\Ty\Documents\S1\embedded\embeddedgroup5\insteonpic\my_i2c.c
          i2c_int_handler   0x000a04    program     extern C:\Users\Ty\Documents\S1\embedded\embeddedgroup5\insteonpic\my_i2c.c
          i2c_master_recv   0x000866    program     extern C:\Users\Ty\Documents\S1\embedded\embeddedgroup5\insteonpic\my_i2c.c
          i2c_master_send   0x000854    program     extern C:\Users\Ty\Documents\S1\embedded\embeddedgroup5\insteonpic\my_i2c.c
              in_high_int   0x001858    program     extern C:\Users\Ty\Documents\S1\embedded\embeddedgroup5\insteonpic\interrupts.c
               in_low_int   0x001898    program     extern C:\Users\Ty\Documents\S1\embedded\embeddedgroup5\insteonpic\interrupts.c
                  in_main   0x0018b0    program     extern C:\Users\Ty\Documents\S1\embedded\embeddedgroup5\insteonpic\interrupts.c
                  initADC   0x001fb2    program     extern C:\Users\Ty\Documents\S1\embedded\embeddedgroup5\insteonpic\my_ad.c
                 init_i2c   0x000e7a    program     extern C:\Users\Ty\Documents\S1\embedded\embeddedgroup5\insteonpic\my_i2c.c
             init_insteon   0x001746    program     extern C:\Users\Ty\Documents\S1\embedded\embeddedgroup5\insteonpic\main.c
               init_queue   0x000f0c    program     extern C:\Users\Ty\Documents\S1\embedded\embeddedgroup5\insteonpic\messages.c
              init_queues   0x001338    program     extern C:\Users\Ty\Documents\S1\embedded\embeddedgroup5\insteonpic\messages.c
      init_timer1_lthread   0x002388    program     extern C:\Users\Ty\Documents\S1\embedded\embeddedgroup5\insteonpic\timer1_thread.c
           init_uart_recv   0x001c4a    program     extern C:\Users\Ty\Documents\S1\embedded\embeddedgroup5\insteonpic\my_uart.c
                  isdigit   0x0024a6    program     extern C:\MCC18\src\extended\stdclib\isdigit.asm
                     jEnd   0x001e1e    program     static C:\MCC18\src\extended\stdclib\strlen.asm
                     jEnd   0x001e56    program     static C:\MCC18\src\extended\stdclib\slenpgm.asm
                     jEnd   0x001df2    program     static C:\MCC18\src\extended\stdclib\memcpy.asm
                    jLoop   0x001e3e    program     static C:\MCC18\src\extended\stdclib\slenpgm.asm
                    jLoop   0x001e14    program     static C:\MCC18\src\extended\stdclib\strlen.asm
                    jLoop   0x001dd6    program     static C:\MCC18\src\extended\stdclib\memcpy.asm
                   jMatch   0x0024c6    program     static C:\MCC18\src\extended\stdclib\isdigit.asm
                 jNoMatch   0x0024c8    program     static C:\MCC18\src\extended\stdclib\isdigit.asm
                     loop   0x00251a    program     static C:\MCC18\src\pmc_common\USART\_usartpc.asm
                     loop   0x002534    program     static                          
                     loop   0x001a8c    program     static C:\MCC18\src\extended\math\div32u.asm
                   loop_h   0x0024f8    program     static C:\MCC18\src\extended\proc\p18F2680.asm
                   loop_l   0x002502    program     static C:\MCC18\src\extended\proc\p18F2680.asm
           low_int_active   0x001878    program     extern C:\Users\Ty\Documents\S1\embedded\embeddedgroup5\insteonpic\interrupts.c
                     main   0x001472    program     extern C:\Users\Ty\Documents\S1\embedded\embeddedgroup5\insteonpic\main.c
                   memcpy   0x001dae    program     extern C:\MCC18\src\extended\stdclib\memcpy.asm
                   printf   0x00212e    program     extern C:\MCC18\src\extended\stdclib\printf.c
                     putc   0x0020c8    program     extern C:\MCC18\src\extended\stdclib\putc.c
                  readADC   0x001fda    program     extern C:\Users\Ty\Documents\S1\embedded\embeddedgroup5\insteonpic\my_ad.c
                 recv_msg   0x001052    program     extern C:\Users\Ty\Documents\S1\embedded\embeddedgroup5\insteonpic\messages.c
                 s_digits   0x00256e    program     static C:\MCC18\src\extended\stdclib\vfprintf.c
            s_put_n_chars   0x00002c    program     static C:\MCC18\src\extended\stdclib\vfprintf.c
                 send_msg   0x000f6a    program     extern C:\Users\Ty\Documents\S1\embedded\embeddedgroup5\insteonpic\messages.c
    start_i2c_slave_reply   0x000878    program     extern C:\Users\Ty\Documents\S1\embedded\embeddedgroup5\insteonpic\my_i2c.c
                   strlen   0x001e04    program     extern C:\MCC18\src\extended\stdclib\strlen.asm
                strlenpgm   0x001e20    program     extern C:\MCC18\src\extended\stdclib\slenpgm.asm
                     test   0x001f2e    program     static                          
       timer0_int_handler   0x001e6a    program     extern C:\Users\Ty\Documents\S1\embedded\embeddedgroup5\insteonpic\user_interrupts.c
           timer0_lthread   0x002252    program     extern C:\Users\Ty\Documents\S1\embedded\embeddedgroup5\insteonpic\timer0_thread.c
       timer1_int_handler   0x001ed6    program     extern C:\Users\Ty\Documents\S1\embedded\embeddedgroup5\insteonpic\user_interrupts.c
           timer1_lthread   0x0023a6    program     extern C:\Users\Ty\Documents\S1\embedded\embeddedgroup5\insteonpic\timer1_thread.c
             uart_lthread   0x0021f6    program     extern C:\Users\Ty\Documents\S1\embedded\embeddedgroup5\insteonpic\uart_thread.c
    uart_recv_int_handler   0x001ba0    program     extern C:\Users\Ty\Documents\S1\embedded\embeddedgroup5\insteonpic\my_uart.c
                uart_send   0x001c76    program     extern C:\Users\Ty\Documents\S1\embedded\embeddedgroup5\insteonpic\my_uart.c
                 vfprintf   0x00005e    program     extern C:\MCC18\src\extended\stdclib\vfprintf.c
               zero_block   0x0024f8    program     static C:\MCC18\src\extended\proc\p18F2680.asm
                   ADCON0   0x000fc2       data     extern C:\MCC18\src\extended\proc\p18F2680.asm
               ADCON0bits   0x000fc2       data     extern C:\MCC18\src\extended\proc\p18F2680.asm
                   ADCON1   0x000fc1       data     extern C:\MCC18\src\extended\proc\p18F2680.asm
               ADCON1bits   0x000fc1       data     extern C:\MCC18\src\extended\proc\p18F2680.asm
                   ADCON2   0x000fc0       data     extern C:\MCC18\src\extended\proc\p18F2680.asm
               ADCON2bits   0x000fc0       data     extern C:\MCC18\src\extended\proc\p18F2680.asm
                    ADRES   0x000fc3       data     extern C:\MCC18\src\extended\proc\p18F2680.asm
                   ADRESH   0x000fc4       data     extern C:\MCC18\src\extended\proc\p18F2680.asm
                   ADRESL   0x000fc3       data     extern C:\MCC18\src\extended\proc\p18F2680.asm
                    B0CON   0x000e20       data     extern C:\MCC18\src\extended\proc\p18F2680.asm
                B0CONbits   0x000e20       data     extern C:\MCC18\src\extended\proc\p18F2680.asm
                     B0D0   0x000e26       data     extern C:\MCC18\src\extended\proc\p18F2680.asm
                 B0D0bits   0x000e26       data     extern C:\MCC18\src\extended\proc\p18F2680.asm
                     B0D1   0x000e27       data     extern C:\MCC18\src\extended\proc\p18F2680.asm
                 B0D1bits   0x000e27       data     extern C:\MCC18\src\extended\proc\p18F2680.asm
                     B0D2   0x000e28       data     extern C:\MCC18\src\extended\proc\p18F2680.asm
                 B0D2bits   0x000e28       data     extern C:\MCC18\src\extended\proc\p18F2680.asm
                     B0D3   0x000e29       data     extern C:\MCC18\src\extended\proc\p18F2680.asm
                 B0D3bits   0x000e29       data     extern C:\MCC18\src\extended\proc\p18F2680.asm
                     B0D4   0x000e2a       data     extern C:\MCC18\src\extended\proc\p18F2680.asm
                 B0D4bits   0x000e2a       data     extern C:\MCC18\src\extended\proc\p18F2680.asm
                     B0D5   0x000e2b       data     extern C:\MCC18\src\extended\proc\p18F2680.asm
                 B0D5bits   0x000e2b       data     extern C:\MCC18\src\extended\proc\p18F2680.asm
                     B0D6   0x000e2c       data     extern C:\MCC18\src\extended\proc\p18F2680.asm
                 B0D6bits   0x000e2c       data     extern C:\MCC18\src\extended\proc\p18F2680.asm
                     B0D7   0x000e2d       data     extern C:\MCC18\src\extended\proc\p18F2680.asm
                 B0D7bits   0x000e2d       data     extern C:\MCC18\src\extended\proc\p18F2680.asm
                    B0DLC   0x000e25       data     extern C:\MCC18\src\extended\proc\p18F2680.asm
                B0DLCbits   0x000e25       data     extern C:\MCC18\src\extended\proc\p18F2680.asm
                   B0EIDH   0x000e23       data     extern C:\MCC18\src\extended\proc\p18F2680.asm
               B0EIDHbits   0x000e23       data     extern C:\MCC18\src\extended\proc\p18F2680.asm
                   B0EIDL   0x000e24       data     extern C:\MCC18\src\extended\proc\p18F2680.asm
               B0EIDLbits   0x000e24       data     extern C:\MCC18\src\extended\proc\p18F2680.asm
                   B0SIDH   0x000e21       data     extern C:\MCC18\src\extended\proc\p18F2680.asm
               B0SIDHbits   0x000e21       data     extern C:\MCC18\src\extended\proc\p18F2680.asm
                   B0SIDL   0x000e22       data     extern C:\MCC18\src\extended\proc\p18F2680.asm
               B0SIDLbits   0x000e22       data     extern C:\MCC18\src\extended\proc\p18F2680.asm
                    B1CON   0x000e30       data     extern C:\MCC18\src\extended\proc\p18F2680.asm
                B1CONbits   0x000e30       data     extern C:\MCC18\src\extended\proc\p18F2680.asm
                     B1D0   0x000e36       data     extern C:\MCC18\src\extended\proc\p18F2680.asm
                 B1D0bits   0x000e36       data     extern C:\MCC18\src\extended\proc\p18F2680.asm
                     B1D1   0x000e37       data     extern C:\MCC18\src\extended\proc\p18F2680.asm
                 B1D1bits   0x000e37       data     extern C:\MCC18\src\extended\proc\p18F2680.asm
                     B1D2   0x000e38       data     extern C:\MCC18\src\extended\proc\p18F2680.asm
                 B1D2bits   0x000e38       data     extern C:\MCC18\src\extended\proc\p18F2680.asm
                     B1D3   0x000e39       data     extern C:\MCC18\src\extended\proc\p18F2680.asm
                 B1D3bits   0x000e39       data     extern C:\MCC18\src\extended\proc\p18F2680.asm
                     B1D4   0x000e3a       data     extern C:\MCC18\src\extended\proc\p18F2680.asm
                 B1D4bits   0x000e3a       data     extern C:\MCC18\src\extended\proc\p18F2680.asm
                     B1D5   0x000e3b       data     extern C:\MCC18\src\extended\proc\p18F2680.asm
                 B1D5bits   0x000e3b       data     extern C:\MCC18\src\extended\proc\p18F2680.asm
                     B1D6   0x000e3c       data     extern C:\MCC18\src\extended\proc\p18F2680.asm
                 B1D6bits   0x000e3c       data     extern C:\MCC18\src\extended\proc\p18F2680.asm
                     B1D7   0x000e3d       data     extern C:\MCC18\src\extended\proc\p18F2680.asm
                 B1D7bits   0x000e3d       data     extern C:\MCC18\src\extended\proc\p18F2680.asm
                    B1DLC   0x000e35       data     extern C:\MCC18\src\extended\proc\p18F2680.asm
                B1DLCbits   0x000e35       data     extern C:\MCC18\src\extended\proc\p18F2680.asm
                   B1EIDH   0x000e33       data     extern C:\MCC18\src\extended\proc\p18F2680.asm
               B1EIDHbits   0x000e33       data     extern C:\MCC18\src\extended\proc\p18F2680.asm
                   B1EIDL   0x000e34       data     extern C:\MCC18\src\extended\proc\p18F2680.asm
               B1EIDLbits   0x000e34       data     extern C:\MCC18\src\extended\proc\p18F2680.asm
                   B1SIDH   0x000e31       data     extern C:\MCC18\src\extended\proc\p18F2680.asm
               B1SIDHbits   0x000e31       data     extern C:\MCC18\src\extended\proc\p18F2680.asm
                   B1SIDL   0x000e32       data     extern C:\MCC18\src\extended\proc\p18F2680.asm
               B1SIDLbits   0x000e32       data     extern C:\MCC18\src\extended\proc\p18F2680.asm
                    B2CON   0x000e40       data     extern C:\MCC18\src\extended\proc\p18F2680.asm
                B2CONbits   0x000e40       data     extern C:\MCC18\src\extended\proc\p18F2680.asm
                     B2D0   0x000e46       data     extern C:\MCC18\src\extended\proc\p18F2680.asm
                 B2D0bits   0x000e46       data     extern C:\MCC18\src\extended\proc\p18F2680.asm
                     B2D1   0x000e47       data     extern C:\MCC18\src\extended\proc\p18F2680.asm
                 B2D1bits   0x000e47       data     extern C:\MCC18\src\extended\proc\p18F2680.asm
                     B2D2   0x000e48       data     extern C:\MCC18\src\extended\proc\p18F2680.asm
                 B2D2bits   0x000e48       data     extern C:\MCC18\src\extended\proc\p18F2680.asm
                     B2D3   0x000e49       data     extern C:\MCC18\src\extended\proc\p18F2680.asm
                 B2D3bits   0x000e49       data     extern C:\MCC18\src\extended\proc\p18F2680.asm
                     B2D4   0x000e4a       data     extern C:\MCC18\src\extended\proc\p18F2680.asm
                 B2D4bits   0x000e4a       data     extern C:\MCC18\src\extended\proc\p18F2680.asm
                     B2D5   0x000e4b       data     extern C:\MCC18\src\extended\proc\p18F2680.asm
                 B2D5bits   0x000e4b       data     extern C:\MCC18\src\extended\proc\p18F2680.asm
                     B2D6   0x000e4c       data     extern C:\MCC18\src\extended\proc\p18F2680.asm
                 B2D6bits   0x000e4c       data     extern C:\MCC18\src\extended\proc\p18F2680.asm
                     B2D7   0x000e4d       data     extern C:\MCC18\src\extended\proc\p18F2680.asm
                 B2D7bits   0x000e4d       data     extern C:\MCC18\src\extended\proc\p18F2680.asm
                    B2DLC   0x000e45       data     extern C:\MCC18\src\extended\proc\p18F2680.asm
                B2DLCbits   0x000e45       data     extern C:\MCC18\src\extended\proc\p18F2680.asm
                   B2EIDH   0x000e43       data     extern C:\MCC18\src\extended\proc\p18F2680.asm
               B2EIDHbits   0x000e43       data     extern C:\MCC18\src\extended\proc\p18F2680.asm
                   B2EIDL   0x000e44       data     extern C:\MCC18\src\extended\proc\p18F2680.asm
               B2EIDLbits   0x000e44       data     extern C:\MCC18\src\extended\proc\p18F2680.asm
                   B2SIDH   0x000e41       data     extern C:\MCC18\src\extended\proc\p18F2680.asm
               B2SIDHbits   0x000e41       data     extern C:\MCC18\src\extended\proc\p18F2680.asm
                   B2SIDL   0x000e42       data     extern C:\MCC18\src\extended\proc\p18F2680.asm
               B2SIDLbits   0x000e42       data     extern C:\MCC18\src\extended\proc\p18F2680.asm
                    B3CON   0x000e50       data     extern C:\MCC18\src\extended\proc\p18F2680.asm
                B3CONbits   0x000e50       data     extern C:\MCC18\src\extended\proc\p18F2680.asm
                     B3D0   0x000e56       data     extern C:\MCC18\src\extended\proc\p18F2680.asm
                 B3D0bits   0x000e56       data     extern C:\MCC18\src\extended\proc\p18F2680.asm
                     B3D1   0x000e57       data     extern C:\MCC18\src\extended\proc\p18F2680.asm
                 B3D1bits   0x000e57       data     extern C:\MCC18\src\extended\proc\p18F2680.asm
                     B3D2   0x000e58       data     extern C:\MCC18\src\extended\proc\p18F2680.asm
                 B3D2bits   0x000e58       data     extern C:\MCC18\src\extended\proc\p18F2680.asm
                     B3D3   0x000e59       data     extern C:\MCC18\src\extended\proc\p18F2680.asm
                 B3D3bits   0x000e59       data     extern C:\MCC18\src\extended\proc\p18F2680.asm
                     B3D4   0x000e5a       data     extern C:\MCC18\src\extended\proc\p18F2680.asm
                 B3D4bits   0x000e5a       data     extern C:\MCC18\src\extended\proc\p18F2680.asm
                     B3D5   0x000e5b       data     extern C:\MCC18\src\extended\proc\p18F2680.asm
                 B3D5bits   0x000e5b       data     extern C:\MCC18\src\extended\proc\p18F2680.asm
                     B3D6   0x000e5c       data     extern C:\MCC18\src\extended\proc\p18F2680.asm
                 B3D6bits   0x000e5c       data     extern C:\MCC18\src\extended\proc\p18F2680.asm
                     B3D7   0x000e5d       data     extern C:\MCC18\src\extended\proc\p18F2680.asm
                 B3D7bits   0x000e5d       data     extern C:\MCC18\src\extended\proc\p18F2680.asm
                    B3DLC   0x000e55       data     extern C:\MCC18\src\extended\proc\p18F2680.asm
                B3DLCbits   0x000e55       data     extern C:\MCC18\src\extended\proc\p18F2680.asm
                   B3EIDH   0x000e53       data     extern C:\MCC18\src\extended\proc\p18F2680.asm
               B3EIDHbits   0x000e53       data     extern C:\MCC18\src\extended\proc\p18F2680.asm
                   B3EIDL   0x000e54       data     extern C:\MCC18\src\extended\proc\p18F2680.asm
               B3EIDLbits   0x000e54       data     extern C:\MCC18\src\extended\proc\p18F2680.asm
                   B3SIDH   0x000e51       data     extern C:\MCC18\src\extended\proc\p18F2680.asm
               B3SIDHbits   0x000e51       data     extern C:\MCC18\src\extended\proc\p18F2680.asm
                   B3SIDL   0x000e52       data     extern C:\MCC18\src\extended\proc\p18F2680.asm
               B3SIDLbits   0x000e52       data     extern C:\MCC18\src\extended\proc\p18F2680.asm
                    B4CON   0x000e60       data     extern C:\MCC18\src\extended\proc\p18F2680.asm
                B4CONbits   0x000e60       data     extern C:\MCC18\src\extended\proc\p18F2680.asm
                     B4D0   0x000e66       data     extern C:\MCC18\src\extended\proc\p18F2680.asm
                 B4D0bits   0x000e66       data     extern C:\MCC18\src\extended\proc\p18F2680.asm
                     B4D1   0x000e67       data     extern C:\MCC18\src\extended\proc\p18F2680.asm
                 B4D1bits   0x000e67       data     extern C:\MCC18\src\extended\proc\p18F2680.asm
                     B4D2   0x000e68       data     extern C:\MCC18\src\extended\proc\p18F2680.asm
                 B4D2bits   0x000e68       data     extern C:\MCC18\src\extended\proc\p18F2680.asm
                     B4D3   0x000e69       data     extern C:\MCC18\src\extended\proc\p18F2680.asm
                 B4D3bits   0x000e69       data     extern C:\MCC18\src\extended\proc\p18F2680.asm
                     B4D4   0x000e6a       data     extern C:\MCC18\src\extended\proc\p18F2680.asm
                 B4D4bits   0x000e6a       data     extern C:\MCC18\src\extended\proc\p18F2680.asm
                     B4D5   0x000e6b       data     extern C:\MCC18\src\extended\proc\p18F2680.asm
                 B4D5bits   0x000e6b       data     extern C:\MCC18\src\extended\proc\p18F2680.asm
                     B4D6   0x000e6c       data     extern C:\MCC18\src\extended\proc\p18F2680.asm
                 B4D6bits   0x000e6c       data     extern C:\MCC18\src\extended\proc\p18F2680.asm
                     B4D7   0x000e6d       data     extern C:\MCC18\src\extended\proc\p18F2680.asm
                 B4D7bits   0x000e6d       data     extern C:\MCC18\src\extended\proc\p18F2680.asm
                    B4DLC   0x000e65       data     extern C:\MCC18\src\extended\proc\p18F2680.asm
                B4DLCbits   0x000e65       data     extern C:\MCC18\src\extended\proc\p18F2680.asm
                   B4EIDH   0x000e63       data     extern C:\MCC18\src\extended\proc\p18F2680.asm
               B4EIDHbits   0x000e63       data     extern C:\MCC18\src\extended\proc\p18F2680.asm
                   B4EIDL   0x000e64       data     extern C:\MCC18\src\extended\proc\p18F2680.asm
               B4EIDLbits   0x000e64       data     extern C:\MCC18\src\extended\proc\p18F2680.asm
                   B4SIDH   0x000e61       data     extern C:\MCC18\src\extended\proc\p18F2680.asm
               B4SIDHbits   0x000e61       data     extern C:\MCC18\src\extended\proc\p18F2680.asm
                   B4SIDL   0x000e62       data     extern C:\MCC18\src\extended\proc\p18F2680.asm
               B4SIDLbits   0x000e62       data     extern C:\MCC18\src\extended\proc\p18F2680.asm
                    B5CON   0x000e70       data     extern C:\MCC18\src\extended\proc\p18F2680.asm
                B5CONbits   0x000e70       data     extern C:\MCC18\src\extended\proc\p18F2680.asm
                     B5D0   0x000e76       data     extern C:\MCC18\src\extended\proc\p18F2680.asm
                 B5D0bits   0x000e76       data     extern C:\MCC18\src\extended\proc\p18F2680.asm
                     B5D1   0x000e77       data     extern C:\MCC18\src\extended\proc\p18F2680.asm
                 B5D1bits   0x000e77       data     extern C:\MCC18\src\extended\proc\p18F2680.asm
                     B5D2   0x000e78       data     extern C:\MCC18\src\extended\proc\p18F2680.asm
                 B5D2bits   0x000e78       data     extern C:\MCC18\src\extended\proc\p18F2680.asm
                     B5D3   0x000e79       data     extern C:\MCC18\src\extended\proc\p18F2680.asm
                 B5D3bits   0x000e79       data     extern C:\MCC18\src\extended\proc\p18F2680.asm
                     B5D4   0x000e7a       data     extern C:\MCC18\src\extended\proc\p18F2680.asm
                 B5D4bits   0x000e7a       data     extern C:\MCC18\src\extended\proc\p18F2680.asm
                     B5D5   0x000e7b       data     extern C:\MCC18\src\extended\proc\p18F2680.asm
                 B5D5bits   0x000e7b       data     extern C:\MCC18\src\extended\proc\p18F2680.asm
                     B5D6   0x000e7c       data     extern C:\MCC18\src\extended\proc\p18F2680.asm
                 B5D6bits   0x000e7c       data     extern C:\MCC18\src\extended\proc\p18F2680.asm
                     B5D7   0x000e7d       data     extern C:\MCC18\src\extended\proc\p18F2680.asm
                 B5D7bits   0x000e7d       data     extern C:\MCC18\src\extended\proc\p18F2680.asm
                    B5DLC   0x000e75       data     extern C:\MCC18\src\extended\proc\p18F2680.asm
                B5DLCbits   0x000e75       data     extern C:\MCC18\src\extended\proc\p18F2680.asm
                   B5EIDH   0x000e73       data     extern C:\MCC18\src\extended\proc\p18F2680.asm
               B5EIDHbits   0x000e73       data     extern C:\MCC18\src\extended\proc\p18F2680.asm
                   B5EIDL   0x000e74       data     extern C:\MCC18\src\extended\proc\p18F2680.asm
               B5EIDLbits   0x000e74       data     extern C:\MCC18\src\extended\proc\p18F2680.asm
                   B5SIDH   0x000e71       data     extern C:\MCC18\src\extended\proc\p18F2680.asm
               B5SIDHbits   0x000e71       data     extern C:\MCC18\src\extended\proc\p18F2680.asm
                   B5SIDL   0x000e72       data     extern C:\MCC18\src\extended\proc\p18F2680.asm
               B5SIDLbits   0x000e72       data     extern C:\MCC18\src\extended\proc\p18F2680.asm
                  BAUDCON   0x000fb8       data     extern C:\MCC18\src\extended\proc\p18F2680.asm
              BAUDCONbits   0x000fb8       data     extern C:\MCC18\src\extended\proc\p18F2680.asm
                     BIE0   0x000dfa       data     extern C:\MCC18\src\extended\proc\p18F2680.asm
                 BIE0bits   0x000dfa       data     extern C:\MCC18\src\extended\proc\p18F2680.asm
                  BRGCON1   0x000f70       data     extern C:\MCC18\src\extended\proc\p18F2680.asm
              BRGCON1bits   0x000f70       data     extern C:\MCC18\src\extended\proc\p18F2680.asm
                  BRGCON2   0x000f71       data     extern C:\MCC18\src\extended\proc\p18F2680.asm
              BRGCON2bits   0x000f71       data     extern C:\MCC18\src\extended\proc\p18F2680.asm
                  BRGCON3   0x000f72       data     extern C:\MCC18\src\extended\proc\p18F2680.asm
              BRGCON3bits   0x000f72       data     extern C:\MCC18\src\extended\proc\p18F2680.asm
                    BSEL0   0x000df8       data     extern C:\MCC18\src\extended\proc\p18F2680.asm
                BSEL0bits   0x000df8       data     extern C:\MCC18\src\extended\proc\p18F2680.asm
                      BSR   0x000fe0       data     extern C:\MCC18\src\extended\proc\p18F2680.asm
                   CANCON   0x000f6f       data     extern C:\MCC18\src\extended\proc\p18F2680.asm
               CANCON_RO0   0x000f5f       data     extern C:\MCC18\src\extended\proc\p18F2680.asm
           CANCON_RO0bits   0x000f5f       data     extern C:\MCC18\src\extended\proc\p18F2680.asm
               CANCON_RO1   0x000f4f       data     extern C:\MCC18\src\extended\proc\p18F2680.asm
           CANCON_RO1bits   0x000f4f       data     extern C:\MCC18\src\extended\proc\p18F2680.asm
               CANCON_RO2   0x000f3f       data     extern C:\MCC18\src\extended\proc\p18F2680.asm
           CANCON_RO2bits   0x000f3f       data     extern C:\MCC18\src\extended\proc\p18F2680.asm
               CANCON_RO3   0x000f2f       data     extern C:\MCC18\src\extended\proc\p18F2680.asm
           CANCON_RO3bits   0x000f2f       data     extern C:\MCC18\src\extended\proc\p18F2680.asm
               CANCON_RO4   0x000e7f       data     extern C:\MCC18\src\extended\proc\p18F2680.asm
           CANCON_RO4bits   0x000e7f       data     extern C:\MCC18\src\extended\proc\p18F2680.asm
               CANCON_RO5   0x000e6f       data     extern C:\MCC18\src\extended\proc\p18F2680.asm
           CANCON_RO5bits   0x000e6f       data     extern C:\MCC18\src\extended\proc\p18F2680.asm
               CANCON_RO6   0x000e5f       data     extern C:\MCC18\src\extended\proc\p18F2680.asm
           CANCON_RO6bits   0x000e5f       data     extern C:\MCC18\src\extended\proc\p18F2680.asm
               CANCON_RO7   0x000e4f       data     extern C:\MCC18\src\extended\proc\p18F2680.asm
           CANCON_RO7bits   0x000e4f       data     extern C:\MCC18\src\extended\proc\p18F2680.asm
               CANCON_RO8   0x000e3f       data     extern C:\MCC18\src\extended\proc\p18F2680.asm
           CANCON_RO8bits   0x000e3f       data     extern C:\MCC18\src\extended\proc\p18F2680.asm
               CANCON_RO9   0x000e2f       data     extern C:\MCC18\src\extended\proc\p18F2680.asm
           CANCON_RO9bits   0x000e2f       data     extern C:\MCC18\src\extended\proc\p18F2680.asm
               CANCONbits   0x000f6f       data     extern C:\MCC18\src\extended\proc\p18F2680.asm
                  CANSTAT   0x000f6e       data     extern C:\MCC18\src\extended\proc\p18F2680.asm
              CANSTAT_RO0   0x000f5e       data     extern C:\MCC18\src\extended\proc\p18F2680.asm
          CANSTAT_RO0bits   0x000f5e       data     extern C:\MCC18\src\extended\proc\p18F2680.asm
              CANSTAT_RO1   0x000f4e       data     extern C:\MCC18\src\extended\proc\p18F2680.asm
          CANSTAT_RO1bits   0x000f4e       data     extern C:\MCC18\src\extended\proc\p18F2680.asm
              CANSTAT_RO2   0x000f3e       data     extern C:\MCC18\src\extended\proc\p18F2680.asm
          CANSTAT_RO2bits   0x000f3e       data     extern C:\MCC18\src\extended\proc\p18F2680.asm
              CANSTAT_RO3   0x000f2e       data     extern C:\MCC18\src\extended\proc\p18F2680.asm
          CANSTAT_RO3bits   0x000f2e       data     extern C:\MCC18\src\extended\proc\p18F2680.asm
              CANSTAT_RO4   0x000e7e       data     extern C:\MCC18\src\extended\proc\p18F2680.asm
          CANSTAT_RO4bits   0x000e7e       data     extern C:\MCC18\src\extended\proc\p18F2680.asm
              CANSTAT_RO5   0x000e6e       data     extern C:\MCC18\src\extended\proc\p18F2680.asm
          CANSTAT_RO5bits   0x000e6e       data     extern C:\MCC18\src\extended\proc\p18F2680.asm
              CANSTAT_RO6   0x000e5e       data     extern C:\MCC18\src\extended\proc\p18F2680.asm
          CANSTAT_RO6bits   0x000e5e       data     extern C:\MCC18\src\extended\proc\p18F2680.asm
              CANSTAT_RO7   0x000e4e       data     extern C:\MCC18\src\extended\proc\p18F2680.asm
          CANSTAT_RO7bits   0x000e4e       data     extern C:\MCC18\src\extended\proc\p18F2680.asm
              CANSTAT_RO8   0x000e3e       data     extern C:\MCC18\src\extended\proc\p18F2680.asm
          CANSTAT_RO8bits   0x000e3e       data     extern C:\MCC18\src\extended\proc\p18F2680.asm
              CANSTAT_RO9   0x000e2e       data     extern C:\MCC18\src\extended\proc\p18F2680.asm
          CANSTAT_RO9bits   0x000e2e       data     extern C:\MCC18\src\extended\proc\p18F2680.asm
              CANSTATbits   0x000f6e       data     extern C:\MCC18\src\extended\proc\p18F2680.asm
                  CCP1CON   0x000fbd       data     extern C:\MCC18\src\extended\proc\p18F2680.asm
              CCP1CONbits   0x000fbd       data     extern C:\MCC18\src\extended\proc\p18F2680.asm
                    CCPR1   0x000fbe       data     extern C:\MCC18\src\extended\proc\p18F2680.asm
                   CCPR1H   0x000fbf       data     extern C:\MCC18\src\extended\proc\p18F2680.asm
                   CCPR1L   0x000fbe       data     extern C:\MCC18\src\extended\proc\p18F2680.asm
                   CIOCON   0x000f73       data     extern C:\MCC18\src\extended\proc\p18F2680.asm
               CIOCONbits   0x000f73       data     extern C:\MCC18\src\extended\proc\p18F2680.asm
                  COMSTAT   0x000f74       data     extern C:\MCC18\src\extended\proc\p18F2680.asm
              COMSTATbits   0x000f74       data     extern C:\MCC18\src\extended\proc\p18F2680.asm
                     DDRA   0x000f92       data     extern C:\MCC18\src\extended\proc\p18F2680.asm
                 DDRAbits   0x000f92       data     extern C:\MCC18\src\extended\proc\p18F2680.asm
                     DDRB   0x000f93       data     extern C:\MCC18\src\extended\proc\p18F2680.asm
                 DDRBbits   0x000f93       data     extern C:\MCC18\src\extended\proc\p18F2680.asm
                     DDRC   0x000f94       data     extern C:\MCC18\src\extended\proc\p18F2680.asm
                 DDRCbits   0x000f94       data     extern C:\MCC18\src\extended\proc\p18F2680.asm
            DelayCounter1   0x0000fb       data     extern C:\MCC18\src\extended\delays\delayd1.asm
            DelayCounter2   0x0000fa       data     extern C:\MCC18\src\extended\delays\delayd2.asm
                  ECANCON   0x000f77       data     extern C:\MCC18\src\extended\proc\p18F2680.asm
              ECANCONbits   0x000f77       data     extern C:\MCC18\src\extended\proc\p18F2680.asm
                    EEADR   0x000fa9       data     extern C:\MCC18\src\extended\proc\p18F2680.asm
                   EEADRH   0x000faa       data     extern C:\MCC18\src\extended\proc\p18F2680.asm
                   EECON1   0x000fa6       data     extern C:\MCC18\src\extended\proc\p18F2680.asm
               EECON1bits   0x000fa6       data     extern C:\MCC18\src\extended\proc\p18F2680.asm
                   EECON2   0x000fa7       data     extern C:\MCC18\src\extended\proc\p18F2680.asm
                   EEDATA   0x000fa8       data     extern C:\MCC18\src\extended\proc\p18F2680.asm
                     FSR0   0x000fe9       data     extern C:\MCC18\src\extended\proc\p18F2680.asm
                    FSR0H   0x000fea       data     extern C:\MCC18\src\extended\proc\p18F2680.asm
                    FSR0L   0x000fe9       data     extern C:\MCC18\src\extended\proc\p18F2680.asm
                     FSR1   0x000fe1       data     extern C:\MCC18\src\extended\proc\p18F2680.asm
                    FSR1H   0x000fe2       data     extern C:\MCC18\src\extended\proc\p18F2680.asm
                    FSR1L   0x000fe1       data     extern C:\MCC18\src\extended\proc\p18F2680.asm
                     FSR2   0x000fd9       data     extern C:\MCC18\src\extended\proc\p18F2680.asm
                    FSR2H   0x000fda       data     extern C:\MCC18\src\extended\proc\p18F2680.asm
                    FSR2L   0x000fd9       data     extern C:\MCC18\src\extended\proc\p18F2680.asm
          FromMainHigh_MQ   0x00004b       data     static C:\Users\Ty\Documents\S1\embedded\embeddedgroup5\insteonpic\messages.c
           FromMainLow_MQ   0x000095       data     static C:\Users\Ty\Documents\S1\embedded\embeddedgroup5\insteonpic\messages.c
                  HLVDCON   0x000fd2       data     extern C:\MCC18\src\extended\proc\p18F2680.asm
              HLVDCONbits   0x000fd2       data     extern C:\MCC18\src\extended\proc\p18F2680.asm
                    INDF0   0x000fef       data     extern C:\MCC18\src\extended\proc\p18F2680.asm
                    INDF1   0x000fe7       data     extern C:\MCC18\src\extended\proc\p18F2680.asm
                    INDF2   0x000fdf       data     extern C:\MCC18\src\extended\proc\p18F2680.asm
                   INTCON   0x000ff2       data     extern C:\MCC18\src\extended\proc\p18F2680.asm
                  INTCON2   0x000ff1       data     extern C:\MCC18\src\extended\proc\p18F2680.asm
              INTCON2bits   0x000ff1       data     extern C:\MCC18\src\extended\proc\p18F2680.asm
                  INTCON3   0x000ff0       data     extern C:\MCC18\src\extended\proc\p18F2680.asm
              INTCON3bits   0x000ff0       data     extern C:\MCC18\src\extended\proc\p18F2680.asm
               INTCONbits   0x000ff2       data     extern C:\MCC18\src\extended\proc\p18F2680.asm
                     IPR1   0x000f9f       data     extern C:\MCC18\src\extended\proc\p18F2680.asm
                 IPR1bits   0x000f9f       data     extern C:\MCC18\src\extended\proc\p18F2680.asm
                     IPR2   0x000fa2       data     extern C:\MCC18\src\extended\proc\p18F2680.asm
                 IPR2bits   0x000fa2       data     extern C:\MCC18\src\extended\proc\p18F2680.asm
                     IPR3   0x000fa5       data     extern C:\MCC18\src\extended\proc\p18F2680.asm
                 IPR3bits   0x000fa5       data     extern C:\MCC18\src\extended\proc\p18F2680.asm
                     LATA   0x000f89       data     extern C:\MCC18\src\extended\proc\p18F2680.asm
                 LATAbits   0x000f89       data     extern C:\MCC18\src\extended\proc\p18F2680.asm
                     LATB   0x000f8a       data     extern C:\MCC18\src\extended\proc\p18F2680.asm
                 LATBbits   0x000f8a       data     extern C:\MCC18\src\extended\proc\p18F2680.asm
                     LATC   0x000f8b       data     extern C:\MCC18\src\extended\proc\p18F2680.asm
                 LATCbits   0x000f8b       data     extern C:\MCC18\src\extended\proc\p18F2680.asm
                   LVDCON   0x000fd2       data     extern C:\MCC18\src\extended\proc\p18F2680.asm
               LVDCONbits   0x000fd2       data     extern C:\MCC18\src\extended\proc\p18F2680.asm
 MQ_Main_Willing_to_block   0x00004a       data     static C:\Users\Ty\Documents\S1\embedded\embeddedgroup5\insteonpic\messages.c
                    MSEL0   0x000df0       data     extern C:\MCC18\src\extended\proc\p18F2680.asm
                MSEL0bits   0x000df0       data     extern C:\MCC18\src\extended\proc\p18F2680.asm
                    MSEL1   0x000df1       data     extern C:\MCC18\src\extended\proc\p18F2680.asm
                MSEL1bits   0x000df1       data     extern C:\MCC18\src\extended\proc\p18F2680.asm
                    MSEL2   0x000df2       data     extern C:\MCC18\src\extended\proc\p18F2680.asm
                MSEL2bits   0x000df2       data     extern C:\MCC18\src\extended\proc\p18F2680.asm
                    MSEL3   0x000df3       data     extern C:\MCC18\src\extended\proc\p18F2680.asm
                MSEL3bits   0x000df3       data     extern C:\MCC18\src\extended\proc\p18F2680.asm
                   OSCCON   0x000fd3       data     extern C:\MCC18\src\extended\proc\p18F2680.asm
               OSCCONbits   0x000fd3       data     extern C:\MCC18\src\extended\proc\p18F2680.asm
                  OSCTUNE   0x000f9b       data     extern C:\MCC18\src\extended\proc\p18F2680.asm
              OSCTUNEbits   0x000f9b       data     extern C:\MCC18\src\extended\proc\p18F2680.asm
                       PC   0x000ff9       data     extern C:\MCC18\src\extended\proc\p18F2680.asm
                      PCL   0x000ff9       data     extern C:\MCC18\src\extended\proc\p18F2680.asm
                   PCLATH   0x000ffa       data     extern C:\MCC18\src\extended\proc\p18F2680.asm
                   PCLATU   0x000ffb       data     extern C:\MCC18\src\extended\proc\p18F2680.asm
                     PIE1   0x000f9d       data     extern C:\MCC18\src\extended\proc\p18F2680.asm
                 PIE1bits   0x000f9d       data     extern C:\MCC18\src\extended\proc\p18F2680.asm
                     PIE2   0x000fa0       data     extern C:\MCC18\src\extended\proc\p18F2680.asm
                 PIE2bits   0x000fa0       data     extern C:\MCC18\src\extended\proc\p18F2680.asm
                     PIE3   0x000fa3       data     extern C:\MCC18\src\extended\proc\p18F2680.asm
                 PIE3bits   0x000fa3       data     extern C:\MCC18\src\extended\proc\p18F2680.asm
                     PIR1   0x000f9e       data     extern C:\MCC18\src\extended\proc\p18F2680.asm
                 PIR1bits   0x000f9e       data     extern C:\MCC18\src\extended\proc\p18F2680.asm
                     PIR2   0x000fa1       data     extern C:\MCC18\src\extended\proc\p18F2680.asm
                 PIR2bits   0x000fa1       data     extern C:\MCC18\src\extended\proc\p18F2680.asm
                     PIR3   0x000fa4       data     extern C:\MCC18\src\extended\proc\p18F2680.asm
                 PIR3bits   0x000fa4       data     extern C:\MCC18\src\extended\proc\p18F2680.asm
                   PLUSW0   0x000feb       data     extern C:\MCC18\src\extended\proc\p18F2680.asm
                   PLUSW1   0x000fe3       data     extern C:\MCC18\src\extended\proc\p18F2680.asm
                   PLUSW2   0x000fdb       data     extern C:\MCC18\src\extended\proc\p18F2680.asm
                    PORTA   0x000f80       data     extern C:\MCC18\src\extended\proc\p18F2680.asm
                PORTAbits   0x000f80       data     extern C:\MCC18\src\extended\proc\p18F2680.asm
                    PORTB   0x000f81       data     extern C:\MCC18\src\extended\proc\p18F2680.asm
                PORTBbits   0x000f81       data     extern C:\MCC18\src\extended\proc\p18F2680.asm
                    PORTC   0x000f82       data     extern C:\MCC18\src\extended\proc\p18F2680.asm
                PORTCbits   0x000f82       data     extern C:\MCC18\src\extended\proc\p18F2680.asm
                    PORTE   0x000f84       data     extern C:\MCC18\src\extended\proc\p18F2680.asm
                PORTEbits   0x000f84       data     extern C:\MCC18\src\extended\proc\p18F2680.asm
                 POSTDEC0   0x000fed       data     extern C:\MCC18\src\extended\proc\p18F2680.asm
                 POSTDEC1   0x000fe5       data     extern C:\MCC18\src\extended\proc\p18F2680.asm
                 POSTDEC2   0x000fdd       data     extern C:\MCC18\src\extended\proc\p18F2680.asm
                 POSTINC0   0x000fee       data     extern C:\MCC18\src\extended\proc\p18F2680.asm
                 POSTINC1   0x000fe6       data     extern C:\MCC18\src\extended\proc\p18F2680.asm
                 POSTINC2   0x000fde       data     extern C:\MCC18\src\extended\proc\p18F2680.asm
                      PR2   0x000fcb       data     extern C:\MCC18\src\extended\proc\p18F2680.asm
                  PREINC0   0x000fec       data     extern C:\MCC18\src\extended\proc\p18F2680.asm
                  PREINC1   0x000fe4       data     extern C:\MCC18\src\extended\proc\p18F2680.asm
                  PREINC2   0x000fdc       data     extern C:\MCC18\src\extended\proc\p18F2680.asm
                     PROD   0x000ff3       data     extern C:\MCC18\src\extended\proc\p18F2680.asm
                    PRODH   0x000ff4       data     extern C:\MCC18\src\extended\proc\p18F2680.asm
                    PRODL   0x000ff3       data     extern C:\MCC18\src\extended\proc\p18F2680.asm
                     RCON   0x000fd0       data     extern C:\MCC18\src\extended\proc\p18F2680.asm
                 RCONbits   0x000fd0       data     extern C:\MCC18\src\extended\proc\p18F2680.asm
                    RCREG   0x000fae       data     extern C:\MCC18\src\extended\proc\p18F2680.asm
                    RCSTA   0x000fab       data     extern C:\MCC18\src\extended\proc\p18F2680.asm
                RCSTAbits   0x000fab       data     extern C:\MCC18\src\extended\proc\p18F2680.asm
                  RXB0CON   0x000f60       data     extern C:\MCC18\src\extended\proc\p18F2680.asm
              RXB0CONbits   0x000f60       data     extern C:\MCC18\src\extended\proc\p18F2680.asm
                   RXB0D0   0x000f66       data     extern C:\MCC18\src\extended\proc\p18F2680.asm
               RXB0D0bits   0x000f66       data     extern C:\MCC18\src\extended\proc\p18F2680.asm
                   RXB0D1   0x000f67       data     extern C:\MCC18\src\extended\proc\p18F2680.asm
               RXB0D1bits   0x000f67       data     extern C:\MCC18\src\extended\proc\p18F2680.asm
                   RXB0D2   0x000f68       data     extern C:\MCC18\src\extended\proc\p18F2680.asm
               RXB0D2bits   0x000f68       data     extern C:\MCC18\src\extended\proc\p18F2680.asm
                   RXB0D3   0x000f69       data     extern C:\MCC18\src\extended\proc\p18F2680.asm
               RXB0D3bits   0x000f69       data     extern C:\MCC18\src\extended\proc\p18F2680.asm
                   RXB0D4   0x000f6a       data     extern C:\MCC18\src\extended\proc\p18F2680.asm
               RXB0D4bits   0x000f6a       data     extern C:\MCC18\src\extended\proc\p18F2680.asm
                   RXB0D5   0x000f6b       data     extern C:\MCC18\src\extended\proc\p18F2680.asm
               RXB0D5bits   0x000f6b       data     extern C:\MCC18\src\extended\proc\p18F2680.asm
                   RXB0D6   0x000f6c       data     extern C:\MCC18\src\extended\proc\p18F2680.asm
               RXB0D6bits   0x000f6c       data     extern C:\MCC18\src\extended\proc\p18F2680.asm
                   RXB0D7   0x000f6d       data     extern C:\MCC18\src\extended\proc\p18F2680.asm
               RXB0D7bits   0x000f6d       data     extern C:\MCC18\src\extended\proc\p18F2680.asm
                  RXB0DLC   0x000f65       data     extern C:\MCC18\src\extended\proc\p18F2680.asm
              RXB0DLCbits   0x000f65       data     extern C:\MCC18\src\extended\proc\p18F2680.asm
                 RXB0EIDH   0x000f63       data     extern C:\MCC18\src\extended\proc\p18F2680.asm
             RXB0EIDHbits   0x000f63       data     extern C:\MCC18\src\extended\proc\p18F2680.asm
                 RXB0EIDL   0x000f64       data     extern C:\MCC18\src\extended\proc\p18F2680.asm
             RXB0EIDLbits   0x000f64       data     extern C:\MCC18\src\extended\proc\p18F2680.asm
                 RXB0SIDH   0x000f61       data     extern C:\MCC18\src\extended\proc\p18F2680.asm
             RXB0SIDHbits   0x000f61       data     extern C:\MCC18\src\extended\proc\p18F2680.asm
                 RXB0SIDL   0x000f62       data     extern C:\MCC18\src\extended\proc\p18F2680.asm
             RXB0SIDLbits   0x000f62       data     extern C:\MCC18\src\extended\proc\p18F2680.asm
                  RXB1CON   0x000f50       data     extern C:\MCC18\src\extended\proc\p18F2680.asm
              RXB1CONbits   0x000f50       data     extern C:\MCC18\src\extended\proc\p18F2680.asm
                   RXB1D0   0x000f56       data     extern C:\MCC18\src\extended\proc\p18F2680.asm
               RXB1D0bits   0x000f56       data     extern C:\MCC18\src\extended\proc\p18F2680.asm
                   RXB1D1   0x000f57       data     extern C:\MCC18\src\extended\proc\p18F2680.asm
               RXB1D1bits   0x000f57       data     extern C:\MCC18\src\extended\proc\p18F2680.asm
                   RXB1D2   0x000f58       data     extern C:\MCC18\src\extended\proc\p18F2680.asm
               RXB1D2bits   0x000f58       data     extern C:\MCC18\src\extended\proc\p18F2680.asm
                   RXB1D3   0x000f59       data     extern C:\MCC18\src\extended\proc\p18F2680.asm
               RXB1D3bits   0x000f59       data     extern C:\MCC18\src\extended\proc\p18F2680.asm
                   RXB1D4   0x000f5a       data     extern C:\MCC18\src\extended\proc\p18F2680.asm
               RXB1D4bits   0x000f5a       data     extern C:\MCC18\src\extended\proc\p18F2680.asm
                   RXB1D5   0x000f5b       data     extern C:\MCC18\src\extended\proc\p18F2680.asm
               RXB1D5bits   0x000f5b       data     extern C:\MCC18\src\extended\proc\p18F2680.asm
                   RXB1D6   0x000f5c       data     extern C:\MCC18\src\extended\proc\p18F2680.asm
               RXB1D6bits   0x000f5c       data     extern C:\MCC18\src\extended\proc\p18F2680.asm
                   RXB1D7   0x000f5d       data     extern C:\MCC18\src\extended\proc\p18F2680.asm
               RXB1D7bits   0x000f5d       data     extern C:\MCC18\src\extended\proc\p18F2680.asm
                  RXB1DLC   0x000f55       data     extern C:\MCC18\src\extended\proc\p18F2680.asm
              RXB1DLCbits   0x000f55       data     extern C:\MCC18\src\extended\proc\p18F2680.asm
                 RXB1EIDH   0x000f53       data     extern C:\MCC18\src\extended\proc\p18F2680.asm
             RXB1EIDHbits   0x000f53       data     extern C:\MCC18\src\extended\proc\p18F2680.asm
                 RXB1EIDL   0x000f54       data     extern C:\MCC18\src\extended\proc\p18F2680.asm
             RXB1EIDLbits   0x000f54       data     extern C:\MCC18\src\extended\proc\p18F2680.asm
                 RXB1SIDH   0x000f51       data     extern C:\MCC18\src\extended\proc\p18F2680.asm
             RXB1SIDHbits   0x000f51       data     extern C:\MCC18\src\extended\proc\p18F2680.asm
                 RXB1SIDL   0x000f52       data     extern C:\MCC18\src\extended\proc\p18F2680.asm
             RXB1SIDLbits   0x000f52       data     extern C:\MCC18\src\extended\proc\p18F2680.asm
                 RXERRCNT   0x000f75       data     extern C:\MCC18\src\extended\proc\p18F2680.asm
             RXERRCNTbits   0x000f75       data     extern C:\MCC18\src\extended\proc\p18F2680.asm
                 RXF0EIDH   0x000f02       data     extern C:\MCC18\src\extended\proc\p18F2680.asm
             RXF0EIDHbits   0x000f02       data     extern C:\MCC18\src\extended\proc\p18F2680.asm
                 RXF0EIDL   0x000f03       data     extern C:\MCC18\src\extended\proc\p18F2680.asm
             RXF0EIDLbits   0x000f03       data     extern C:\MCC18\src\extended\proc\p18F2680.asm
                 RXF0SIDH   0x000f00       data     extern C:\MCC18\src\extended\proc\p18F2680.asm
             RXF0SIDHbits   0x000f00       data     extern C:\MCC18\src\extended\proc\p18F2680.asm
                 RXF0SIDL   0x000f01       data     extern C:\MCC18\src\extended\proc\p18F2680.asm
             RXF0SIDLbits   0x000f01       data     extern C:\MCC18\src\extended\proc\p18F2680.asm
                RXF10EIDH   0x000d76       data     extern C:\MCC18\src\extended\proc\p18F2680.asm
            RXF10EIDHbits   0x000d76       data     extern C:\MCC18\src\extended\proc\p18F2680.asm
                RXF10EIDL   0x000d77       data     extern C:\MCC18\src\extended\proc\p18F2680.asm
            RXF10EIDLbits   0x000d77       data     extern C:\MCC18\src\extended\proc\p18F2680.asm
                RXF10SIDH   0x000d74       data     extern C:\MCC18\src\extended\proc\p18F2680.asm
            RXF10SIDHbits   0x000d74       data     extern C:\MCC18\src\extended\proc\p18F2680.asm
                RXF10SIDL   0x000d75       data     extern C:\MCC18\src\extended\proc\p18F2680.asm
            RXF10SIDLbits   0x000d75       data     extern C:\MCC18\src\extended\proc\p18F2680.asm
                RXF11EIDH   0x000d7a       data     extern C:\MCC18\src\extended\proc\p18F2680.asm
            RXF11EIDHbits   0x000d7a       data     extern C:\MCC18\src\extended\proc\p18F2680.asm
                RXF11EIDL   0x000d7b       data     extern C:\MCC18\src\extended\proc\p18F2680.asm
            RXF11EIDLbits   0x000d7b       data     extern C:\MCC18\src\extended\proc\p18F2680.asm
                RXF11SIDH   0x000d78       data     extern C:\MCC18\src\extended\proc\p18F2680.asm
            RXF11SIDHbits   0x000d78       data     extern C:\MCC18\src\extended\proc\p18F2680.asm
                RXF11SIDL   0x000d79       data     extern C:\MCC18\src\extended\proc\p18F2680.asm
            RXF11SIDLbits   0x000d79       data     extern C:\MCC18\src\extended\proc\p18F2680.asm
                RXF12EIDH   0x000d82       data     extern C:\MCC18\src\extended\proc\p18F2680.asm
            RXF12EIDHbits   0x000d82       data     extern C:\MCC18\src\extended\proc\p18F2680.asm
                RXF12EIDL   0x000d83       data     extern C:\MCC18\src\extended\proc\p18F2680.asm
            RXF12EIDLbits   0x000d83       data     extern C:\MCC18\src\extended\proc\p18F2680.asm
                RXF12SIDH   0x000d80       data     extern C:\MCC18\src\extended\proc\p18F2680.asm
            RXF12SIDHbits   0x000d80       data     extern C:\MCC18\src\extended\proc\p18F2680.asm
                RXF12SIDL   0x000d81       data     extern C:\MCC18\src\extended\proc\p18F2680.asm
            RXF12SIDLbits   0x000d81       data     extern C:\MCC18\src\extended\proc\p18F2680.asm
                RXF13EIDH   0x000d86       data     extern C:\MCC18\src\extended\proc\p18F2680.asm
            RXF13EIDHbits   0x000d86       data     extern C:\MCC18\src\extended\proc\p18F2680.asm
                RXF13EIDL   0x000d87       data     extern C:\MCC18\src\extended\proc\p18F2680.asm
            RXF13EIDLbits   0x000d87       data     extern C:\MCC18\src\extended\proc\p18F2680.asm
                RXF13SIDH   0x000d84       data     extern C:\MCC18\src\extended\proc\p18F2680.asm
            RXF13SIDHbits   0x000d84       data     extern C:\MCC18\src\extended\proc\p18F2680.asm
                RXF13SIDL   0x000d85       data     extern C:\MCC18\src\extended\proc\p18F2680.asm
            RXF13SIDLbits   0x000d85       data     extern C:\MCC18\src\extended\proc\p18F2680.asm
                RXF14EIDH   0x000d8a       data     extern C:\MCC18\src\extended\proc\p18F2680.asm
            RXF14EIDHbits   0x000d8a       data     extern C:\MCC18\src\extended\proc\p18F2680.asm
                RXF14EIDL   0x000d8b       data     extern C:\MCC18\src\extended\proc\p18F2680.asm
            RXF14EIDLbits   0x000d8b       data     extern C:\MCC18\src\extended\proc\p18F2680.asm
                RXF14SIDH   0x000d88       data     extern C:\MCC18\src\extended\proc\p18F2680.asm
            RXF14SIDHbits   0x000d88       data     extern C:\MCC18\src\extended\proc\p18F2680.asm
                RXF14SIDL   0x000d89       data     extern C:\MCC18\src\extended\proc\p18F2680.asm
            RXF14SIDLbits   0x000d89       data     extern C:\MCC18\src\extended\proc\p18F2680.asm
                RXF15EIDH   0x000d92       data     extern C:\MCC18\src\extended\proc\p18F2680.asm
            RXF15EIDHbits   0x000d92       data     extern C:\MCC18\src\extended\proc\p18F2680.asm
                RXF15EIDL   0x000d93       data     extern C:\MCC18\src\extended\proc\p18F2680.asm
            RXF15EIDLbits   0x000d93       data     extern C:\MCC18\src\extended\proc\p18F2680.asm
                RXF15SIDH   0x000d90       data     extern C:\MCC18\src\extended\proc\p18F2680.asm
            RXF15SIDHbits   0x000d90       data     extern C:\MCC18\src\extended\proc\p18F2680.asm
                RXF15SIDL   0x000d91       data     extern C:\MCC18\src\extended\proc\p18F2680.asm
            RXF15SIDLbits   0x000d91       data     extern C:\MCC18\src\extended\proc\p18F2680.asm
[...]
                  RXB0DLC   0x000f65       data     extern C:\MCC18\src\extended\proc\p18F2680.asm
               RXB0D0bits   0x000f66       data     extern C:\MCC18\src\extended\proc\p18F2680.asm
                   RXB0D0   0x000f66       data     extern C:\MCC18\src\extended\proc\p18F2680.asm
               RXB0D1bits   0x000f67       data     extern C:\MCC18\src\extended\proc\p18F2680.asm
                   RXB0D1   0x000f67       data     extern C:\MCC18\src\extended\proc\p18F2680.asm
               RXB0D2bits   0x000f68       data     extern C:\MCC18\src\extended\proc\p18F2680.asm
                   RXB0D2   0x000f68       data     extern C:\MCC18\src\extended\proc\p18F2680.asm
                   RXB0D3   0x000f69       data     extern C:\MCC18\src\extended\proc\p18F2680.asm
               RXB0D3bits   0x000f69       data     extern C:\MCC18\src\extended\proc\p18F2680.asm
                   RXB0D4   0x000f6a       data     extern C:\MCC18\src\extended\proc\p18F2680.asm
               RXB0D4bits   0x000f6a       data     extern C:\MCC18\src\extended\proc\p18F2680.asm
                   RXB0D5   0x000f6b       data     extern C:\MCC18\src\extended\proc\p18F2680.asm
               RXB0D5bits   0x000f6b       data     extern C:\MCC18\src\extended\proc\p18F2680.asm
                   RXB0D6   0x000f6c       data     extern C:\MCC18\src\extended\proc\p18F2680.asm
               RXB0D6bits   0x000f6c       data     extern C:\MCC18\src\extended\proc\p18F2680.asm
               RXB0D7bits   0x000f6d       data     extern C:\MCC18\src\extended\proc\p18F2680.asm
                   RXB0D7   0x000f6d       data     extern C:\MCC18\src\extended\proc\p18F2680.asm
              CANSTATbits   0x000f6e       data     extern C:\MCC18\src\extended\proc\p18F2680.asm
                  CANSTAT   0x000f6e       data     extern C:\MCC18\src\extended\proc\p18F2680.asm
                   CANCON   0x000f6f       data     extern C:\MCC18\src\extended\proc\p18F2680.asm
               CANCONbits   0x000f6f       data     extern C:\MCC18\src\extended\proc\p18F2680.asm
              BRGCON1bits   0x000f70       data     extern C:\MCC18\src\extended\proc\p18F2680.asm
                  BRGCON1   0x000f70       data     extern C:\MCC18\src\extended\proc\p18F2680.asm
              BRGCON2bits   0x000f71       data     extern C:\MCC18\src\extended\proc\p18F2680.asm
                  BRGCON2   0x000f71       data     extern C:\MCC18\src\extended\proc\p18F2680.asm
              BRGCON3bits   0x000f72       data     extern C:\MCC18\src\extended\proc\p18F2680.asm
                  BRGCON3   0x000f72       data     extern C:\MCC18\src\extended\proc\p18F2680.asm
               CIOCONbits   0x000f73       data     extern C:\MCC18\src\extended\proc\p18F2680.asm
                   CIOCON   0x000f73       data     extern C:\MCC18\src\extended\proc\p18F2680.asm
              COMSTATbits   0x000f74       data     extern C:\MCC18\src\extended\proc\p18F2680.asm
                  COMSTAT   0x000f74       data     extern C:\MCC18\src\extended\proc\p18F2680.asm
                 RXERRCNT   0x000f75       data     extern C:\MCC18\src\extended\proc\p18F2680.asm
             RXERRCNTbits   0x000f75       data     extern C:\MCC18\src\extended\proc\p18F2680.asm
             TXERRCNTbits   0x000f76       data     extern C:\MCC18\src\extended\proc\p18F2680.asm
                 TXERRCNT   0x000f76       data     extern C:\MCC18\src\extended\proc\p18F2680.asm
                  ECANCON   0x000f77       data     extern C:\MCC18\src\extended\proc\p18F2680.asm
              ECANCONbits   0x000f77       data     extern C:\MCC18\src\extended\proc\p18F2680.asm
                    PORTA   0x000f80       data     extern C:\MCC18\src\extended\proc\p18F2680.asm
                PORTAbits   0x000f80       data     extern C:\MCC18\src\extended\proc\p18F2680.asm
                    PORTB   0x000f81       data     extern C:\MCC18\src\extended\proc\p18F2680.asm
                PORTBbits   0x000f81       data     extern C:\MCC18\src\extended\proc\p18F2680.asm
                    PORTC   0x000f82       data     extern C:\MCC18\src\extended\proc\p18F2680.asm
                PORTCbits   0x000f82       data     extern C:\MCC18\src\extended\proc\p18F2680.asm
                PORTEbits   0x000f84       data     extern C:\MCC18\src\extended\proc\p18F2680.asm
                    PORTE   0x000f84       data     extern C:\MCC18\src\extended\proc\p18F2680.asm
                 LATAbits   0x000f89       data     extern C:\MCC18\src\extended\proc\p18F2680.asm
                     LATA   0x000f89       data     extern C:\MCC18\src\extended\proc\p18F2680.asm
                 LATBbits   0x000f8a       data     extern C:\MCC18\src\extended\proc\p18F2680.asm
                     LATB   0x000f8a       data     extern C:\MCC18\src\extended\proc\p18F2680.asm
                     LATC   0x000f8b       data     extern C:\MCC18\src\extended\proc\p18F2680.asm
                 LATCbits   0x000f8b       data     extern C:\MCC18\src\extended\proc\p18F2680.asm
                TRISAbits   0x000f92       data     extern C:\MCC18\src\extended\proc\p18F2680.asm
                    TRISA   0x000f92       data     extern C:\MCC18\src\extended\proc\p18F2680.asm
                 DDRAbits   0x000f92       data     extern C:\MCC18\src\extended\proc\p18F2680.asm
                     DDRA   0x000f92       data     extern C:\MCC18\src\extended\proc\p18F2680.asm
                TRISBbits   0x000f93       data     extern C:\MCC18\src\extended\proc\p18F2680.asm
                    TRISB   0x000f93       data     extern C:\MCC18\src\extended\proc\p18F2680.asm
                 DDRBbits   0x000f93       data     extern C:\MCC18\src\extended\proc\p18F2680.asm
                     DDRB   0x000f93       data     extern C:\MCC18\src\extended\proc\p18F2680.asm
                TRISCbits   0x000f94       data     extern C:\MCC18\src\extended\proc\p18F2680.asm
                     DDRC   0x000f94       data     extern C:\MCC18\src\extended\proc\p18F2680.asm
                 DDRCbits   0x000f94       data     extern C:\MCC18\src\extended\proc\p18F2680.asm
                    TRISC   0x000f94       data     extern C:\MCC18\src\extended\proc\p18F2680.asm
                  OSCTUNE   0x000f9b       data     extern C:\MCC18\src\extended\proc\p18F2680.asm
              OSCTUNEbits   0x000f9b       data     extern C:\MCC18\src\extended\proc\p18F2680.asm
                 PIE1bits   0x000f9d       data     extern C:\MCC18\src\extended\proc\p18F2680.asm
                     PIE1   0x000f9d       data     extern C:\MCC18\src\extended\proc\p18F2680.asm
                 PIR1bits   0x000f9e       data     extern C:\MCC18\src\extended\proc\p18F2680.asm
                     PIR1   0x000f9e       data     extern C:\MCC18\src\extended\proc\p18F2680.asm
                 IPR1bits   0x000f9f       data     extern C:\MCC18\src\extended\proc\p18F2680.asm
                     IPR1   0x000f9f       data     extern C:\MCC18\src\extended\proc\p18F2680.asm
                 PIE2bits   0x000fa0       data     extern C:\MCC18\src\extended\proc\p18F2680.asm
                     PIE2   0x000fa0       data     extern C:\MCC18\src\extended\proc\p18F2680.asm
                 PIR2bits   0x000fa1       data     extern C:\MCC18\src\extended\proc\p18F2680.asm
                     PIR2   0x000fa1       data     extern C:\MCC18\src\extended\proc\p18F2680.asm
                 IPR2bits   0x000fa2       data     extern C:\MCC18\src\extended\proc\p18F2680.asm
                     IPR2   0x000fa2       data     extern C:\MCC18\src\extended\proc\p18F2680.asm
                 PIE3bits   0x000fa3       data     extern C:\MCC18\src\extended\proc\p18F2680.asm
                     PIE3   0x000fa3       data     extern C:\MCC18\src\extended\proc\p18F2680.asm
                 PIR3bits   0x000fa4       data     extern C:\MCC18\src\extended\proc\p18F2680.asm
                     PIR3   0x000fa4       data     extern C:\MCC18\src\extended\proc\p18F2680.asm
                     IPR3   0x000fa5       data     extern C:\MCC18\src\extended\proc\p18F2680.asm
                 IPR3bits   0x000fa5       data     extern C:\MCC18\src\extended\proc\p18F2680.asm
               EECON1bits   0x000fa6       data     extern C:\MCC18\src\extended\proc\p18F2680.asm
                   EECON1   0x000fa6       data     extern C:\MCC18\src\extended\proc\p18F2680.asm
                   EECON2   0x000fa7       data     extern C:\MCC18\src\extended\proc\p18F2680.asm
                   EEDATA   0x000fa8       data     extern C:\MCC18\src\extended\proc\p18F2680.asm
                    EEADR   0x000fa9       data     extern C:\MCC18\src\extended\proc\p18F2680.asm
                   EEADRH   0x000faa       data     extern C:\MCC18\src\extended\proc\p18F2680.asm
                    RCSTA   0x000fab       data     extern C:\MCC18\src\extended\proc\p18F2680.asm
                RCSTAbits   0x000fab       data     extern C:\MCC18\src\extended\proc\p18F2680.asm
                    TXSTA   0x000fac       data     extern C:\MCC18\src\extended\proc\p18F2680.asm
                TXSTAbits   0x000fac       data     extern C:\MCC18\src\extended\proc\p18F2680.asm
                    TXREG   0x000fad       data     extern C:\MCC18\src\extended\proc\p18F2680.asm
                    RCREG   0x000fae       data     extern C:\MCC18\src\extended\proc\p18F2680.asm
                    SPBRG   0x000faf       data     extern C:\MCC18\src\extended\proc\p18F2680.asm
                   SPBRGH   0x000fb0       data     extern C:\MCC18\src\extended\proc\p18F2680.asm
                T3CONbits   0x000fb1       data     extern C:\MCC18\src\extended\proc\p18F2680.asm
                    T3CON   0x000fb1       data     extern C:\MCC18\src\extended\proc\p18F2680.asm
                    TMR3L   0x000fb2       data     extern C:\MCC18\src\extended\proc\p18F2680.asm
                    TMR3H   0x000fb3       data     extern C:\MCC18\src\extended\proc\p18F2680.asm
              BAUDCONbits   0x000fb8       data     extern C:\MCC18\src\extended\proc\p18F2680.asm
                  BAUDCON   0x000fb8       data     extern C:\MCC18\src\extended\proc\p18F2680.asm
                  CCP1CON   0x000fbd       data     extern C:\MCC18\src\extended\proc\p18F2680.asm
              CCP1CONbits   0x000fbd       data     extern C:\MCC18\src\extended\proc\p18F2680.asm
                   CCPR1L   0x000fbe       data     extern C:\MCC18\src\extended\proc\p18F2680.asm
                    CCPR1   0x000fbe       data     extern C:\MCC18\src\extended\proc\p18F2680.asm
                   CCPR1H   0x000fbf       data     extern C:\MCC18\src\extended\proc\p18F2680.asm
               ADCON2bits   0x000fc0       data     extern C:\MCC18\src\extended\proc\p18F2680.asm
                   ADCON2   0x000fc0       data     extern C:\MCC18\src\extended\proc\p18F2680.asm
                   ADCON1   0x000fc1       data     extern C:\MCC18\src\extended\proc\p18F2680.asm
               ADCON1bits   0x000fc1       data     extern C:\MCC18\src\extended\proc\p18F2680.asm
               ADCON0bits   0x000fc2       data     extern C:\MCC18\src\extended\proc\p18F2680.asm
                   ADCON0   0x000fc2       data     extern C:\MCC18\src\extended\proc\p18F2680.asm
                    ADRES   0x000fc3       data     extern C:\MCC18\src\extended\proc\p18F2680.asm
                   ADRESL   0x000fc3       data     extern C:\MCC18\src\extended\proc\p18F2680.asm
                   ADRESH   0x000fc4       data     extern C:\MCC18\src\extended\proc\p18F2680.asm
                  SSPCON2   0x000fc5       data     extern C:\MCC18\src\extended\proc\p18F2680.asm
              SSPCON2bits   0x000fc5       data     extern C:\MCC18\src\extended\proc\p18F2680.asm
                  SSPCON1   0x000fc6       data     extern C:\MCC18\src\extended\proc\p18F2680.asm
              SSPCON1bits   0x000fc6       data     extern C:\MCC18\src\extended\proc\p18F2680.asm
              SSPSTATbits   0x000fc7       data     extern C:\MCC18\src\extended\proc\p18F2680.asm
                  SSPSTAT   0x000fc7       data     extern C:\MCC18\src\extended\proc\p18F2680.asm
                   SSPADD   0x000fc8       data     extern C:\MCC18\src\extended\proc\p18F2680.asm
                   SSPBUF   0x000fc9       data     extern C:\MCC18\src\extended\proc\p18F2680.asm
                T2CONbits   0x000fca       data     extern C:\MCC18\src\extended\proc\p18F2680.asm
                    T2CON   0x000fca       data     extern C:\MCC18\src\extended\proc\p18F2680.asm
                      PR2   0x000fcb       data     extern C:\MCC18\src\extended\proc\p18F2680.asm
                     TMR2   0x000fcc       data     extern C:\MCC18\src\extended\proc\p18F2680.asm
                    T1CON   0x000fcd       data     extern C:\MCC18\src\extended\proc\p18F2680.asm
                T1CONbits   0x000fcd       data     extern C:\MCC18\src\extended\proc\p18F2680.asm
                    TMR1L   0x000fce       data     extern C:\MCC18\src\extended\proc\p18F2680.asm
                    TMR1H   0x000fcf       data     extern C:\MCC18\src\extended\proc\p18F2680.asm
                     RCON   0x000fd0       data     extern C:\MCC18\src\extended\proc\p18F2680.asm
                 RCONbits   0x000fd0       data     extern C:\MCC18\src\extended\proc\p18F2680.asm
                   WDTCON   0x000fd1       data     extern C:\MCC18\src\extended\proc\p18F2680.asm
               WDTCONbits   0x000fd1       data     extern C:\MCC18\src\extended\proc\p18F2680.asm
                   LVDCON   0x000fd2       data     extern C:\MCC18\src\extended\proc\p18F2680.asm
               LVDCONbits   0x000fd2       data     extern C:\MCC18\src\extended\proc\p18F2680.asm
              HLVDCONbits   0x000fd2       data     extern C:\MCC18\src\extended\proc\p18F2680.asm
                  HLVDCON   0x000fd2       data     extern C:\MCC18\src\extended\proc\p18F2680.asm
                   OSCCON   0x000fd3       data     extern C:\MCC18\src\extended\proc\p18F2680.asm
               OSCCONbits   0x000fd3       data     extern C:\MCC18\src\extended\proc\p18F2680.asm
                    T0CON   0x000fd5       data     extern C:\MCC18\src\extended\proc\p18F2680.asm
                T0CONbits   0x000fd5       data     extern C:\MCC18\src\extended\proc\p18F2680.asm
                    TMR0L   0x000fd6       data     extern C:\MCC18\src\extended\proc\p18F2680.asm
                    TMR0H   0x000fd7       data     extern C:\MCC18\src\extended\proc\p18F2680.asm
                   STATUS   0x000fd8       data     extern C:\MCC18\src\extended\proc\p18F2680.asm
               STATUSbits   0x000fd8       data     extern C:\MCC18\src\extended\proc\p18F2680.asm
                    FSR2L   0x000fd9       data     extern C:\MCC18\src\extended\proc\p18F2680.asm
                     FSR2   0x000fd9       data     extern C:\MCC18\src\extended\proc\p18F2680.asm
                    FSR2H   0x000fda       data     extern C:\MCC18\src\extended\proc\p18F2680.asm
                   PLUSW2   0x000fdb       data     extern C:\MCC18\src\extended\proc\p18F2680.asm
                  PREINC2   0x000fdc       data     extern C:\MCC18\src\extended\proc\p18F2680.asm
                 POSTDEC2   0x000fdd       data     extern C:\MCC18\src\extended\proc\p18F2680.asm
                 POSTINC2   0x000fde       data     extern C:\MCC18\src\extended\proc\p18F2680.asm
                    INDF2   0x000fdf       data     extern C:\MCC18\src\extended\proc\p18F2680.asm
                      BSR   0x000fe0       data     extern C:\MCC18\src\extended\proc\p18F2680.asm
                    FSR1L   0x000fe1       data     extern C:\MCC18\src\extended\proc\p18F2680.asm
                     FSR1   0x000fe1       data     extern C:\MCC18\src\extended\proc\p18F2680.asm
                    FSR1H   0x000fe2       data     extern C:\MCC18\src\extended\proc\p18F2680.asm
                   PLUSW1   0x000fe3       data     extern C:\MCC18\src\extended\proc\p18F2680.asm
                  PREINC1   0x000fe4       data     extern C:\MCC18\src\extended\proc\p18F2680.asm
                 POSTDEC1   0x000fe5       data     extern C:\MCC18\src\extended\proc\p18F2680.asm
                 POSTINC1   0x000fe6       data     extern C:\MCC18\src\extended\proc\p18F2680.asm
                    INDF1   0x000fe7       data     extern C:\MCC18\src\extended\proc\p18F2680.asm
                     WREG   0x000fe8       data     extern C:\MCC18\src\extended\proc\p18F2680.asm
                     FSR0   0x000fe9       data     extern C:\MCC18\src\extended\proc\p18F2680.asm
                    FSR0L   0x000fe9       data     extern C:\MCC18\src\extended\proc\p18F2680.asm
                    FSR0H   0x000fea       data     extern C:\MCC18\src\extended\proc\p18F2680.asm
                   PLUSW0   0x000feb       data     extern C:\MCC18\src\extended\proc\p18F2680.asm
                  PREINC0   0x000fec       data     extern C:\MCC18\src\extended\proc\p18F2680.asm
                 POSTDEC0   0x000fed       data     extern C:\MCC18\src\extended\proc\p18F2680.asm
                 POSTINC0   0x000fee       data     extern C:\MCC18\src\extended\proc\p18F2680.asm
                    INDF0   0x000fef       data     extern C:\MCC18\src\extended\proc\p18F2680.asm
                  INTCON3   0x000ff0       data     extern C:\MCC18\src\extended\proc\p18F2680.asm
              INTCON3bits   0x000ff0       data     extern C:\MCC18\src\extended\proc\p18F2680.asm
              INTCON2bits   0x000ff1       data     extern C:\MCC18\src\extended\proc\p18F2680.asm
                  INTCON2   0x000ff1       data     extern C:\MCC18\src\extended\proc\p18F2680.asm
               INTCONbits   0x000ff2       data     extern C:\MCC18\src\extended\proc\p18F2680.asm
                   INTCON   0x000ff2       data     extern C:\MCC18\src\extended\proc\p18F2680.asm
                    PRODL   0x000ff3       data     extern C:\MCC18\src\extended\proc\p18F2680.asm
                     PROD   0x000ff3       data     extern C:\MCC18\src\extended\proc\p18F2680.asm
                    PRODH   0x000ff4       data     extern C:\MCC18\src\extended\proc\p18F2680.asm
                   TABLAT   0x000ff5       data     extern C:\MCC18\src\extended\proc\p18F2680.asm
                  TBLPTRL   0x000ff6       data     extern C:\MCC18\src\extended\proc\p18F2680.asm
                   TBLPTR   0x000ff6       data     extern C:\MCC18\src\extended\proc\p18F2680.asm
                  TBLPTRH   0x000ff7       data     extern C:\MCC18\src\extended\proc\p18F2680.asm
                  TBLPTRU   0x000ff8       data     extern C:\MCC18\src\extended\proc\p18F2680.asm
                      PCL   0x000ff9       data     extern C:\MCC18\src\extended\proc\p18F2680.asm
                       PC   0x000ff9       data     extern C:\MCC18\src\extended\proc\p18F2680.asm
                   PCLATH   0x000ffa       data     extern C:\MCC18\src\extended\proc\p18F2680.asm
                   PCLATU   0x000ffb       data     extern C:\MCC18\src\extended\proc\p18F2680.asm
               STKPTRbits   0x000ffc       data     extern C:\MCC18\src\extended\proc\p18F2680.asm
                   STKPTR   0x000ffc       data     extern C:\MCC18\src\extended\proc\p18F2680.asm
                     TOSL   0x000ffd       data     extern C:\MCC18\src\extended\proc\p18F2680.asm
                      TOS   0x000ffd       data     extern C:\MCC18\src\extended\proc\p18F2680.asm
                     TOSH   0x000ffe       data     extern C:\MCC18\src\extended\proc\p18F2680.asm
                     TOSU   0x000fff       data     extern C:\MCC18\src\extended\proc\p18F2680.asm


